Archive member included to satisfy reference by file (symbol)

c:/st/stm32cubeide_1.3.0/stm32cubeide/plugins/com.st.stm32cube.ide.mcu.externaltools.gnu-tools-for-stm32.7-2018-q2-update.win32_1.0.0.201904181610/tools/bin/../lib/gcc/arm-none-eabi/7.3.1/../../../../arm-none-eabi/lib/thumb/v7-m\libstdc++_nano.a(del_opv.o)
                              cpp/src/modbus.o (operator delete[](void*))
c:/st/stm32cubeide_1.3.0/stm32cubeide/plugins/com.st.stm32cube.ide.mcu.externaltools.gnu-tools-for-stm32.7-2018-q2-update.win32_1.0.0.201904181610/tools/bin/../lib/gcc/arm-none-eabi/7.3.1/../../../../arm-none-eabi/lib/thumb/v7-m\libstdc++_nano.a(new_opv.o)
                              cpp/src/modbus.o (operator new[](unsigned int))
c:/st/stm32cubeide_1.3.0/stm32cubeide/plugins/com.st.stm32cube.ide.mcu.externaltools.gnu-tools-for-stm32.7-2018-q2-update.win32_1.0.0.201904181610/tools/bin/../lib/gcc/arm-none-eabi/7.3.1/../../../../arm-none-eabi/lib/thumb/v7-m\libstdc++_nano.a(new_op.o)
                              c:/st/stm32cubeide_1.3.0/stm32cubeide/plugins/com.st.stm32cube.ide.mcu.externaltools.gnu-tools-for-stm32.7-2018-q2-update.win32_1.0.0.201904181610/tools/bin/../lib/gcc/arm-none-eabi/7.3.1/../../../../arm-none-eabi/lib/thumb/v7-m\libstdc++_nano.a(new_opv.o) (operator new(unsigned int))
c:/st/stm32cubeide_1.3.0/stm32cubeide/plugins/com.st.stm32cube.ide.mcu.externaltools.gnu-tools-for-stm32.7-2018-q2-update.win32_1.0.0.201904181610/tools/bin/../lib/gcc/arm-none-eabi/7.3.1/../../../../arm-none-eabi/lib/thumb/v7-m\libstdc++_nano.a(new_handler.o)
                              c:/st/stm32cubeide_1.3.0/stm32cubeide/plugins/com.st.stm32cube.ide.mcu.externaltools.gnu-tools-for-stm32.7-2018-q2-update.win32_1.0.0.201904181610/tools/bin/../lib/gcc/arm-none-eabi/7.3.1/../../../../arm-none-eabi/lib/thumb/v7-m\libstdc++_nano.a(new_op.o) (std::get_new_handler())
c:/st/stm32cubeide_1.3.0/stm32cubeide/plugins/com.st.stm32cube.ide.mcu.externaltools.gnu-tools-for-stm32.7-2018-q2-update.win32_1.0.0.201904181610/tools/bin/../lib/gcc/arm-none-eabi/7.3.1/../../../../arm-none-eabi/lib/thumb/v7-m\libstdc++_nano.a(del_op.o)
                              c:/st/stm32cubeide_1.3.0/stm32cubeide/plugins/com.st.stm32cube.ide.mcu.externaltools.gnu-tools-for-stm32.7-2018-q2-update.win32_1.0.0.201904181610/tools/bin/../lib/gcc/arm-none-eabi/7.3.1/../../../../arm-none-eabi/lib/thumb/v7-m\libstdc++_nano.a(del_opv.o) (operator delete(void*))
c:/st/stm32cubeide_1.3.0/stm32cubeide/plugins/com.st.stm32cube.ide.mcu.externaltools.gnu-tools-for-stm32.7-2018-q2-update.win32_1.0.0.201904181610/tools/bin/../lib/gcc/arm-none-eabi/7.3.1/../../../../arm-none-eabi/lib/thumb/v7-m\libc_nano.a(lib_a-abort.o)
                              c:/st/stm32cubeide_1.3.0/stm32cubeide/plugins/com.st.stm32cube.ide.mcu.externaltools.gnu-tools-for-stm32.7-2018-q2-update.win32_1.0.0.201904181610/tools/bin/../lib/gcc/arm-none-eabi/7.3.1/../../../../arm-none-eabi/lib/thumb/v7-m\libstdc++_nano.a(new_op.o) (abort)
c:/st/stm32cubeide_1.3.0/stm32cubeide/plugins/com.st.stm32cube.ide.mcu.externaltools.gnu-tools-for-stm32.7-2018-q2-update.win32_1.0.0.201904181610/tools/bin/../lib/gcc/arm-none-eabi/7.3.1/../../../../arm-none-eabi/lib/thumb/v7-m\libc_nano.a(lib_a-errno.o)
                              Core/Src/syscalls.o (__errno)
c:/st/stm32cubeide_1.3.0/stm32cubeide/plugins/com.st.stm32cube.ide.mcu.externaltools.gnu-tools-for-stm32.7-2018-q2-update.win32_1.0.0.201904181610/tools/bin/../lib/gcc/arm-none-eabi/7.3.1/../../../../arm-none-eabi/lib/thumb/v7-m\libc_nano.a(lib_a-exit.o)
                              c:/st/stm32cubeide_1.3.0/stm32cubeide/plugins/com.st.stm32cube.ide.mcu.externaltools.gnu-tools-for-stm32.7-2018-q2-update.win32_1.0.0.201904181610/tools/bin/../lib/gcc/arm-none-eabi/7.3.1/../../../../arm-none-eabi/lib/thumb/v7-m/crt0.o (exit)
c:/st/stm32cubeide_1.3.0/stm32cubeide/plugins/com.st.stm32cube.ide.mcu.externaltools.gnu-tools-for-stm32.7-2018-q2-update.win32_1.0.0.201904181610/tools/bin/../lib/gcc/arm-none-eabi/7.3.1/../../../../arm-none-eabi/lib/thumb/v7-m\libc_nano.a(lib_a-impure.o)
                              c:/st/stm32cubeide_1.3.0/stm32cubeide/plugins/com.st.stm32cube.ide.mcu.externaltools.gnu-tools-for-stm32.7-2018-q2-update.win32_1.0.0.201904181610/tools/bin/../lib/gcc/arm-none-eabi/7.3.1/../../../../arm-none-eabi/lib/thumb/v7-m\libc_nano.a(lib_a-exit.o) (_global_impure_ptr)
c:/st/stm32cubeide_1.3.0/stm32cubeide/plugins/com.st.stm32cube.ide.mcu.externaltools.gnu-tools-for-stm32.7-2018-q2-update.win32_1.0.0.201904181610/tools/bin/../lib/gcc/arm-none-eabi/7.3.1/../../../../arm-none-eabi/lib/thumb/v7-m\libc_nano.a(lib_a-init.o)
                              c:/st/stm32cubeide_1.3.0/stm32cubeide/plugins/com.st.stm32cube.ide.mcu.externaltools.gnu-tools-for-stm32.7-2018-q2-update.win32_1.0.0.201904181610/tools/bin/../lib/gcc/arm-none-eabi/7.3.1/../../../../arm-none-eabi/lib/thumb/v7-m/crt0.o (__libc_init_array)
[...]
Memory Configuration

Name             Origin             Length             Attributes
RAM              0x0000000020000000 0x0000000000005000 xrw
FLASH            0x0000000008000000 0x0000000000010000 xr
*default*        0x0000000000000000 0xffffffffffffffff

Linker script and memory map

LOAD c:/st/stm32cubeide_1.3.0/stm32cubeide/plugins/com.st.stm32cube.ide.mcu.externaltools.gnu-tools-for-stm32.7-2018-q2-update.win32_1.0.0.201904181610/tools/bin/../lib/gcc/arm-none-eabi/7.3.1/thumb/v7-m/crti.o
LOAD c:/st/stm32cubeide_1.3.0/stm32cubeide/plugins/com.st.stm32cube.ide.mcu.externaltools.gnu-tools-for-stm32.7-2018-q2-update.win32_1.0.0.201904181610/tools/bin/../lib/gcc/arm-none-eabi/7.3.1/thumb/v7-m/crtbegin.o
LOAD c:/st/stm32cubeide_1.3.0/stm32cubeide/plugins/com.st.stm32cube.ide.mcu.externaltools.gnu-tools-for-stm32.7-2018-q2-update.win32_1.0.0.201904181610/tools/bin/../lib/gcc/arm-none-eabi/7.3.1/../../../../arm-none-eabi/lib/thumb/v7-m/crt0.o
LOAD Core/Src/main.o
LOAD Core/Src/stm32f1xx_hal_msp.o
LOAD Core/Src/stm32f1xx_it.o
LOAD Core/Src/syscalls.o
LOAD Core/Src/sysmem.o
LOAD Core/Src/system_stm32f1xx.o
LOAD Core/Startup/startup_stm32f103c8tx.o
LOAD Drivers/STM32F1xx_HAL_Driver/Src/stm32f1xx_hal.o
LOAD Drivers/STM32F1xx_HAL_Driver/Src/stm32f1xx_hal_cortex.o
LOAD Drivers/STM32F1xx_HAL_Driver/Src/stm32f1xx_hal_dma.o
LOAD Drivers/STM32F1xx_HAL_Driver/Src/stm32f1xx_hal_exti.o
LOAD Drivers/STM32F1xx_HAL_Driver/Src/stm32f1xx_hal_flash.o
LOAD Drivers/STM32F1xx_HAL_Driver/Src/stm32f1xx_hal_flash_ex.o
LOAD Drivers/STM32F1xx_HAL_Driver/Src/stm32f1xx_hal_gpio.o
LOAD Drivers/STM32F1xx_HAL_Driver/Src/stm32f1xx_hal_gpio_ex.o
LOAD Drivers/STM32F1xx_HAL_Driver/Src/stm32f1xx_hal_pwr.o
LOAD Drivers/STM32F1xx_HAL_Driver/Src/stm32f1xx_hal_rcc.o
LOAD Drivers/STM32F1xx_HAL_Driver/Src/stm32f1xx_hal_rcc_ex.o
LOAD Drivers/STM32F1xx_HAL_Driver/Src/stm32f1xx_hal_tim.o
LOAD Drivers/STM32F1xx_HAL_Driver/Src/stm32f1xx_hal_tim_ex.o
LOAD Drivers/STM32F1xx_HAL_Driver/Src/stm32f1xx_hal_uart.o
LOAD cpp/src/main.o
LOAD cpp/src/modbus.o
LOAD cpp/src/mySerial.o
START GROUP
LOAD c:/st/stm32cubeide_1.3.0/stm32cubeide/plugins/com.st.stm32cube.ide.mcu.externaltools.gnu-tools-for-stm32.7-2018-q2-update.win32_1.0.0.201904181610/tools/bin/../lib/gcc/arm-none-eabi/7.3.1/../../../../arm-none-eabi/lib/thumb/v7-m\libstdc++_nano.a
LOAD c:/st/stm32cubeide_1.3.0/stm32cubeide/plugins/com.st.stm32cube.ide.mcu.externaltools.gnu-tools-for-stm32.7-2018-q2-update.win32_1.0.0.201904181610/tools/bin/../lib/gcc/arm-none-eabi/7.3.1/../../../../arm-none-eabi/lib/thumb/v7-m\libsupc++_nano.a
END GROUP
LOAD c:/st/stm32cubeide_1.3.0/stm32cubeide/plugins/com.st.stm32cube.ide.mcu.externaltools.gnu-tools-for-stm32.7-2018-q2-update.win32_1.0.0.201904181610/tools/bin/../lib/gcc/arm-none-eabi/7.3.1/../../../../arm-none-eabi/lib/thumb/v7-m\libstdc++_nano.a
LOAD c:/st/stm32cubeide_1.3.0/stm32cubeide/plugins/com.st.stm32cube.ide.mcu.externaltools.gnu-tools-for-stm32.7-2018-q2-update.win32_1.0.0.201904181610/tools/bin/../lib/gcc/arm-none-eabi/7.3.1/../../../../arm-none-eabi/lib/thumb/v7-m\libm.a
LOAD c:/st/stm32cubeide_1.3.0/stm32cubeide/plugins/com.st.stm32cube.ide.mcu.externaltools.gnu-tools-for-stm32.7-2018-q2-update.win32_1.0.0.201904181610/tools/bin/../lib/gcc/arm-none-eabi/7.3.1/../../../../arm-none-eabi/lib/thumb/v7-m\libc_nano.a
START GROUP
LOAD c:/st/stm32cubeide_1.3.0/stm32cubeide/plugins/com.st.stm32cube.ide.mcu.externaltools.gnu-tools-for-stm32.7-2018-q2-update.win32_1.0.0.201904181610/tools/bin/../lib/gcc/arm-none-eabi/7.3.1/thumb/v7-m\libgcc.a
LOAD c:/st/stm32cubeide_1.3.0/stm32cubeide/plugins/com.st.stm32cube.ide.mcu.externaltools.gnu-tools-for-stm32.7-2018-q2-update.win32_1.0.0.201904181610/tools/bin/../lib/gcc/arm-none-eabi/7.3.1/../../../../arm-none-eabi/lib/thumb/v7-m\libc_nano.a
END GROUP
START GROUP
LOAD c:/st/stm32cubeide_1.3.0/stm32cubeide/plugins/com.st.stm32cube.ide.mcu.externaltools.gnu-tools-for-stm32.7-2018-q2-update.win32_1.0.0.201904181610/tools/bin/../lib/gcc/arm-none-eabi/7.3.1/thumb/v7-m\libgcc.a
LOAD c:/st/stm32cubeide_1.3.0/stm32cubeide/plugins/com.st.stm32cube.ide.mcu.externaltools.gnu-tools-for-stm32.7-2018-q2-update.win32_1.0.0.201904181610/tools/bin/../lib/gcc/arm-none-eabi/7.3.1/../../../../arm-none-eabi/lib/thumb/v7-m\libc_nano.a
LOAD c:/st/stm32cubeide_1.3.0/stm32cubeide/plugins/com.st.stm32cube.ide.mcu.externaltools.gnu-tools-for-stm32.7-2018-q2-update.win32_1.0.0.201904181610/tools/bin/../lib/gcc/arm-none-eabi/7.3.1/../../../../arm-none-eabi/lib/thumb/v7-m\libnosys.a
END GROUP
START GROUP
LOAD c:/st/stm32cubeide_1.3.0/stm32cubeide/plugins/com.st.stm32cube.ide.mcu.externaltools.gnu-tools-for-stm32.7-2018-q2-update.win32_1.0.0.201904181610/tools/bin/../lib/gcc/arm-none-eabi/7.3.1/thumb/v7-m\libgcc.a
LOAD c:/st/stm32cubeide_1.3.0/stm32cubeide/plugins/com.st.stm32cube.ide.mcu.externaltools.gnu-tools-for-stm32.7-2018-q2-update.win32_1.0.0.201904181610/tools/bin/../lib/gcc/arm-none-eabi/7.3.1/../../../../arm-none-eabi/lib/thumb/v7-m\libc_nano.a
LOAD c:/st/stm32cubeide_1.3.0/stm32cubeide/plugins/com.st.stm32cube.ide.mcu.externaltools.gnu-tools-for-stm32.7-2018-q2-update.win32_1.0.0.201904181610/tools/bin/../lib/gcc/arm-none-eabi/7.3.1/../../../../arm-none-eabi/lib/thumb/v7-m\libnosys.a
END GROUP
LOAD c:/st/stm32cubeide_1.3.0/stm32cubeide/plugins/com.st.stm32cube.ide.mcu.externaltools.gnu-tools-for-stm32.7-2018-q2-update.win32_1.0.0.201904181610/tools/bin/../lib/gcc/arm-none-eabi/7.3.1/thumb/v7-m/crtend.o
LOAD c:/st/stm32cubeide_1.3.0/stm32cubeide/plugins/com.st.stm32cube.ide.mcu.externaltools.gnu-tools-for-stm32.7-2018-q2-update.win32_1.0.0.201904181610/tools/bin/../lib/gcc/arm-none-eabi/7.3.1/thumb/v7-m/crtn.o
                0x0000000020005000                _estack = (ORIGIN (RAM) + LENGTH (RAM))
                0x0000000000000200                _Min_Heap_Size = 0x200
                0x0000000000000400                _Min_Stack_Size = 0x400

.isr_vector     0x0000000008000000      0x10c
                0x0000000008000000                . = ALIGN (0x4)
 *(.isr_vector)
 .isr_vector    0x0000000008000000      0x10c Core/Startup/startup_stm32f103c8tx.o
                0x0000000008000000                g_pfnVectors
                0x000000000800010c                . = ALIGN (0x4)

.text           0x000000000800010c     0x2b78
                0x000000000800010c                . = ALIGN (0x4)
 *(.text)
 .text          0x000000000800010c       0x40 c:/st/stm32cubeide_1.3.0/stm32cubeide/plugins/com.st.stm32cube.ide.mcu.externaltools.gnu-tools-for-stm32.7-2018-q2-update.win32_1.0.0.201904181610/tools/bin/../lib/gcc/arm-none-eabi/7.3.1/thumb/v7-m/crtbegin.o
 *(.text*)
 .text.main     0x000000000800014c       0x26 Core/Src/main.o
                0x000000000800014c                main
 .text.SystemClock_Config
                0x0000000008000172       0x8a Core/Src/main.o
                0x0000000008000172                SystemClock_Config
 .text.MX_USART2_UART_Init
                0x00000000080001fc       0x54 Core/Src/main.o
 .text.MX_USART3_UART_Init
                0x0000000008000250       0x54 Core/Src/main.o
 .text.MX_DMA_Init
                0x00000000080002a4       0x6c Core/Src/main.o
 .text.MX_GPIO_Init
                0x0000000008000310       0xb0 Core/Src/main.o
 .text.HAL_UART_TxCpltCallback
                0x00000000080003c0       0x16 Core/Src/main.o
                0x00000000080003c0                HAL_UART_TxCpltCallback
 .text.HAL_UART_RxCpltCallback
                0x00000000080003d6       0x16 Core/Src/main.o
                0x00000000080003d6                HAL_UART_RxCpltCallback
 .text.Error_Handler
                0x00000000080003ec        0xc Core/Src/main.o
                0x00000000080003ec                Error_Handler
 .text.HAL_MspInit
                0x00000000080003f8       0x64 Core/Src/stm32f1xx_hal_msp.o
                0x00000000080003f8                HAL_MspInit
 .text.HAL_UART_MspInit
                0x000000000800045c      0x25c Core/Src/stm32f1xx_hal_msp.o
                0x000000000800045c                HAL_UART_MspInit
 .text.NMI_Handler
                0x00000000080006b8        0xc Core/Src/stm32f1xx_it.o
                0x00000000080006b8                NMI_Handler
 .text.HardFault_Handler
                0x00000000080006c4        0x6 Core/Src/stm32f1xx_it.o
                0x00000000080006c4                HardFault_Handler
 .text.MemManage_Handler
                0x00000000080006ca        0x6 Core/Src/stm32f1xx_it.o
                0x00000000080006ca                MemManage_Handler
 .text.BusFault_Handler
                0x00000000080006d0        0x6 Core/Src/stm32f1xx_it.o
                0x00000000080006d0                BusFault_Handler
 .text.UsageFault_Handler
                0x00000000080006d6        0x6 Core/Src/stm32f1xx_it.o
                0x00000000080006d6                UsageFault_Handler
 .text.SVC_Handler
                0x00000000080006dc        0xc Core/Src/stm32f1xx_it.o
                0x00000000080006dc                SVC_Handler
 .text.DebugMon_Handler
                0x00000000080006e8        0xc Core/Src/stm32f1xx_it.o
                0x00000000080006e8                DebugMon_Handler
 .text.PendSV_Handler
                0x00000000080006f4        0xc Core/Src/stm32f1xx_it.o
                0x00000000080006f4                PendSV_Handler
 .text.SysTick_Handler
                0x0000000008000700        0xc Core/Src/stm32f1xx_it.o
                0x0000000008000700                SysTick_Handler
 .text.DMA1_Channel2_IRQHandler
                0x000000000800070c       0x14 Core/Src/stm32f1xx_it.o
                0x000000000800070c                DMA1_Channel2_IRQHandler
 .text.DMA1_Channel3_IRQHandler
                0x0000000008000720       0x14 Core/Src/stm32f1xx_it.o
                0x0000000008000720                DMA1_Channel3_IRQHandler
 .text.DMA1_Channel6_IRQHandler
                0x0000000008000734       0x14 Core/Src/stm32f1xx_it.o
                0x0000000008000734                DMA1_Channel6_IRQHandler
 .text.DMA1_Channel7_IRQHandler
                0x0000000008000748       0x14 Core/Src/stm32f1xx_it.o
                0x0000000008000748                DMA1_Channel7_IRQHandler
 .text._getpid  0x000000000800075c        0xe Core/Src/syscalls.o
                0x000000000800075c                _getpid
 .text._kill    0x000000000800076a       0x20 Core/Src/syscalls.o
                0x000000000800076a                _kill
 .text._exit    0x000000000800078a       0x14 Core/Src/syscalls.o
                0x000000000800078a                _exit
 *fill*         0x000000000800079e        0x2 
 .text._sbrk    0x00000000080007a0       0x58 Core/Src/sysmem.o
                0x00000000080007a0                _sbrk
 .text.SystemInit
                0x00000000080007f8       0x68 Core/Src/system_stm32f1xx.o
                0x00000000080007f8                SystemInit
 .text.Reset_Handler
                0x0000000008000860       0x48 Core/Startup/startup_stm32f103c8tx.o
                0x0000000008000860                Reset_Handler
 .text.Default_Handler
                0x00000000080008a8        0x2 Core/Startup/startup_stm32f103c8tx.o
                0x00000000080008a8                RTC_Alarm_IRQHandler
                0x00000000080008a8                EXTI2_IRQHandler
                0x00000000080008a8                TIM1_CC_IRQHandler
                0x00000000080008a8                PVD_IRQHandler
                0x00000000080008a8                EXTI3_IRQHandler
                0x00000000080008a8                EXTI0_IRQHandler
                0x00000000080008a8                I2C2_EV_IRQHandler
                0x00000000080008a8                ADC1_2_IRQHandler
                0x00000000080008a8                SPI1_IRQHandler
                0x00000000080008a8                TAMPER_IRQHandler
                0x00000000080008a8                DMA1_Channel4_IRQHandler
                0x00000000080008a8                USART3_IRQHandler
                0x00000000080008a8                RTC_IRQHandler
                0x00000000080008a8                CAN1_RX1_IRQHandler
                0x00000000080008a8                TIM4_IRQHandler
                0x00000000080008a8                I2C1_EV_IRQHandler
                0x00000000080008a8                TIM3_IRQHandler
                0x00000000080008a8                RCC_IRQHandler
                0x00000000080008a8                TIM1_TRG_COM_IRQHandler
                0x00000000080008a8                DMA1_Channel1_IRQHandler
                0x00000000080008a8                Default_Handler
                0x00000000080008a8                EXTI15_10_IRQHandler
                0x00000000080008a8                EXTI9_5_IRQHandler
                0x00000000080008a8                SPI2_IRQHandler
                0x00000000080008a8                DMA1_Channel5_IRQHandler
                0x00000000080008a8                EXTI4_IRQHandler
                0x00000000080008a8                USB_LP_CAN1_RX0_IRQHandler
                0x00000000080008a8                USB_HP_CAN1_TX_IRQHandler
                0x00000000080008a8                TIM1_UP_IRQHandler
                0x00000000080008a8                WWDG_IRQHandler
                0x00000000080008a8                TIM2_IRQHandler
                0x00000000080008a8                TIM1_BRK_IRQHandler
                0x00000000080008a8                EXTI1_IRQHandler
                0x00000000080008a8                USART2_IRQHandler
                0x00000000080008a8                I2C2_ER_IRQHandler
                0x00000000080008a8                CAN1_SCE_IRQHandler
                0x00000000080008a8                FLASH_IRQHandler
                0x00000000080008a8                USART1_IRQHandler
                0x00000000080008a8                I2C1_ER_IRQHandler
                0x00000000080008a8                USBWakeUp_IRQHandler
 *fill*         0x00000000080008aa        0x2 
 .text.HAL_Init
                0x00000000080008ac       0x2c Drivers/STM32F1xx_HAL_Driver/Src/stm32f1xx_hal.o
                0x00000000080008ac                HAL_Init
 .text.HAL_InitTick
                0x00000000080008d8       0x60 Drivers/STM32F1xx_HAL_Driver/Src/stm32f1xx_hal.o
                0x00000000080008d8                HAL_InitTick
 .text.HAL_IncTick
                0x0000000008000938       0x24 Drivers/STM32F1xx_HAL_Driver/Src/stm32f1xx_hal.o
                0x0000000008000938                HAL_IncTick
 .text.HAL_GetTick
                0x000000000800095c       0x14 Drivers/STM32F1xx_HAL_Driver/Src/stm32f1xx_hal.o
                0x000000000800095c                HAL_GetTick
 .text.__NVIC_SetPriorityGrouping
                0x0000000008000970       0x48 Drivers/STM32F1xx_HAL_Driver/Src/stm32f1xx_hal_cortex.o
 .text.__NVIC_GetPriorityGrouping
                0x00000000080009b8       0x1c Drivers/STM32F1xx_HAL_Driver/Src/stm32f1xx_hal_cortex.o
 .text.__NVIC_EnableIRQ
                0x00000000080009d4       0x38 Drivers/STM32F1xx_HAL_Driver/Src/stm32f1xx_hal_cortex.o
 .text.__NVIC_SetPriority
                0x0000000008000a0c       0x54 Drivers/STM32F1xx_HAL_Driver/Src/stm32f1xx_hal_cortex.o
 .text.NVIC_EncodePriority
                0x0000000008000a60       0x64 Drivers/STM32F1xx_HAL_Driver/Src/stm32f1xx_hal_cortex.o
 .text.SysTick_Config
                0x0000000008000ac4       0x44 Drivers/STM32F1xx_HAL_Driver/Src/stm32f1xx_hal_cortex.o
 .text.HAL_NVIC_SetPriorityGrouping
                0x0000000008000b08       0x16 Drivers/STM32F1xx_HAL_Driver/Src/stm32f1xx_hal_cortex.o
                0x0000000008000b08                HAL_NVIC_SetPriorityGrouping
 .text.HAL_NVIC_SetPriority
                0x0000000008000b1e       0x38 Drivers/STM32F1xx_HAL_Driver/Src/stm32f1xx_hal_cortex.o
                0x0000000008000b1e                HAL_NVIC_SetPriority
 .text.HAL_NVIC_EnableIRQ
                0x0000000008000b56       0x1c Drivers/STM32F1xx_HAL_Driver/Src/stm32f1xx_hal_cortex.o
                0x0000000008000b56                HAL_NVIC_EnableIRQ
 .text.HAL_SYSTICK_Config
                0x0000000008000b72       0x18 Drivers/STM32F1xx_HAL_Driver/Src/stm32f1xx_hal_cortex.o
                0x0000000008000b72                HAL_SYSTICK_Config
 *fill*         0x0000000008000b8a        0x2 
 .text.HAL_DMA_Init
                0x0000000008000b8c       0xb4 Drivers/STM32F1xx_HAL_Driver/Src/stm32f1xx_hal_dma.o
                0x0000000008000b8c                HAL_DMA_Init
 .text.HAL_DMA_Start_IT
                0x0000000008000c40       0xbe Drivers/STM32F1xx_HAL_Driver/Src/stm32f1xx_hal_dma.o
                0x0000000008000c40                HAL_DMA_Start_IT
 *fill*         0x0000000008000cfe        0x2 
 .text.HAL_DMA_Abort_IT
                0x0000000008000d00       0xec Drivers/STM32F1xx_HAL_Driver/Src/stm32f1xx_hal_dma.o
                0x0000000008000d00                HAL_DMA_Abort_IT
 .text.HAL_DMA_IRQHandler
                0x0000000008000dec      0x20c Drivers/STM32F1xx_HAL_Driver/Src/stm32f1xx_hal_dma.o
                0x0000000008000dec                HAL_DMA_IRQHandler
 .text.DMA_SetConfig
                0x0000000008000ff8       0x5a Drivers/STM32F1xx_HAL_Driver/Src/stm32f1xx_hal_dma.o
 *fill*         0x0000000008001052        0x2 
 .text.HAL_GPIO_Init
                0x0000000008001054      0x2b4 Drivers/STM32F1xx_HAL_Driver/Src/stm32f1xx_hal_gpio.o
                0x0000000008001054                HAL_GPIO_Init
 .text.HAL_GPIO_WritePin
                0x0000000008001308       0x30 Drivers/STM32F1xx_HAL_Driver/Src/stm32f1xx_hal_gpio.o
                0x0000000008001308                HAL_GPIO_WritePin
 .text.HAL_RCC_OscConfig
                0x0000000008001338      0x500 Drivers/STM32F1xx_HAL_Driver/Src/stm32f1xx_hal_rcc.o
                0x0000000008001338                HAL_RCC_OscConfig
 .text.HAL_RCC_ClockConfig
                0x0000000008001838      0x1d4 Drivers/STM32F1xx_HAL_Driver/Src/stm32f1xx_hal_rcc.o
                0x0000000008001838                HAL_RCC_ClockConfig
 .text.HAL_RCC_GetSysClockFreq
                0x0000000008001a0c       0xc4 Drivers/STM32F1xx_HAL_Driver/Src/stm32f1xx_hal_rcc.o
                0x0000000008001a0c                HAL_RCC_GetSysClockFreq
 .text.HAL_RCC_GetHCLKFreq
                0x0000000008001ad0       0x14 Drivers/STM32F1xx_HAL_Driver/Src/stm32f1xx_hal_rcc.o
                0x0000000008001ad0                HAL_RCC_GetHCLKFreq
 .text.HAL_RCC_GetPCLK1Freq
                0x0000000008001ae4       0x28 Drivers/STM32F1xx_HAL_Driver/Src/stm32f1xx_hal_rcc.o
                0x0000000008001ae4                HAL_RCC_GetPCLK1Freq
 .text.HAL_RCC_GetPCLK2Freq
                0x0000000008001b0c       0x28 Drivers/STM32F1xx_HAL_Driver/Src/stm32f1xx_hal_rcc.o
                0x0000000008001b0c                HAL_RCC_GetPCLK2Freq
 .text.RCC_Delay
                0x0000000008001b34       0x3c Drivers/STM32F1xx_HAL_Driver/Src/stm32f1xx_hal_rcc.o
 .text.HAL_UART_Init
                0x0000000008001b70       0x9a Drivers/STM32F1xx_HAL_Driver/Src/stm32f1xx_hal_uart.o
                0x0000000008001b70                HAL_UART_Init
 *fill*         0x0000000008001c0a        0x2 
 .text.HAL_UART_Transmit_DMA
                0x0000000008001c0c       0xd8 Drivers/STM32F1xx_HAL_Driver/Src/stm32f1xx_hal_uart.o
                0x0000000008001c0c                HAL_UART_Transmit_DMA
 .text.HAL_UART_Receive_DMA
                0x0000000008001ce4      0x100 Drivers/STM32F1xx_HAL_Driver/Src/stm32f1xx_hal_uart.o
                0x0000000008001ce4                HAL_UART_Receive_DMA
 .text.HAL_UART_AbortTransmit_IT
                0x0000000008001de4       0xa0 Drivers/STM32F1xx_HAL_Driver/Src/stm32f1xx_hal_uart.o
                0x0000000008001de4                HAL_UART_AbortTransmit_IT
 .text.HAL_UART_TxHalfCpltCallback
                0x0000000008001e84       0x12 Drivers/STM32F1xx_HAL_Driver/Src/stm32f1xx_hal_uart.o
                0x0000000008001e84                HAL_UART_TxHalfCpltCallback
 .text.HAL_UART_RxHalfCpltCallback
                0x0000000008001e96       0x12 Drivers/STM32F1xx_HAL_Driver/Src/stm32f1xx_hal_uart.o
                0x0000000008001e96                HAL_UART_RxHalfCpltCallback
 .text.HAL_UART_ErrorCallback
                0x0000000008001ea8       0x12 Drivers/STM32F1xx_HAL_Driver/Src/stm32f1xx_hal_uart.o
                0x0000000008001ea8                HAL_UART_ErrorCallback
 .text.HAL_UART_AbortTransmitCpltCallback
                0x0000000008001eba       0x12 Drivers/STM32F1xx_HAL_Driver/Src/stm32f1xx_hal_uart.o
                0x0000000008001eba                HAL_UART_AbortTransmitCpltCallback
 .text.UART_DMATransmitCplt
                0x0000000008001ecc       0x52 Drivers/STM32F1xx_HAL_Driver/Src/stm32f1xx_hal_uart.o
 .text.UART_DMATxHalfCplt
                0x0000000008001f1e       0x1c Drivers/STM32F1xx_HAL_Driver/Src/stm32f1xx_hal_uart.o
 .text.UART_DMAReceiveCplt
                0x0000000008001f3a       0x68 Drivers/STM32F1xx_HAL_Driver/Src/stm32f1xx_hal_uart.o
 .text.UART_DMARxHalfCplt
                0x0000000008001fa2       0x1c Drivers/STM32F1xx_HAL_Driver/Src/stm32f1xx_hal_uart.o
 .text.UART_DMAError
                0x0000000008001fbe       0x94 Drivers/STM32F1xx_HAL_Driver/Src/stm32f1xx_hal_uart.o
 .text.UART_EndTxTransfer
                0x0000000008002052       0x2a Drivers/STM32F1xx_HAL_Driver/Src/stm32f1xx_hal_uart.o
 .text.UART_EndRxTransfer
                0x000000000800207c       0x3a Drivers/STM32F1xx_HAL_Driver/Src/stm32f1xx_hal_uart.o
 .text.UART_DMATxOnlyAbortCallback
                0x00000000080020b6       0x2a Drivers/STM32F1xx_HAL_Driver/Src/stm32f1xx_hal_uart.o
 .text.UART_SetConfig
                0x00000000080020e0      0x1b4 Drivers/STM32F1xx_HAL_Driver/Src/stm32f1xx_hal_uart.o
 .text.setup    0x0000000008002294       0x44 cpp/src/main.o
                0x0000000008002294                setup
 .text.loop     0x00000000080022d8       0x1c cpp/src/main.o
                0x00000000080022d8                loop
 .text.data_received2
                0x00000000080022f4       0x20 cpp/src/main.o
                0x00000000080022f4                data_received2
 .text.modbus_received
                0x0000000008002314       0x2c cpp/src/main.o
                0x0000000008002314                modbus_received
 .text.UART_CallBack
                0x0000000008002340       0x44 cpp/src/main.o
                0x0000000008002340                UART_CallBack
 .text._Z41__static_initialization_and_destruction_0ii
                0x0000000008002384       0x38 cpp/src/main.o
 .text._GLOBAL__sub_I_Serial2
                0x00000000080023bc       0x10 cpp/src/main.o
 .text._ZN6modbusC2Ev
                0x00000000080023cc       0x26 cpp/src/modbus.o
                0x00000000080023cc                modbus::modbus()
                0x00000000080023cc                modbus::modbus()
 .text._ZN6modbus5beginEP20__UART_HandleTypeDefPFvPhiE
                0x00000000080023f2       0x36 cpp/src/modbus.o
                0x00000000080023f2                modbus::begin(__UART_HandleTypeDef*, void (*)(unsigned char*, int))
 .text._ZN6modbus6CRC_16EPhhS0_
                0x0000000008002428       0x90 cpp/src/modbus.o
                0x0000000008002428                modbus::CRC_16(unsigned char*, unsigned char, unsigned char*)
 .text._ZN6modbus7loopingEv
                0x00000000080024b8      0x1bc cpp/src/modbus.o
                0x00000000080024b8                modbus::looping()
 .text._ZN6modbus11send_packetEttPhi
                0x0000000008002674       0x8e cpp/src/modbus.o
                0x0000000008002674                modbus::send_packet(unsigned short, unsigned short, unsigned char*, int)
 .text._ZN6modbus15request_handlerEPhi
                0x0000000008002702       0x60 cpp/src/modbus.o
                0x0000000008002702                modbus::request_handler(unsigned char*, int)
 .text._ZN6modbus15buffer_overflowEv
                0x0000000008002762       0x18 cpp/src/modbus.o
                0x0000000008002762                modbus::buffer_overflow()
 .text._ZN8mySerialC2Ev
                0x000000000800277a       0x26 cpp/src/mySerial.o
                0x000000000800277a                mySerial::mySerial()
                0x000000000800277a                mySerial::mySerial()
 .text._ZN8mySerial5beginEP20__UART_HandleTypeDefttPFvPhiE
                0x00000000080027a0       0x68 cpp/src/mySerial.o
                0x00000000080027a0                mySerial::begin(__UART_HandleTypeDef*, unsigned short, unsigned short, void (*)(unsigned char*, int))
 .text._ZN8mySerial7loopingEv
                0x0000000008002808      0x16a cpp/src/mySerial.o
                0x0000000008002808                mySerial::looping()
 .text._ZN8mySerial15buffer_overflowEv
                0x0000000008002972       0x18 cpp/src/mySerial.o
                0x0000000008002972                mySerial::buffer_overflow()
 .text._ZdaPv   0x000000000800298a        0x4 c:/st/stm32cubeide_1.3.0/stm32cubeide/plugins/com.st.stm32cube.ide.mcu.externaltools.gnu-tools-for-stm32.7-2018-q2-update.win32_1.0.0.201904181610/tools/bin/../lib/gcc/arm-none-eabi/7.3.1/../../../../arm-none-eabi/lib/thumb/v7-m\libstdc++_nano.a(del_opv.o)
                0x000000000800298a                operator delete[](void*)
 .text._Znaj    0x000000000800298e        0x4 c:/st/stm32cubeide_1.3.0/stm32cubeide/plugins/com.st.stm32cube.ide.mcu.externaltools.gnu-tools-for-stm32.7-2018-q2-update.win32_1.0.0.201904181610/tools/bin/../lib/gcc/arm-none-eabi/7.3.1/../../../../arm-none-eabi/lib/thumb/v7-m\libstdc++_nano.a(new_opv.o)
                0x000000000800298e                operator new[](unsigned int)
 .text._Znwj    0x0000000008002992       0x22 c:/st/stm32cubeide_1.3.0/stm32cubeide/plugins/com.st.stm32cube.ide.mcu.externaltools.gnu-tools-for-stm32.7-2018-q2-update.win32_1.0.0.201904181610/tools/bin/../lib/gcc/arm-none-eabi/7.3.1/../../../../arm-none-eabi/lib/thumb/v7-m\libstdc++_nano.a(new_op.o)
                0x0000000008002992                operator new(unsigned int)
 .text._ZSt15get_new_handlerv
                0x00000000080029b4       0x10 c:/st/stm32cubeide_1.3.0/stm32cubeide/plugins/com.st.stm32cube.ide.mcu.externaltools.gnu-tools-for-stm32.7-2018-q2-update.win32_1.0.0.201904181610/tools/bin/../lib/gcc/arm-none-eabi/7.3.1/../../../../arm-none-eabi/lib/thumb/v7-m\libstdc++_nano.a(new_handler.o)
                0x00000000080029b4                std::get_new_handler()
 .text._ZdlPv   0x00000000080029c4        0x4 c:/st/stm32cubeide_1.3.0/stm32cubeide/plugins/com.st.stm32cube.ide.mcu.externaltools.gnu-tools-for-stm32.7-2018-q2-update.win32_1.0.0.201904181610/tools/bin/../lib/gcc/arm-none-eabi/7.3.1/../../../../arm-none-eabi/lib/thumb/v7-m\libstdc++_nano.a(del_op.o)
                0x00000000080029c4                operator delete(void*)
 .text.abort    0x00000000080029c8        0xe c:/st/stm32cubeide_1.3.0/stm32cubeide/plugins/com.st.stm32cube.ide.mcu.externaltools.gnu-tools-for-stm32.7-2018-q2-update.win32_1.0.0.201904181610/tools/bin/../lib/gcc/arm-none-eabi/7.3.1/../../../../arm-none-eabi/lib/thumb/v7-m\libc_nano.a(lib_a-abort.o)
                0x00000000080029c8                abort
 *fill*         0x00000000080029d6        0x2 
 .text.__errno  0x00000000080029d8        0xc c:/st/stm32cubeide_1.3.0/stm32cubeide/plugins/com.st.stm32cube.ide.mcu.externaltools.gnu-tools-for-stm32.7-2018-q2-update.win32_1.0.0.201904181610/tools/bin/../lib/gcc/arm-none-eabi/7.3.1/../../../../arm-none-eabi/lib/thumb/v7-m\libc_nano.a(lib_a-errno.o)
                0x00000000080029d8                __errno
 .text.__libc_init_array
                0x00000000080029e4       0x48 c:/st/stm32cubeide_1.3.0/stm32cubeide/plugins/com.st.stm32cube.ide.mcu.externaltools.gnu-tools-for-stm32.7-2018-q2-update.win32_1.0.0.201904181610/tools/bin/../lib/gcc/arm-none-eabi/7.3.1/../../../../arm-none-eabi/lib/thumb/v7-m\libc_nano.a(lib_a-init.o)
                0x00000000080029e4                __libc_init_array
 .text.malloc   0x0000000008002a2c       0x10 c:/st/stm32cubeide_1.3.0/stm32cubeide/plugins/com.st.stm32cube.ide.mcu.externaltools.gnu-tools-for-stm32.7-2018-q2-update.win32_1.0.0.201904181610/tools/bin/../lib/gcc/arm-none-eabi/7.3.1/../../../../arm-none-eabi/lib/thumb/v7-m\libc_nano.a(lib_a-malloc.o)
                0x0000000008002a2c                malloc
 .text.free     0x0000000008002a3c       0x10 c:/st/stm32cubeide_1.3.0/stm32cubeide/plugins/com.st.stm32cube.ide.mcu.externaltools.gnu-tools-for-stm32.7-2018-q2-update.win32_1.0.0.201904181610/tools/bin/../lib/gcc/arm-none-eabi/7.3.1/../../../../arm-none-eabi/lib/thumb/v7-m\libc_nano.a(lib_a-malloc.o)
                0x0000000008002a3c                free
 .text.memcpy   0x0000000008002a4c       0x16 c:/st/stm32cubeide_1.3.0/stm32cubeide/plugins/com.st.stm32cube.ide.mcu.externaltools.gnu-tools-for-stm32.7-2018-q2-update.win32_1.0.0.201904181610/tools/bin/../lib/gcc/arm-none-eabi/7.3.1/../../../../arm-none-eabi/lib/thumb/v7-m\libc_nano.a(lib_a-memcpy-stub.o)
                0x0000000008002a4c                memcpy
 .text.memset   0x0000000008002a62       0x10 c:/st/stm32cubeide_1.3.0/stm32cubeide/plugins/com.st.stm32cube.ide.mcu.externaltools.gnu-tools-for-stm32.7-2018-q2-update.win32_1.0.0.201904181610/tools/bin/../lib/gcc/arm-none-eabi/7.3.1/../../../../arm-none-eabi/lib/thumb/v7-m\libc_nano.a(lib_a-memset.o)
                0x0000000008002a62                memset
 *fill*         0x0000000008002a72        0x2 
 .text._free_r  0x0000000008002a74       0x98 c:/st/stm32cubeide_1.3.0/stm32cubeide/plugins/com.st.stm32cube.ide.mcu.externaltools.gnu-tools-for-stm32.7-2018-q2-update.win32_1.0.0.201904181610/tools/bin/../lib/gcc/arm-none-eabi/7.3.1/../../../../arm-none-eabi/lib/thumb/v7-m\libc_nano.a(lib_a-nano-freer.o)
                0x0000000008002a74                _free_r
 .text._malloc_r
                0x0000000008002b0c       0xb4 c:/st/stm32cubeide_1.3.0/stm32cubeide/plugins/com.st.stm32cube.ide.mcu.externaltools.gnu-tools-for-stm32.7-2018-q2-update.win32_1.0.0.201904181610/tools/bin/../lib/gcc/arm-none-eabi/7.3.1/../../../../arm-none-eabi/lib/thumb/v7-m\libc_nano.a(lib_a-nano-mallocr.o)
                0x0000000008002b0c                _malloc_r
 .text._sbrk_r  0x0000000008002bc0       0x20 c:/st/stm32cubeide_1.3.0/stm32cubeide/plugins/com.st.stm32cube.ide.mcu.externaltools.gnu-tools-for-stm32.7-2018-q2-update.win32_1.0.0.201904181610/tools/bin/../lib/gcc/arm-none-eabi/7.3.1/../../../../arm-none-eabi/lib/thumb/v7-m\libc_nano.a(lib_a-sbrkr.o)
                0x0000000008002bc0                _sbrk_r
 .text._raise_r
                0x0000000008002be0       0x50 c:/st/stm32cubeide_1.3.0/stm32cubeide/plugins/com.st.stm32cube.ide.mcu.externaltools.gnu-tools-for-stm32.7-2018-q2-update.win32_1.0.0.201904181610/tools/bin/../lib/gcc/arm-none-eabi/7.3.1/../../../../arm-none-eabi/lib/thumb/v7-m\libc_nano.a(lib_a-signal.o)
                0x0000000008002be0                _raise_r
 .text.raise    0x0000000008002c30       0x10 c:/st/stm32cubeide_1.3.0/stm32cubeide/plugins/com.st.stm32cube.ide.mcu.externaltools.gnu-tools-for-stm32.7-2018-q2-update.win32_1.0.0.201904181610/tools/bin/../lib/gcc/arm-none-eabi/7.3.1/../../../../arm-none-eabi/lib/thumb/v7-m\libc_nano.a(lib_a-signal.o)
                0x0000000008002c30                raise
 .text._kill_r  0x0000000008002c40       0x24 c:/st/stm32cubeide_1.3.0/stm32cubeide/plugins/com.st.stm32cube.ide.mcu.externaltools.gnu-tools-for-stm32.7-2018-q2-update.win32_1.0.0.201904181610/tools/bin/../lib/gcc/arm-none-eabi/7.3.1/../../../../arm-none-eabi/lib/thumb/v7-m\libc_nano.a(lib_a-signalr.o)
                0x0000000008002c40                _kill_r
 .text._getpid_r
                0x0000000008002c64        0x4 c:/st/stm32cubeide_1.3.0/stm32cubeide/plugins/com.st.stm32cube.ide.mcu.externaltools.gnu-tools-for-stm32.7-2018-q2-update.win32_1.0.0.201904181610/tools/bin/../lib/gcc/arm-none-eabi/7.3.1/../../../../arm-none-eabi/lib/thumb/v7-m\libc_nano.a(lib_a-signalr.o)
                0x0000000008002c64                _getpid_r
 .text.__malloc_lock
                0x0000000008002c68        0x2 c:/st/stm32cubeide_1.3.0/stm32cubeide/plugins/com.st.stm32cube.ide.mcu.externaltools.gnu-tools-for-stm32.7-2018-q2-update.win32_1.0.0.201904181610/tools/bin/../lib/gcc/arm-none-eabi/7.3.1/../../../../arm-none-eabi/lib/thumb/v7-m\libc_nano.a(lib_a-mlock.o)
                0x0000000008002c68                __malloc_lock
 .text.__malloc_unlock
                0x0000000008002c6a        0x2 c:/st/stm32cubeide_1.3.0/stm32cubeide/plugins/com.st.stm32cube.ide.mcu.externaltools.gnu-tools-for-stm32.7-2018-q2-update.win32_1.0.0.201904181610/tools/bin/../lib/gcc/arm-none-eabi/7.3.1/../../../../arm-none-eabi/lib/thumb/v7-m\libc_nano.a(lib_a-mlock.o)
                0x0000000008002c6a                __malloc_unlock
 *(.glue_7)
 .glue_7        0x0000000008002c6c        0x0 linker stubs
 *(.glue_7t)
 .glue_7t       0x0000000008002c6c        0x0 linker stubs
 *(.eh_frame)
 .eh_frame      0x0000000008002c6c        0x0 c:/st/stm32cubeide_1.3.0/stm32cubeide/plugins/com.st.stm32cube.ide.mcu.externaltools.gnu-tools-for-stm32.7-2018-q2-update.win32_1.0.0.201904181610/tools/bin/../lib/gcc/arm-none-eabi/7.3.1/thumb/v7-m/crtbegin.o
 *(.init)
 .init          0x0000000008002c6c        0x4 c:/st/stm32cubeide_1.3.0/stm32cubeide/plugins/com.st.stm32cube.ide.mcu.externaltools.gnu-tools-for-stm32.7-2018-q2-update.win32_1.0.0.201904181610/tools/bin/../lib/gcc/arm-none-eabi/7.3.1/thumb/v7-m/crti.o
                0x0000000008002c6c                _init
 .init          0x0000000008002c70        0x8 c:/st/stm32cubeide_1.3.0/stm32cubeide/plugins/com.st.stm32cube.ide.mcu.externaltools.gnu-tools-for-stm32.7-2018-q2-update.win32_1.0.0.201904181610/tools/bin/../lib/gcc/arm-none-eabi/7.3.1/thumb/v7-m/crtn.o
 *(.fini)
 .fini          0x0000000008002c78        0x4 c:/st/stm32cubeide_1.3.0/stm32cubeide/plugins/com.st.stm32cube.ide.mcu.externaltools.gnu-tools-for-stm32.7-2018-q2-update.win32_1.0.0.201904181610/tools/bin/../lib/gcc/arm-none-eabi/7.3.1/thumb/v7-m/crti.o
                0x0000000008002c78                _fini
 .fini          0x0000000008002c7c        0x8 c:/st/stm32cubeide_1.3.0/stm32cubeide/plugins/com.st.stm32cube.ide.mcu.externaltools.gnu-tools-for-stm32.7-2018-q2-update.win32_1.0.0.201904181610/tools/bin/../lib/gcc/arm-none-eabi/7.3.1/thumb/v7-m/crtn.o
                0x0000000008002c84                . = ALIGN (0x4)
                0x0000000008002c84                _etext = .

.vfp11_veneer   0x0000000008002c84        0x0
 .vfp11_veneer  0x0000000008002c84        0x0 linker stubs

.v4_bx          0x0000000008002c84        0x0
 .v4_bx         0x0000000008002c84        0x0 linker stubs

.iplt           0x0000000008002c84        0x0
 .iplt          0x0000000008002c84        0x0 c:/st/stm32cubeide_1.3.0/stm32cubeide/plugins/com.st.stm32cube.ide.mcu.externaltools.gnu-tools-for-stm32.7-2018-q2-update.win32_1.0.0.201904181610/tools/bin/../lib/gcc/arm-none-eabi/7.3.1/thumb/v7-m/crtbegin.o

.rodata         0x0000000008002c84       0x2c
                0x0000000008002c84                . = ALIGN (0x4)
 *(.rodata)
 .rodata        0x0000000008002c84       0x12 Drivers/STM32F1xx_HAL_Driver/Src/stm32f1xx_hal_rcc.o
 *(.rodata*)
 *fill*         0x0000000008002c96        0x2 
 .rodata.AHBPrescTable
                0x0000000008002c98       0x10 Core/Src/system_stm32f1xx.o
                0x0000000008002c98                AHBPrescTable
 .rodata.APBPrescTable
                0x0000000008002ca8        0x8 Core/Src/system_stm32f1xx.o
                0x0000000008002ca8                APBPrescTable
                0x0000000008002cb0                . = ALIGN (0x4)

.rel.dyn        0x0000000008002cb0        0x0
 .rel.iplt      0x0000000008002cb0        0x0 c:/st/stm32cubeide_1.3.0/stm32cubeide/plugins/com.st.stm32cube.ide.mcu.externaltools.gnu-tools-for-stm32.7-2018-q2-update.win32_1.0.0.201904181610/tools/bin/../lib/gcc/arm-none-eabi/7.3.1/thumb/v7-m/crtbegin.o

.ARM.extab      0x0000000008002cb0        0x0
                0x0000000008002cb0                . = ALIGN (0x4)
 *(.ARM.extab* .gnu.linkonce.armextab.*)
                0x0000000008002cb0                . = ALIGN (0x4)

.ARM            0x0000000008002cb0        0x0
                0x0000000008002cb0                . = ALIGN (0x4)
                0x0000000008002cb0                __exidx_start = .
 *(.ARM.exidx*)
                0x0000000008002cb0                __exidx_end = .
                0x0000000008002cb0                . = ALIGN (0x4)

.preinit_array  0x0000000008002cb0        0x0
                0x0000000008002cb0                . = ALIGN (0x4)
                0x0000000008002cb0                PROVIDE (__preinit_array_start = .)
 *(.preinit_array*)
                0x0000000008002cb0                PROVIDE (__preinit_array_end = .)
                0x0000000008002cb0                . = ALIGN (0x4)

.init_array     0x0000000008002cb0        0x8
                0x0000000008002cb0                . = ALIGN (0x4)
                0x0000000008002cb0                PROVIDE (__init_array_start = .)
 *(SORT_BY_NAME(.init_array.*))
 *(.init_array*)
 .init_array    0x0000000008002cb0        0x4 c:/st/stm32cubeide_1.3.0/stm32cubeide/plugins/com.st.stm32cube.ide.mcu.externaltools.gnu-tools-for-stm32.7-2018-q2-update.win32_1.0.0.201904181610/tools/bin/../lib/gcc/arm-none-eabi/7.3.1/thumb/v7-m/crtbegin.o
 .init_array    0x0000000008002cb4        0x4 cpp/src/main.o
                0x0000000008002cb8                PROVIDE (__init_array_end = .)
                0x0000000008002cb8                . = ALIGN (0x4)

.fini_array     0x0000000008002cb8        0x4
                0x0000000008002cb8                . = ALIGN (0x4)
                [!provide]                        PROVIDE (__fini_array_start = .)
 *(SORT_BY_NAME(.fini_array.*))
 *(.fini_array*)
 .fini_array    0x0000000008002cb8        0x4 c:/st/stm32cubeide_1.3.0/stm32cubeide/plugins/com.st.stm32cube.ide.mcu.externaltools.gnu-tools-for-stm32.7-2018-q2-update.win32_1.0.0.201904181610/tools/bin/../lib/gcc/arm-none-eabi/7.3.1/thumb/v7-m/crtbegin.o
                [!provide]                        PROVIDE (__fini_array_end = .)
                0x0000000008002cbc                . = ALIGN (0x4)
                0x0000000008002cbc                _sidata = LOADADDR (.data)

.data           0x0000000020000000       0x70 load address 0x0000000008002cbc
                0x0000000020000000                . = ALIGN (0x4)
                0x0000000020000000                _sdata = .
 *(.data)
 *(.data*)
 .data.SystemCoreClock
                0x0000000020000000        0x4 Core/Src/system_stm32f1xx.o
                0x0000000020000000                SystemCoreClock
 .data.uwTickPrio
                0x0000000020000004        0x4 Drivers/STM32F1xx_HAL_Driver/Src/stm32f1xx_hal.o
                0x0000000020000004                uwTickPrio
 .data.uwTickFreq
                0x0000000020000008        0x1 Drivers/STM32F1xx_HAL_Driver/Src/stm32f1xx_hal.o
                0x0000000020000008                uwTickFreq
 *fill*         0x0000000020000009        0x3 
 .data._impure_ptr
                0x000000002000000c        0x4 c:/st/stm32cubeide_1.3.0/stm32cubeide/plugins/com.st.stm32cube.ide.mcu.externaltools.gnu-tools-for-stm32.7-2018-q2-update.win32_1.0.0.201904181610/tools/bin/../lib/gcc/arm-none-eabi/7.3.1/../../../../arm-none-eabi/lib/thumb/v7-m\libc_nano.a(lib_a-impure.o)
                0x000000002000000c                _impure_ptr
 .data.impure_data
                0x0000000020000010       0x60 c:/st/stm32cubeide_1.3.0/stm32cubeide/plugins/com.st.stm32cube.ide.mcu.externaltools.gnu-tools-for-stm32.7-2018-q2-update.win32_1.0.0.201904181610/tools/bin/../lib/gcc/arm-none-eabi/7.3.1/../../../../arm-none-eabi/lib/thumb/v7-m\libc_nano.a(lib_a-impure.o)
                0x0000000020000070                . = ALIGN (0x4)
                0x0000000020000070                _edata = .

.igot.plt       0x0000000020000070        0x0 load address 0x0000000008002d2c
 .igot.plt      0x0000000020000070        0x0 c:/st/stm32cubeide_1.3.0/stm32cubeide/plugins/com.st.stm32cube.ide.mcu.externaltools.gnu-tools-for-stm32.7-2018-q2-update.win32_1.0.0.201904181610/tools/bin/../lib/gcc/arm-none-eabi/7.3.1/thumb/v7-m/crtbegin.o
                0x0000000020000070                . = ALIGN (0x4)

.bss            0x0000000020000070      0x444 load address 0x0000000008002d2c
                0x0000000020000070                _sbss = .
                0x0000000020000070                __bss_start__ = _sbss
 *(.bss)
 .bss           0x0000000020000070       0x1c c:/st/stm32cubeide_1.3.0/stm32cubeide/plugins/com.st.stm32cube.ide.mcu.externaltools.gnu-tools-for-stm32.7-2018-q2-update.win32_1.0.0.201904181610/tools/bin/../lib/gcc/arm-none-eabi/7.3.1/thumb/v7-m/crtbegin.o
 *(.bss*)
 .bss.heap_end.5149
                0x000000002000008c        0x4 Core/Src/sysmem.o
 .bss.Serial2   0x0000000020000090      0x140 cpp/src/main.o
                0x0000000020000090                Serial2
 .bss.modbus1   0x00000000200001d0      0x140 cpp/src/main.o
                0x00000000200001d0                modbus1
 .bss._ZN12_GLOBAL__N_113__new_handlerE
                0x0000000020000310        0x4 c:/st/stm32cubeide_1.3.0/stm32cubeide/plugins/com.st.stm32cube.ide.mcu.externaltools.gnu-tools-for-stm32.7-2018-q2-update.win32_1.0.0.201904181610/tools/bin/../lib/gcc/arm-none-eabi/7.3.1/../../../../arm-none-eabi/lib/thumb/v7-m\libstdc++_nano.a(new_handler.o)
 .bss.__malloc_free_list
                0x0000000020000314        0x4 c:/st/stm32cubeide_1.3.0/stm32cubeide/plugins/com.st.stm32cube.ide.mcu.externaltools.gnu-tools-for-stm32.7-2018-q2-update.win32_1.0.0.201904181610/tools/bin/../lib/gcc/arm-none-eabi/7.3.1/../../../../arm-none-eabi/lib/thumb/v7-m\libc_nano.a(lib_a-nano-mallocr.o)
                0x0000000020000314                __malloc_free_list
 .bss.__malloc_sbrk_start
                0x0000000020000318        0x4 c:/st/stm32cubeide_1.3.0/stm32cubeide/plugins/com.st.stm32cube.ide.mcu.externaltools.gnu-tools-for-stm32.7-2018-q2-update.win32_1.0.0.201904181610/tools/bin/../lib/gcc/arm-none-eabi/7.3.1/../../../../arm-none-eabi/lib/thumb/v7-m\libc_nano.a(lib_a-nano-mallocr.o)
                0x0000000020000318                __malloc_sbrk_start
 *(COMMON)
 COMMON         0x000000002000031c      0x190 Core/Src/main.o
                0x000000002000031c                hdma_usart2_rx
                0x0000000020000360                hdma_usart3_rx
                0x00000000200003a4                huart3
                0x00000000200003e4                hdma_usart3_tx
                0x0000000020000428                hdma_usart2_tx
                0x000000002000046c                huart2
 COMMON         0x00000000200004ac        0x4 Drivers/STM32F1xx_HAL_Driver/Src/stm32f1xx_hal.o
                0x00000000200004ac                uwTick
 COMMON         0x00000000200004b0        0x4 c:/st/stm32cubeide_1.3.0/stm32cubeide/plugins/com.st.stm32cube.ide.mcu.externaltools.gnu-tools-for-stm32.7-2018-q2-update.win32_1.0.0.201904181610/tools/bin/../lib/gcc/arm-none-eabi/7.3.1/../../../../arm-none-eabi/lib/thumb/v7-m\libc_nano.a(lib_a-reent.o)
                0x00000000200004b0                errno
                0x00000000200004b4                . = ALIGN (0x4)
                0x00000000200004b4                _ebss = .
                0x00000000200004b4                __bss_end__ = _ebss

._user_heap_stack
                0x00000000200004b4      0x604 load address 0x0000000008002d2c
                0x00000000200004b8                . = ALIGN (0x8)
 *fill*         0x00000000200004b4        0x4 
                0x00000000200004b8                PROVIDE (end = .)
                [!provide]                        PROVIDE (_end = .)
                0x00000000200006b8                . = (. + _Min_Heap_Size)
 *fill*         0x00000000200004b8      0x200 
                0x0000000020000ab8                . = (. + _Min_Stack_Size)
 *fill*         0x00000000200006b8      0x400 
                0x0000000020000ab8                . = ALIGN (0x8)

/DISCARD/
 libc.a(*)
 libm.a(*)
 libgcc.a(*)

.ARM.attributes
                0x0000000000000000       0x29
 *(.ARM.attributes)
 .ARM.attributes
                0x0000000000000000       0x1d c:/st/stm32cubeide_1.3.0/stm32cubeide/plugins/com.st.stm32cube.ide.mcu.externaltools.gnu-tools-for-stm32.7-2018-q2-update.win32_1.0.0.201904181610/tools/bin/../lib/gcc/arm-none-eabi/7.3.1/thumb/v7-m/crti.o
 .ARM.attributes
                0x000000000000001d       0x2d c:/st/stm32cubeide_1.3.0/stm32cubeide/plugins/com.st.stm32cube.ide.mcu.externaltools.gnu-tools-for-stm32.7-2018-q2-update.win32_1.0.0.201904181610/tools/bin/../lib/gcc/arm-none-eabi/7.3.1/thumb/v7-m/crtbegin.o
 .ARM.attributes
                0x000000000000004a       0x33 Core/Src/main.o
 .ARM.attributes
                0x000000000000007d       0x33 Core/Src/stm32f1xx_hal_msp.o
 .ARM.attributes
                0x00000000000000b0       0x33 Core/Src/stm32f1xx_it.o
 .ARM.attributes
                0x00000000000000e3       0x33 Core/Src/syscalls.o
 .ARM.attributes
                0x0000000000000116       0x33 Core/Src/sysmem.o
 .ARM.attributes
                0x0000000000000149       0x33 Core/Src/system_stm32f1xx.o
 .ARM.attributes
                0x000000000000017c       0x21 Core/Startup/startup_stm32f103c8tx.o
 .ARM.attributes
                0x000000000000019d       0x33 Drivers/STM32F1xx_HAL_Driver/Src/stm32f1xx_hal.o
 .ARM.attributes
                0x00000000000001d0       0x33 Drivers/STM32F1xx_HAL_Driver/Src/stm32f1xx_hal_cortex.o
 .ARM.attributes
                0x0000000000000203       0x33 Drivers/STM32F1xx_HAL_Driver/Src/stm32f1xx_hal_dma.o
 .ARM.attributes
                0x0000000000000236       0x33 Drivers/STM32F1xx_HAL_Driver/Src/stm32f1xx_hal_gpio.o
 .ARM.attributes
                0x0000000000000269       0x33 Drivers/STM32F1xx_HAL_Driver/Src/stm32f1xx_hal_rcc.o
 .ARM.attributes
                0x000000000000029c       0x33 Drivers/STM32F1xx_HAL_Driver/Src/stm32f1xx_hal_uart.o
 .ARM.attributes
                0x00000000000002cf       0x33 cpp/src/main.o
 .ARM.attributes
                0x0000000000000302       0x33 cpp/src/modbus.o
 .ARM.attributes
                0x0000000000000335       0x33 cpp/src/mySerial.o
 .ARM.attributes
                0x0000000000000368       0x2d c:/st/stm32cubeide_1.3.0/stm32cubeide/plugins/com.st.stm32cube.ide.mcu.externaltools.gnu-tools-for-stm32.7-2018-q2-update.win32_1.0.0.201904181610/tools/bin/../lib/gcc/arm-none-eabi/7.3.1/../../../../arm-none-eabi/lib/thumb/v7-m\libstdc++_nano.a(del_opv.o)
 .ARM.attributes
                0x0000000000000395       0x2d c:/st/stm32cubeide_1.3.0/stm32cubeide/plugins/com.st.stm32cube.ide.mcu.externaltools.gnu-tools-for-stm32.7-2018-q2-update.win32_1.0.0.201904181610/tools/bin/../lib/gcc/arm-none-eabi/7.3.1/../../../../arm-none-eabi/lib/thumb/v7-m\libstdc++_nano.a(new_opv.o)
 .ARM.attributes
                0x00000000000003c2       0x2d c:/st/stm32cubeide_1.3.0/stm32cubeide/plugins/com.st.stm32cube.ide.mcu.externaltools.gnu-tools-for-stm32.7-2018-q2-update.win32_1.0.0.201904181610/tools/bin/../lib/gcc/arm-none-eabi/7.3.1/../../../../arm-none-eabi/lib/thumb/v7-m\libstdc++_nano.a(new_op.o)
 .ARM.attributes
                0x00000000000003ef       0x2d c:/st/stm32cubeide_1.3.0/stm32cubeide/plugins/com.st.stm32cube.ide.mcu.externaltools.gnu-tools-for-stm32.7-2018-q2-update.win32_1.0.0.201904181610/tools/bin/../lib/gcc/arm-none-eabi/7.3.1/../../../../arm-none-eabi/lib/thumb/v7-m\libstdc++_nano.a(new_handler.o)
 .ARM.attributes
                0x000000000000041c       0x2d c:/st/stm32cubeide_1.3.0/stm32cubeide/plugins/com.st.stm32cube.ide.mcu.externaltools.gnu-tools-for-stm32.7-2018-q2-update.win32_1.0.0.201904181610/tools/bin/../lib/gcc/arm-none-eabi/7.3.1/../../../../arm-none-eabi/lib/thumb/v7-m\libstdc++_nano.a(del_op.o)
 .ARM.attributes
                0x0000000000000449       0x2d c:/st/stm32cubeide_1.3.0/stm32cubeide/plugins/com.st.stm32cube.ide.mcu.externaltools.gnu-tools-for-stm32.7-2018-q2-update.win32_1.0.0.201904181610/tools/bin/../lib/gcc/arm-none-eabi/7.3.1/../../../../arm-none-eabi/lib/thumb/v7-m\libc_nano.a(lib_a-abort.o)
 .ARM.attributes
                0x0000000000000476       0x2d c:/st/stm32cubeide_1.3.0/stm32cubeide/plugins/com.st.stm32cube.ide.mcu.externaltools.gnu-tools-for-stm32.7-2018-q2-update.win32_1.0.0.201904181610/tools/bin/../lib/gcc/arm-none-eabi/7.3.1/../../../../arm-none-eabi/lib/thumb/v7-m\libc_nano.a(lib_a-errno.o)
 .ARM.attributes
                0x00000000000004a3       0x2d c:/st/stm32cubeide_1.3.0/stm32cubeide/plugins/com.st.stm32cube.ide.mcu.externaltools.gnu-tools-for-stm32.7-2018-q2-update.win32_1.0.0.201904181610/tools/bin/../lib/gcc/arm-none-eabi/7.3.1/../../../../arm-none-eabi/lib/thumb/v7-m\libc_nano.a(lib_a-impure.o)
 .ARM.attributes
                0x00000000000004d0       0x2d c:/st/stm32cubeide_1.3.0/stm32cubeide/plugins/com.st.stm32cube.ide.mcu.externaltools.gnu-tools-for-stm32.7-2018-q2-update.win32_1.0.0.201904181610/tools/bin/../lib/gcc/arm-none-eabi/7.3.1/../../../../arm-none-eabi/lib/thumb/v7-m\libc_nano.a(lib_a-init.o)
 .ARM.attributes
                0x00000000000004fd       0x2d c:/st/stm32cubeide_1.3.0/stm32cubeide/plugins/com.st.stm32cube.ide.mcu.externaltools.gnu-tools-for-stm32.7-2018-q2-update.win32_1.0.0.201904181610/tools/bin/../lib/gcc/arm-none-eabi/7.3.1/../../../../arm-none-eabi/lib/thumb/v7-m\libc_nano.a(lib_a-malloc.o)
 .ARM.attributes
                0x000000000000052a       0x2d c:/st/stm32cubeide_1.3.0/stm32cubeide/plugins/com.st.stm32cube.ide.mcu.externaltools.gnu-tools-for-stm32.7-2018-q2-update.win32_1.0.0.201904181610/tools/bin/../lib/gcc/arm-none-eabi/7.3.1/../../../../arm-none-eabi/lib/thumb/v7-m\libc_nano.a(lib_a-memcpy-stub.o)
 .ARM.attributes
                0x0000000000000557       0x2d c:/st/stm32cubeide_1.3.0/stm32cubeide/plugins/com.st.stm32cube.ide.mcu.externaltools.gnu-tools-for-stm32.7-2018-q2-update.win32_1.0.0.201904181610/tools/bin/../lib/gcc/arm-none-eabi/7.3.1/../../../../arm-none-eabi/lib/thumb/v7-m\libc_nano.a(lib_a-memset.o)
 .ARM.attributes
                0x0000000000000584       0x2d c:/st/stm32cubeide_1.3.0/stm32cubeide/plugins/com.st.stm32cube.ide.mcu.externaltools.gnu-tools-for-stm32.7-2018-q2-update.win32_1.0.0.201904181610/tools/bin/../lib/gcc/arm-none-eabi/7.3.1/../../../../arm-none-eabi/lib/thumb/v7-m\libc_nano.a(lib_a-nano-freer.o)
 .ARM.attributes
                0x00000000000005b1       0x2d c:/st/stm32cubeide_1.3.0/stm32cubeide/plugins/com.st.stm32cube.ide.mcu.externaltools.gnu-tools-for-stm32.7-2018-q2-update.win32_1.0.0.201904181610/tools/bin/../lib/gcc/arm-none-eabi/7.3.1/../../../../arm-none-eabi/lib/thumb/v7-m\libc_nano.a(lib_a-nano-mallocr.o)
 .ARM.attributes
                0x00000000000005de       0x2d c:/st/stm32cubeide_1.3.0/stm32cubeide/plugins/com.st.stm32cube.ide.mcu.externaltools.gnu-tools-for-stm32.7-2018-q2-update.win32_1.0.0.201904181610/tools/bin/../lib/gcc/arm-none-eabi/7.3.1/../../../../arm-none-eabi/lib/thumb/v7-m\libc_nano.a(lib_a-sbrkr.o)
 .ARM.attributes
                0x000000000000060b       0x2d c:/st/stm32cubeide_1.3.0/stm32cubeide/plugins/com.st.stm32cube.ide.mcu.externaltools.gnu-tools-for-stm32.7-2018-q2-update.win32_1.0.0.201904181610/tools/bin/../lib/gcc/arm-none-eabi/7.3.1/../../../../arm-none-eabi/lib/thumb/v7-m\libc_nano.a(lib_a-signal.o)
 .ARM.attributes
                0x0000000000000638       0x2d c:/st/stm32cubeide_1.3.0/stm32cubeide/plugins/com.st.stm32cube.ide.mcu.externaltools.gnu-tools-for-stm32.7-2018-q2-update.win32_1.0.0.201904181610/tools/bin/../lib/gcc/arm-none-eabi/7.3.1/../../../../arm-none-eabi/lib/thumb/v7-m\libc_nano.a(lib_a-signalr.o)
 .ARM.attributes
                0x0000000000000665       0x2d c:/st/stm32cubeide_1.3.0/stm32cubeide/plugins/com.st.stm32cube.ide.mcu.externaltools.gnu-tools-for-stm32.7-2018-q2-update.win32_1.0.0.201904181610/tools/bin/../lib/gcc/arm-none-eabi/7.3.1/../../../../arm-none-eabi/lib/thumb/v7-m\libc_nano.a(lib_a-mlock.o)
 .ARM.attributes
                0x0000000000000692       0x2d c:/st/stm32cubeide_1.3.0/stm32cubeide/plugins/com.st.stm32cube.ide.mcu.externaltools.gnu-tools-for-stm32.7-2018-q2-update.win32_1.0.0.201904181610/tools/bin/../lib/gcc/arm-none-eabi/7.3.1/../../../../arm-none-eabi/lib/thumb/v7-m\libc_nano.a(lib_a-reent.o)
 .ARM.attributes
                0x00000000000006bf       0x1d c:/st/stm32cubeide_1.3.0/stm32cubeide/plugins/com.st.stm32cube.ide.mcu.externaltools.gnu-tools-for-stm32.7-2018-q2-update.win32_1.0.0.201904181610/tools/bin/../lib/gcc/arm-none-eabi/7.3.1/thumb/v7-m/crtn.o
OUTPUT(stm.elf elf32-littlearm)

.debug_info     0x0000000000000000     0xa55e
 .debug_info    0x0000000000000000      0xb51 Core/Src/main.o
 .debug_info    0x0000000000000b51      0x8c7 Core/Src/stm32f1xx_hal_msp.o
 .debug_info    0x0000000000001418      0x69c Core/Src/stm32f1xx_it.o
 .debug_info    0x0000000000001ab4      0xebd Core/Src/syscalls.o
 .debug_info    0x0000000000002971      0x91c Core/Src/sysmem.o
 .debug_info    0x000000000000328d      0x433 Core/Src/system_stm32f1xx.o
 .debug_info    0x00000000000036c0       0x22 Core/Startup/startup_stm32f103c8tx.o
 .debug_info    0x00000000000036e2      0x6fe Drivers/STM32F1xx_HAL_Driver/Src/stm32f1xx_hal.o
 .debug_info    0x0000000000003de0      0xb46 Drivers/STM32F1xx_HAL_Driver/Src/stm32f1xx_hal_cortex.o
 .debug_info    0x0000000000004926      0x7a6 Drivers/STM32F1xx_HAL_Driver/Src/stm32f1xx_hal_dma.o
 .debug_info    0x00000000000050cc      0x681 Drivers/STM32F1xx_HAL_Driver/Src/stm32f1xx_hal_gpio.o
 .debug_info    0x000000000000574d      0x804 Drivers/STM32F1xx_HAL_Driver/Src/stm32f1xx_hal_rcc.o
 .debug_info    0x0000000000005f51     0x11e3 Drivers/STM32F1xx_HAL_Driver/Src/stm32f1xx_hal_uart.o
 .debug_info    0x0000000000007134     0x1241 cpp/src/main.o
 .debug_info    0x0000000000008375     0x11c7 cpp/src/modbus.o
 .debug_info    0x000000000000953c     0x1022 cpp/src/mySerial.o

.debug_abbrev   0x0000000000000000     0x1eea
 .debug_abbrev  0x0000000000000000      0x224 Core/Src/main.o
 .debug_abbrev  0x0000000000000224      0x18c Core/Src/stm32f1xx_hal_msp.o
 .debug_abbrev  0x00000000000003b0      0x149 Core/Src/stm32f1xx_it.o
 .debug_abbrev  0x00000000000004f9      0x261 Core/Src/syscalls.o
 .debug_abbrev  0x000000000000075a      0x1bb Core/Src/sysmem.o
 .debug_abbrev  0x0000000000000915      0x134 Core/Src/system_stm32f1xx.o
 .debug_abbrev  0x0000000000000a49       0x12 Core/Startup/startup_stm32f103c8tx.o
 .debug_abbrev  0x0000000000000a5b      0x1d8 Drivers/STM32F1xx_HAL_Driver/Src/stm32f1xx_hal.o
 .debug_abbrev  0x0000000000000c33      0x2d5 Drivers/STM32F1xx_HAL_Driver/Src/stm32f1xx_hal_cortex.o
 .debug_abbrev  0x0000000000000f08      0x1fe Drivers/STM32F1xx_HAL_Driver/Src/stm32f1xx_hal_dma.o
 .debug_abbrev  0x0000000000001106      0x1c0 Drivers/STM32F1xx_HAL_Driver/Src/stm32f1xx_hal_gpio.o
 .debug_abbrev  0x00000000000012c6      0x243 Drivers/STM32F1xx_HAL_Driver/Src/stm32f1xx_hal_rcc.o
 .debug_abbrev  0x0000000000001509      0x242 Drivers/STM32F1xx_HAL_Driver/Src/stm32f1xx_hal_uart.o
 .debug_abbrev  0x000000000000174b      0x274 cpp/src/main.o
 .debug_abbrev  0x00000000000019bf      0x2a9 cpp/src/modbus.o
 .debug_abbrev  0x0000000000001c68      0x282 cpp/src/mySerial.o

.debug_aranges  0x0000000000000000      0x818
 .debug_aranges
                0x0000000000000000       0x60 Core/Src/main.o
 .debug_aranges
                0x0000000000000060       0x30 Core/Src/stm32f1xx_hal_msp.o
 .debug_aranges
                0x0000000000000090       0x80 Core/Src/stm32f1xx_it.o
 .debug_aranges
                0x0000000000000110       0xa8 Core/Src/syscalls.o
 .debug_aranges
                0x00000000000001b8       0x20 Core/Src/sysmem.o
 .debug_aranges
                0x00000000000001d8       0x28 Core/Src/system_stm32f1xx.o
 .debug_aranges
                0x0000000000000200       0x28 Core/Startup/startup_stm32f103c8tx.o
 .debug_aranges
                0x0000000000000228       0xe0 Drivers/STM32F1xx_HAL_Driver/Src/stm32f1xx_hal.o
 .debug_aranges
                0x0000000000000308      0x100 Drivers/STM32F1xx_HAL_Driver/Src/stm32f1xx_hal_cortex.o
 .debug_aranges
                0x0000000000000408       0x80 Drivers/STM32F1xx_HAL_Driver/Src/stm32f1xx_hal_dma.o
 .debug_aranges
                0x0000000000000488       0x58 Drivers/STM32F1xx_HAL_Driver/Src/stm32f1xx_hal_gpio.o
 .debug_aranges
                0x00000000000004e0       0x90 Drivers/STM32F1xx_HAL_Driver/Src/stm32f1xx_hal_rcc.o
 .debug_aranges
                0x0000000000000570      0x1d0 Drivers/STM32F1xx_HAL_Driver/Src/stm32f1xx_hal_uart.o
 .debug_aranges
                0x0000000000000740       0x50 cpp/src/main.o
 .debug_aranges
                0x0000000000000790       0x50 cpp/src/modbus.o
 .debug_aranges
                0x00000000000007e0       0x38 cpp/src/mySerial.o

.debug_ranges   0x0000000000000000      0x720
 .debug_ranges  0x0000000000000000       0x50 Core/Src/main.o
 .debug_ranges  0x0000000000000050       0x20 Core/Src/stm32f1xx_hal_msp.o
 .debug_ranges  0x0000000000000070       0x70 Core/Src/stm32f1xx_it.o
 .debug_ranges  0x00000000000000e0       0x98 Core/Src/syscalls.o
 .debug_ranges  0x0000000000000178       0x10 Core/Src/sysmem.o
 .debug_ranges  0x0000000000000188       0x18 Core/Src/system_stm32f1xx.o
 .debug_ranges  0x00000000000001a0       0x20 Core/Startup/startup_stm32f103c8tx.o
 .debug_ranges  0x00000000000001c0       0xd0 Drivers/STM32F1xx_HAL_Driver/Src/stm32f1xx_hal.o
 .debug_ranges  0x0000000000000290       0xf0 Drivers/STM32F1xx_HAL_Driver/Src/stm32f1xx_hal_cortex.o
 .debug_ranges  0x0000000000000380       0x70 Drivers/STM32F1xx_HAL_Driver/Src/stm32f1xx_hal_dma.o
 .debug_ranges  0x00000000000003f0       0x48 Drivers/STM32F1xx_HAL_Driver/Src/stm32f1xx_hal_gpio.o
 .debug_ranges  0x0000000000000438       0x80 Drivers/STM32F1xx_HAL_Driver/Src/stm32f1xx_hal_rcc.o
 .debug_ranges  0x00000000000004b8      0x1c0 Drivers/STM32F1xx_HAL_Driver/Src/stm32f1xx_hal_uart.o
 .debug_ranges  0x0000000000000678       0x40 cpp/src/main.o
 .debug_ranges  0x00000000000006b8       0x40 cpp/src/modbus.o
 .debug_ranges  0x00000000000006f8       0x28 cpp/src/mySerial.o

.debug_macro    0x0000000000000000    0x16791
 .debug_macro   0x0000000000000000      0x19b Core/Src/main.o
 .debug_macro   0x000000000000019b      0xa5a Core/Src/main.o
 .debug_macro   0x0000000000000bf5      0x21b Core/Src/main.o
 .debug_macro   0x0000000000000e10       0x2e Core/Src/main.o
 .debug_macro   0x0000000000000e3e       0x22 Core/Src/main.o
 .debug_macro   0x0000000000000e60       0x22 Core/Src/main.o
 .debug_macro   0x0000000000000e82       0x8e Core/Src/main.o
 .debug_macro   0x0000000000000f10       0x51 Core/Src/main.o
 .debug_macro   0x0000000000000f61       0xef Core/Src/main.o
 .debug_macro   0x0000000000001050       0x6a Core/Src/main.o
 .debug_macro   0x00000000000010ba      0x1df Core/Src/main.o
 .debug_macro   0x0000000000001299       0x1c Core/Src/main.o
 .debug_macro   0x00000000000012b5       0x22 Core/Src/main.o
 .debug_macro   0x00000000000012d7       0xc3 Core/Src/main.o
 .debug_macro   0x000000000000139a      0xd23 Core/Src/main.o
 .debug_macro   0x00000000000020bd     0xe09e Core/Src/main.o
 .debug_macro   0x000000000001015b       0x43 Core/Src/main.o
 .debug_macro   0x000000000001019e      0x174 Core/Src/main.o
 .debug_macro   0x0000000000010312       0x5a Core/Src/main.o
 .debug_macro   0x000000000001036c      0x5be Core/Src/main.o
 .debug_macro   0x000000000001092a      0x289 Core/Src/main.o
 .debug_macro   0x0000000000010bb3      0x1cb Core/Src/main.o
 .debug_macro   0x0000000000010d7e      0x114 Core/Src/main.o
 .debug_macro   0x0000000000010e92      0x1b2 Core/Src/main.o
 .debug_macro   0x0000000000011044       0x27 Core/Src/main.o
 .debug_macro   0x000000000001106b      0x136 Core/Src/main.o
 .debug_macro   0x00000000000111a1      0x1bc Core/Src/main.o
 .debug_macro   0x000000000001135d       0x34 Core/Src/main.o
 .debug_macro   0x0000000000011391       0x3c Core/Src/main.o
 .debug_macro   0x00000000000113cd       0x57 Core/Src/main.o
 .debug_macro   0x0000000000011424       0x88 Core/Src/main.o
 .debug_macro   0x00000000000114ac      0x241 Core/Src/main.o
 .debug_macro   0x00000000000116ed      0x141 Core/Src/main.o
 .debug_macro   0x000000000001182e      0x26b Core/Src/main.o
 .debug_macro   0x0000000000011a99       0x83 Core/Src/main.o
 .debug_macro   0x0000000000011b1c      0x195 Core/Src/stm32f1xx_hal_msp.o
 .debug_macro   0x0000000000011cb1      0x19f Core/Src/stm32f1xx_it.o
 .debug_macro   0x0000000000011e50      0x243 Core/Src/syscalls.o
 .debug_macro   0x0000000000012093       0x40 Core/Src/syscalls.o
 .debug_macro   0x00000000000120d3       0x18 Core/Src/syscalls.o
 .debug_macro   0x00000000000120eb       0x94 Core/Src/syscalls.o
 .debug_macro   0x000000000001217f       0x3c Core/Src/syscalls.o
 .debug_macro   0x00000000000121bb       0x34 Core/Src/syscalls.o
 .debug_macro   0x00000000000121ef       0x57 Core/Src/syscalls.o
 .debug_macro   0x0000000000012246      0x330 Core/Src/syscalls.o
 .debug_macro   0x0000000000012576       0x52 Core/Src/syscalls.o
 .debug_macro   0x00000000000125c8       0x1f Core/Src/syscalls.o
 .debug_macro   0x00000000000125e7       0x43 Core/Src/syscalls.o
 .debug_macro   0x000000000001262a       0x20 Core/Src/syscalls.o
 .debug_macro   0x000000000001264a      0x1a3 Core/Src/syscalls.o
 .debug_macro   0x00000000000127ed       0x10 Core/Src/syscalls.o
 .debug_macro   0x00000000000127fd       0x35 Core/Src/syscalls.o
 .debug_macro   0x0000000000012832       0x10 Core/Src/syscalls.o
 .debug_macro   0x0000000000012842       0x10 Core/Src/syscalls.o
 .debug_macro   0x0000000000012852       0x10 Core/Src/syscalls.o
 .debug_macro   0x0000000000012862       0x1c Core/Src/syscalls.o
 .debug_macro   0x000000000001287e       0x52 Core/Src/syscalls.o
 .debug_macro   0x00000000000128d0       0x40 Core/Src/syscalls.o
 .debug_macro   0x0000000000012910       0x10 Core/Src/syscalls.o
 .debug_macro   0x0000000000012920       0x40 Core/Src/syscalls.o
 .debug_macro   0x0000000000012960       0xd7 Core/Src/syscalls.o
 .debug_macro   0x0000000000012a37       0x1c Core/Src/syscalls.o
 .debug_macro   0x0000000000012a53       0x3d Core/Src/syscalls.o
 .debug_macro   0x0000000000012a90       0x35 Core/Src/syscalls.o
 .debug_macro   0x0000000000012ac5      0x122 Core/Src/syscalls.o
 .debug_macro   0x0000000000012be7       0x16 Core/Src/syscalls.o
 .debug_macro   0x0000000000012bfd       0x16 Core/Src/syscalls.o
 .debug_macro   0x0000000000012c13       0x29 Core/Src/syscalls.o
 .debug_macro   0x0000000000012c3c       0x10 Core/Src/syscalls.o
 .debug_macro   0x0000000000012c4c      0x241 Core/Src/syscalls.o
 .debug_macro   0x0000000000012e8d       0x1c Core/Src/syscalls.o
 .debug_macro   0x0000000000012ea9       0x10 Core/Src/syscalls.o
 .debug_macro   0x0000000000012eb9       0x10 Core/Src/syscalls.o
 .debug_macro   0x0000000000012ec9       0x16 Core/Src/syscalls.o
 .debug_macro   0x0000000000012edf      0x145 Core/Src/syscalls.o
 .debug_macro   0x0000000000013024      0x189 Core/Src/syscalls.o
 .debug_macro   0x00000000000131ad       0x16 Core/Src/syscalls.o
 .debug_macro   0x00000000000131c3       0x88 Core/Src/syscalls.o
 .debug_macro   0x000000000001324b      0x1ae Core/Src/sysmem.o
 .debug_macro   0x00000000000133f9      0x23b Core/Src/sysmem.o
 .debug_macro   0x0000000000013634       0x16 Core/Src/sysmem.o
 .debug_macro   0x000000000001364a      0x18b Core/Src/system_stm32f1xx.o
 .debug_macro   0x00000000000137d5      0x1a9 Drivers/STM32F1xx_HAL_Driver/Src/stm32f1xx_hal.o
 .debug_macro   0x000000000001397e      0x185 Drivers/STM32F1xx_HAL_Driver/Src/stm32f1xx_hal_cortex.o
 .debug_macro   0x0000000000013b03      0x185 Drivers/STM32F1xx_HAL_Driver/Src/stm32f1xx_hal_dma.o
 .debug_macro   0x0000000000013c88      0x1f0 Drivers/STM32F1xx_HAL_Driver/Src/stm32f1xx_hal_gpio.o
 .debug_macro   0x0000000000013e78      0x197 Drivers/STM32F1xx_HAL_Driver/Src/stm32f1xx_hal_rcc.o
 .debug_macro   0x000000000001400f      0x186 Drivers/STM32F1xx_HAL_Driver/Src/stm32f1xx_hal_uart.o
 .debug_macro   0x0000000000014195      0x273 cpp/src/main.o
 .debug_macro   0x0000000000014408      0xb2c cpp/src/main.o
 .debug_macro   0x0000000000014f34       0x1c cpp/src/main.o
 .debug_macro   0x0000000000014f50      0xd23 cpp/src/main.o
 .debug_macro   0x0000000000015c73      0x17b cpp/src/main.o
 .debug_macro   0x0000000000015dee       0x46 cpp/src/main.o
 .debug_macro   0x0000000000015e34       0x34 cpp/src/main.o
 .debug_macro   0x0000000000015e68       0x43 cpp/src/main.o
 .debug_macro   0x0000000000015eab      0x34d cpp/src/main.o
 .debug_macro   0x00000000000161f8       0x10 cpp/src/main.o
 .debug_macro   0x0000000000016208       0x35 cpp/src/main.o
 .debug_macro   0x000000000001623d       0x20 cpp/src/main.o
 .debug_macro   0x000000000001625d       0x22 cpp/src/main.o
 .debug_macro   0x000000000001627f       0x22 cpp/src/main.o
 .debug_macro   0x00000000000162a1      0x26a cpp/src/modbus.o
 .debug_macro   0x000000000001650b      0x26a cpp/src/mySerial.o
 .debug_macro   0x0000000000016775       0x1c cpp/src/mySerial.o

.debug_line     0x0000000000000000     0x7a60
 .debug_line    0x0000000000000000      0x6c9 Core/Src/main.o
 .debug_line    0x00000000000006c9      0x680 Core/Src/stm32f1xx_hal_msp.o
 .debug_line    0x0000000000000d49      0x6f1 Core/Src/stm32f1xx_it.o
 .debug_line    0x000000000000143a      0x73e Core/Src/syscalls.o
 .debug_line    0x0000000000001b78      0x55e Core/Src/sysmem.o
 .debug_line    0x00000000000020d6      0x636 Core/Src/system_stm32f1xx.o
 .debug_line    0x000000000000270c       0x84 Core/Startup/startup_stm32f103c8tx.o
 .debug_line    0x0000000000002790      0x7de Drivers/STM32F1xx_HAL_Driver/Src/stm32f1xx_hal.o
 .debug_line    0x0000000000002f6e      0x8b7 Drivers/STM32F1xx_HAL_Driver/Src/stm32f1xx_hal_cortex.o
 .debug_line    0x0000000000003825      0xa45 Drivers/STM32F1xx_HAL_Driver/Src/stm32f1xx_hal_dma.o
 .debug_line    0x000000000000426a      0x7de Drivers/STM32F1xx_HAL_Driver/Src/stm32f1xx_hal_gpio.o
 .debug_line    0x0000000000004a48      0x8a0 Drivers/STM32F1xx_HAL_Driver/Src/stm32f1xx_hal_rcc.o
 .debug_line    0x00000000000052e8      0xee9 Drivers/STM32F1xx_HAL_Driver/Src/stm32f1xx_hal_uart.o
 .debug_line    0x00000000000061d1      0x812 cpp/src/main.o
 .debug_line    0x00000000000069e3      0x87a cpp/src/modbus.o
 .debug_line    0x000000000000725d      0x803 cpp/src/mySerial.o

.debug_str      0x0000000000000000    0x6c176
 .debug_str     0x0000000000000000    0x64cd5 Core/Src/main.o
                                      0x650dd (size before relaxing)
 .debug_str     0x0000000000064cd5       0x7e Core/Src/stm32f1xx_hal_msp.o
                                      0x64cb0 (size before relaxing)
 .debug_str     0x0000000000064d53      0x121 Core/Src/stm32f1xx_it.o
                                      0x64c9e (size before relaxing)
 .debug_str     0x0000000000064e74     0x5235 Core/Src/syscalls.o
                                       0x886b (size before relaxing)
 .debug_str     0x000000000006a0a9       0x36 Core/Src/sysmem.o
                                       0x7ac4 (size before relaxing)
 .debug_str     0x000000000006a0df       0xc2 Core/Src/system_stm32f1xx.o
                                      0x64892 (size before relaxing)
 .debug_str     0x000000000006a1a1       0x36 Core/Startup/startup_stm32f103c8tx.o
                                         0x69 (size before relaxing)
 .debug_str     0x000000000006a1d7      0x3c0 Drivers/STM32F1xx_HAL_Driver/Src/stm32f1xx_hal.o
                                      0x64ea3 (size before relaxing)
 .debug_str     0x000000000006a597      0x2bf Drivers/STM32F1xx_HAL_Driver/Src/stm32f1xx_hal_cortex.o
                                      0x64eb1 (size before relaxing)
 .debug_str     0x000000000006a856      0x244 Drivers/STM32F1xx_HAL_Driver/Src/stm32f1xx_hal_dma.o
                                      0x64bf3 (size before relaxing)
 .debug_str     0x000000000006aa9a      0x31f Drivers/STM32F1xx_HAL_Driver/Src/stm32f1xx_hal_gpio.o
                                      0x64bdc (size before relaxing)
 .debug_str     0x000000000006adb9      0x258 Drivers/STM32F1xx_HAL_Driver/Src/stm32f1xx_hal_rcc.o
                                      0x64c15 (size before relaxing)
 .debug_str     0x000000000006b011      0x4c7 Drivers/STM32F1xx_HAL_Driver/Src/stm32f1xx_hal_uart.o
                                      0x65104 (size before relaxing)
 .debug_str     0x000000000006b4d8      0xc28 cpp/src/main.o
                                      0x68482 (size before relaxing)
 .debug_str     0x000000000006c100       0x4d cpp/src/modbus.o
                                      0x682e8 (size before relaxing)
 .debug_str     0x000000000006c14d       0x29 cpp/src/mySerial.o
                                      0x6821f (size before relaxing)

.comment        0x0000000000000000       0x7b
 .comment       0x0000000000000000       0x7b Core/Src/main.o
                                         0x7c (size before relaxing)
 .comment       0x000000000000007b       0x7c Core/Src/stm32f1xx_hal_msp.o
 .comment       0x000000000000007b       0x7c Core/Src/stm32f1xx_it.o
 .comment       0x000000000000007b       0x7c Core/Src/syscalls.o
 .comment       0x000000000000007b       0x7c Core/Src/sysmem.o
 .comment       0x000000000000007b       0x7c Core/Src/system_stm32f1xx.o
 .comment       0x000000000000007b       0x7c Drivers/STM32F1xx_HAL_Driver/Src/stm32f1xx_hal.o
 .comment       0x000000000000007b       0x7c Drivers/STM32F1xx_HAL_Driver/Src/stm32f1xx_hal_cortex.o
 .comment       0x000000000000007b       0x7c Drivers/STM32F1xx_HAL_Driver/Src/stm32f1xx_hal_dma.o
 .comment       0x000000000000007b       0x7c Drivers/STM32F1xx_HAL_Driver/Src/stm32f1xx_hal_gpio.o
 .comment       0x000000000000007b       0x7c Drivers/STM32F1xx_HAL_Driver/Src/stm32f1xx_hal_rcc.o
 .comment       0x000000000000007b       0x7c Drivers/STM32F1xx_HAL_Driver/Src/stm32f1xx_hal_uart.o
 .comment       0x000000000000007b       0x7c cpp/src/main.o
 .comment       0x000000000000007b       0x7c cpp/src/modbus.o
 .comment       0x000000000000007b       0x7c cpp/src/mySerial.o

.debug_frame    0x0000000000000000     0x21f4
 .debug_frame   0x0000000000000000      0x138 Core/Src/main.o
 .debug_frame   0x0000000000000138       0x84 Core/Src/stm32f1xx_hal_msp.o
 .debug_frame   0x00000000000001bc      0x17c Core/Src/stm32f1xx_it.o
 .debug_frame   0x0000000000000338      0x2ac Core/Src/syscalls.o
 .debug_frame   0x00000000000005e4       0x34 Core/Src/sysmem.o
 .debug_frame   0x0000000000000618       0x58 Core/Src/system_stm32f1xx.o
 .debug_frame   0x0000000000000670      0x334 Drivers/STM32F1xx_HAL_Driver/Src/stm32f1xx_hal.o
 .debug_frame   0x00000000000009a4      0x428 Drivers/STM32F1xx_HAL_Driver/Src/stm32f1xx_hal_cortex.o
 .debug_frame   0x0000000000000dcc      0x208 Drivers/STM32F1xx_HAL_Driver/Src/stm32f1xx_hal_dma.o
 .debug_frame   0x0000000000000fd4      0x14c Drivers/STM32F1xx_HAL_Driver/Src/stm32f1xx_hal_gpio.o
 .debug_frame   0x0000000000001120      0x21c Drivers/STM32F1xx_HAL_Driver/Src/stm32f1xx_hal_rcc.o
 .debug_frame   0x000000000000133c      0x834 Drivers/STM32F1xx_HAL_Driver/Src/stm32f1xx_hal_uart.o
 .debug_frame   0x0000000000001b70       0xfc cpp/src/main.o
 .debug_frame   0x0000000000001c6c      0x118 cpp/src/modbus.o
 .debug_frame   0x0000000000001d84       0xa8 cpp/src/mySerial.o
 .debug_frame   0x0000000000001e2c       0x20 c:/st/stm32cubeide_1.3.0/stm32cubeide/plugins/com.st.stm32cube.ide.mcu.externaltools.gnu-tools-for-stm32.7-2018-q2-update.win32_1.0.0.201904181610/tools/bin/../lib/gcc/arm-none-eabi/7.3.1/../../../../arm-none-eabi/lib/thumb/v7-m\libstdc++_nano.a(del_opv.o)
 .debug_frame   0x0000000000001e4c       0x20 c:/st/stm32cubeide_1.3.0/stm32cubeide/plugins/com.st.stm32cube.ide.mcu.externaltools.gnu-tools-for-stm32.7-2018-q2-update.win32_1.0.0.201904181610/tools/bin/../lib/gcc/arm-none-eabi/7.3.1/../../../../arm-none-eabi/lib/thumb/v7-m\libstdc++_nano.a(new_opv.o)
 .debug_frame   0x0000000000001e6c       0x28 c:/st/stm32cubeide_1.3.0/stm32cubeide/plugins/com.st.stm32cube.ide.mcu.externaltools.gnu-tools-for-stm32.7-2018-q2-update.win32_1.0.0.201904181610/tools/bin/../lib/gcc/arm-none-eabi/7.3.1/../../../../arm-none-eabi/lib/thumb/v7-m\libstdc++_nano.a(new_op.o)
 .debug_frame   0x0000000000001e94       0x30 c:/st/stm32cubeide_1.3.0/stm32cubeide/plugins/com.st.stm32cube.ide.mcu.externaltools.gnu-tools-for-stm32.7-2018-q2-update.win32_1.0.0.201904181610/tools/bin/../lib/gcc/arm-none-eabi/7.3.1/../../../../arm-none-eabi/lib/thumb/v7-m\libstdc++_nano.a(new_handler.o)
 .debug_frame   0x0000000000001ec4       0x20 c:/st/stm32cubeide_1.3.0/stm32cubeide/plugins/com.st.stm32cube.ide.mcu.externaltools.gnu-tools-for-stm32.7-2018-q2-update.win32_1.0.0.201904181610/tools/bin/../lib/gcc/arm-none-eabi/7.3.1/../../../../arm-none-eabi/lib/thumb/v7-m\libstdc++_nano.a(del_op.o)
 .debug_frame   0x0000000000001ee4       0x28 c:/st/stm32cubeide_1.3.0/stm32cubeide/plugins/com.st.stm32cube.ide.mcu.externaltools.gnu-tools-for-stm32.7-2018-q2-update.win32_1.0.0.201904181610/tools/bin/../lib/gcc/arm-none-eabi/7.3.1/../../../../arm-none-eabi/lib/thumb/v7-m\libc_nano.a(lib_a-abort.o)
 .debug_frame   0x0000000000001f0c       0x20 c:/st/stm32cubeide_1.3.0/stm32cubeide/plugins/com.st.stm32cube.ide.mcu.externaltools.gnu-tools-for-stm32.7-2018-q2-update.win32_1.0.0.201904181610/tools/bin/../lib/gcc/arm-none-eabi/7.3.1/../../../../arm-none-eabi/lib/thumb/v7-m\libc_nano.a(lib_a-errno.o)
 .debug_frame   0x0000000000001f2c       0x2c c:/st/stm32cubeide_1.3.0/stm32cubeide/plugins/com.st.stm32cube.ide.mcu.externaltools.gnu-tools-for-stm32.7-2018-q2-update.win32_1.0.0.201904181610/tools/bin/../lib/gcc/arm-none-eabi/7.3.1/../../../../arm-none-eabi/lib/thumb/v7-m\libc_nano.a(lib_a-init.o)
 .debug_frame   0x0000000000001f58       0x30 c:/st/stm32cubeide_1.3.0/stm32cubeide/plugins/com.st.stm32cube.ide.mcu.externaltools.gnu-tools-for-stm32.7-2018-q2-update.win32_1.0.0.201904181610/tools/bin/../lib/gcc/arm-none-eabi/7.3.1/../../../../arm-none-eabi/lib/thumb/v7-m\libc_nano.a(lib_a-malloc.o)
 .debug_frame   0x0000000000001f88       0x28 c:/st/stm32cubeide_1.3.0/stm32cubeide/plugins/com.st.stm32cube.ide.mcu.externaltools.gnu-tools-for-stm32.7-2018-q2-update.win32_1.0.0.201904181610/tools/bin/../lib/gcc/arm-none-eabi/7.3.1/../../../../arm-none-eabi/lib/thumb/v7-m\libc_nano.a(lib_a-memcpy-stub.o)
 .debug_frame   0x0000000000001fb0       0x20 c:/st/stm32cubeide_1.3.0/stm32cubeide/plugins/com.st.stm32cube.ide.mcu.externaltools.gnu-tools-for-stm32.7-2018-q2-update.win32_1.0.0.201904181610/tools/bin/../lib/gcc/arm-none-eabi/7.3.1/../../../../arm-none-eabi/lib/thumb/v7-m\libc_nano.a(lib_a-memset.o)
 .debug_frame   0x0000000000001fd0       0x38 c:/st/stm32cubeide_1.3.0/stm32cubeide/plugins/com.st.stm32cube.ide.mcu.externaltools.gnu-tools-for-stm32.7-2018-q2-update.win32_1.0.0.201904181610/tools/bin/../lib/gcc/arm-none-eabi/7.3.1/../../../../arm-none-eabi/lib/thumb/v7-m\libc_nano.a(lib_a-nano-freer.o)
 .debug_frame   0x0000000000002008       0x2c c:/st/stm32cubeide_1.3.0/stm32cubeide/plugins/com.st.stm32cube.ide.mcu.externaltools.gnu-tools-for-stm32.7-2018-q2-update.win32_1.0.0.201904181610/tools/bin/../lib/gcc/arm-none-eabi/7.3.1/../../../../arm-none-eabi/lib/thumb/v7-m\libc_nano.a(lib_a-nano-mallocr.o)
 .debug_frame   0x0000000000002034       0x2c c:/st/stm32cubeide_1.3.0/stm32cubeide/plugins/com.st.stm32cube.ide.mcu.externaltools.gnu-tools-for-stm32.7-2018-q2-update.win32_1.0.0.201904181610/tools/bin/../lib/gcc/arm-none-eabi/7.3.1/../../../../arm-none-eabi/lib/thumb/v7-m\libc_nano.a(lib_a-sbrkr.o)
 .debug_frame   0x0000000000002060       0xcc c:/st/stm32cubeide_1.3.0/stm32cubeide/plugins/com.st.stm32cube.ide.mcu.externaltools.gnu-tools-for-stm32.7-2018-q2-update.win32_1.0.0.201904181610/tools/bin/../lib/gcc/arm-none-eabi/7.3.1/../../../../arm-none-eabi/lib/thumb/v7-m\libc_nano.a(lib_a-signal.o)
 .debug_frame   0x000000000000212c       0x3c c:/st/stm32cubeide_1.3.0/stm32cubeide/plugins/com.st.stm32cube.ide.mcu.externaltools.gnu-tools-for-stm32.7-2018-q2-update.win32_1.0.0.201904181610/tools/bin/../lib/gcc/arm-none-eabi/7.3.1/../../../../arm-none-eabi/lib/thumb/v7-m\libc_nano.a(lib_a-signalr.o)
 .debug_frame   0x0000000000002168       0x30 c:/st/stm32cubeide_1.3.0/stm32cubeide/plugins/com.st.stm32cube.ide.mcu.externaltools.gnu-tools-for-stm32.7-2018-q2-update.win32_1.0.0.201904181610/tools/bin/../lib/gcc/arm-none-eabi/7.3.1/../../../../arm-none-eabi/lib/thumb/v7-m\libc_nano.a(lib_a-mlock.o)
 .debug_frame   0x0000000000002198       0x5c c:/st/stm32cubeide_1.3.0/stm32cubeide/plugins/com.st.stm32cube.ide.mcu.externaltools.gnu-tools-for-stm32.7-2018-q2-update.win32_1.0.0.201904181610/tools/bin/../lib/gcc/arm-none-eabi/7.3.1/../../../../arm-none-eabi/lib/thumb/v7-m\libc_nano.a(lib_a-reent.o)
