Archive member included to satisfy reference by file (symbol)

c:/st/stm32cubeide_1.5.0/stm32cubeide/plugins/com.st.stm32cube.ide.mcu.externaltools.gnu-tools-for-stm32.7-2018-q2-update.win32_1.5.0.202011040924/tools/bin/../lib/gcc/arm-none-eabi/7.3.1/../../../../arm-none-eabi/lib/thumb/v7e-m/fpv4-sp/hard\libc_nano.a(lib_a-errno.o)
                              Core/Src/syscalls.o (__errno)
c:/st/stm32cubeide_1.5.0/stm32cubeide/plugins/com.st.stm32cube.ide.mcu.externaltools.gnu-tools-for-stm32.7-2018-q2-update.win32_1.5.0.202011040924/tools/bin/../lib/gcc/arm-none-eabi/7.3.1/../../../../arm-none-eabi/lib/thumb/v7e-m/fpv4-sp/hard\libc_nano.a(lib_a-exit.o)
                              c:/st/stm32cubeide_1.5.0/stm32cubeide/plugins/com.st.stm32cube.ide.mcu.externaltools.gnu-tools-for-stm32.7-2018-q2-update.win32_1.5.0.202011040924/tools/bin/../lib/gcc/arm-none-eabi/7.3.1/../../../../arm-none-eabi/lib/thumb/v7e-m/fpv4-sp/hard/crt0.o (exit)
c:/st/stm32cubeide_1.5.0/stm32cubeide/plugins/com.st.stm32cube.ide.mcu.externaltools.gnu-tools-for-stm32.7-2018-q2-update.win32_1.5.0.202011040924/tools/bin/../lib/gcc/arm-none-eabi/7.3.1/../../../../arm-none-eabi/lib/thumb/v7e-m/fpv4-sp/hard\libc_nano.a(lib_a-impure.o)
                              c:/st/stm32cubeide_1.5.0/stm32cubeide/plugins/com.st.stm32cube.ide.mcu.externaltools.gnu-tools-for-stm32.7-2018-q2-update.win32_1.5.0.202011040924/tools/bin/../lib/gcc/arm-none-eabi/7.3.1/../../../../arm-none-eabi/lib/thumb/v7e-m/fpv4-sp/hard\libc_nano.a(lib_a-exit.o) (_global_impure_ptr)
c:/st/stm32cubeide_1.5.0/stm32cubeide/plugins/com.st.stm32cube.ide.mcu.externaltools.gnu-tools-for-stm32.7-2018-q2-update.win32_1.5.0.202011040924/tools/bin/../lib/gcc/arm-none-eabi/7.3.1/../../../../arm-none-eabi/lib/thumb/v7e-m/fpv4-sp/hard\libc_nano.a(lib_a-init.o)
                              c:/st/stm32cubeide_1.5.0/stm32cubeide/plugins/com.st.stm32cube.ide.mcu.externaltools.gnu-tools-for-stm32.7-2018-q2-update.win32_1.5.0.202011040924/tools/bin/../lib/gcc/arm-none-eabi/7.3.1/../../../../arm-none-eabi/lib/thumb/v7e-m/fpv4-sp/hard/crt0.o (__libc_init_array)
c:/st/stm32cubeide_1.5.0/stm32cubeide/plugins/com.st.stm32cube.ide.mcu.externaltools.gnu-tools-for-stm32.7-2018-q2-update.win32_1.5.0.202011040924/tools/bin/../lib/gcc/arm-none-eabi/7.3.1/../../../../arm-none-eabi/lib/thumb/v7e-m/fpv4-sp/hard\libc_nano.a(lib_a-malloc.o)
                              Middlewares/ST/STM32_USB_Device_Library/Class/CDC/Src/usbd_cdc.o (malloc)
c:/st/stm32cubeide_1.5.0/stm32cubeide/plugins/com.st.stm32cube.ide.mcu.externaltools.gnu-tools-for-stm32.7-2018-q2-update.win32_1.5.0.202011040924/tools/bin/../lib/gcc/arm-none-eabi/7.3.1/../../../../arm-none-eabi/lib/thumb/v7e-m/fpv4-sp/hard\libc_nano.a(lib_a-memcpy-stub.o)
                              Core/Src/command_respond.o (memcpy)
c:/st/stm32cubeide_1.5.0/stm32cubeide/plugins/com.st.stm32cube.ide.mcu.externaltools.gnu-tools-for-stm32.7-2018-q2-update.win32_1.5.0.202011040924/tools/bin/../lib/gcc/arm-none-eabi/7.3.1/../../../../arm-none-eabi/lib/thumb/v7e-m/fpv4-sp/hard\libc_nano.a(lib_a-memmove.o)
                              Core/Src/communicate_payload.o (memmove)
c:/st/stm32cubeide_1.5.0/stm32cubeide/plugins/com.st.stm32cube.ide.mcu.externaltools.gnu-tools-for-stm32.7-2018-q2-update.win32_1.5.0.202011040924/tools/bin/../lib/gcc/arm-none-eabi/7.3.1/../../../../arm-none-eabi/lib/thumb/v7e-m/fpv4-sp/hard\libc_nano.a(lib_a-memset.o)
                              c:/st/stm32cubeide_1.5.0/stm32cubeide/plugins/com.st.stm32cube.ide.mcu.externaltools.gnu-tools-for-stm32.7-2018-q2-update.win32_1.5.0.202011040924/tools/bin/../lib/gcc/arm-none-eabi/7.3.1/../../../../arm-none-eabi/lib/thumb/v7e-m/fpv4-sp/hard/crt0.o (memset)
c:/st/stm32cubeide_1.5.0/stm32cubeide/plugins/com.st.stm32cube.ide.mcu.externaltools.gnu-tools-for-stm32.7-2018-q2-update.win32_1.5.0.202011040924/tools/bin/../lib/gcc/arm-none-eabi/7.3.1/../../../../arm-none-eabi/lib/thumb/v7e-m/fpv4-sp/hard\libc_nano.a(lib_a-nano-freer.o)
                              c:/st/stm32cubeide_1.5.0/stm32cubeide/plugins/com.st.stm32cube.ide.mcu.externaltools.gnu-tools-for-stm32.7-2018-q2-update.win32_1.5.0.202011040924/tools/bin/../lib/gcc/arm-none-eabi/7.3.1/../../../../arm-none-eabi/lib/thumb/v7e-m/fpv4-sp/hard\libc_nano.a(lib_a-malloc.o) (_free_r)
c:/st/stm32cubeide_1.5.0/stm32cubeide/plugins/com.st.stm32cube.ide.mcu.externaltools.gnu-tools-for-stm32.7-2018-q2-update.win32_1.5.0.202011040924/tools/bin/../lib/gcc/arm-none-eabi/7.3.1/../../../../arm-none-eabi/lib/thumb/v7e-m/fpv4-sp/hard\libc_nano.a(lib_a-nano-mallocr.o)
                              c:/st/stm32cubeide_1.5.0/stm32cubeide/plugins/com.st.stm32cube.ide.mcu.externaltools.gnu-tools-for-stm32.7-2018-q2-update.win32_1.5.0.202011040924/tools/bin/../lib/gcc/arm-none-eabi/7.3.1/../../../../arm-none-eabi/lib/thumb/v7e-m/fpv4-sp/hard\libc_nano.a(lib_a-malloc.o) (_malloc_r)
[...]
Memory Configuration

Name             Origin             Length             Attributes
CCMRAM           0x0000000010000000 0x0000000000010000 xrw
RAM              0x0000000020000000 0x0000000000020000 xrw
FLASH            0x0000000008000000 0x0000000000100000 xr
*default*        0x0000000000000000 0xffffffffffffffff

Linker script and memory map

LOAD c:/st/stm32cubeide_1.5.0/stm32cubeide/plugins/com.st.stm32cube.ide.mcu.externaltools.gnu-tools-for-stm32.7-2018-q2-update.win32_1.5.0.202011040924/tools/bin/../lib/gcc/arm-none-eabi/7.3.1/thumb/v7e-m/fpv4-sp/hard/crti.o
LOAD c:/st/stm32cubeide_1.5.0/stm32cubeide/plugins/com.st.stm32cube.ide.mcu.externaltools.gnu-tools-for-stm32.7-2018-q2-update.win32_1.5.0.202011040924/tools/bin/../lib/gcc/arm-none-eabi/7.3.1/thumb/v7e-m/fpv4-sp/hard/crtbegin.o
LOAD c:/st/stm32cubeide_1.5.0/stm32cubeide/plugins/com.st.stm32cube.ide.mcu.externaltools.gnu-tools-for-stm32.7-2018-q2-update.win32_1.5.0.202011040924/tools/bin/../lib/gcc/arm-none-eabi/7.3.1/../../../../arm-none-eabi/lib/thumb/v7e-m/fpv4-sp/hard/crt0.o
LOAD Core/Src/command_respond.o
LOAD Core/Src/common_def.o
LOAD Core/Src/communicate_payload.o
LOAD Core/Src/dma.o
LOAD Core/Src/freertos.o
LOAD Core/Src/fsmc.o
LOAD Core/Src/gpio.o
LOAD Core/Src/kinematic.o
LOAD Core/Src/main.o
LOAD Core/Src/ringbuffer.o
LOAD Core/Src/robot_lowlayler.o
LOAD Core/Src/robot_scara.o
LOAD Core/Src/stm32f4xx_hal_msp.o
LOAD Core/Src/stm32f4xx_hal_timebase_tim.o
LOAD Core/Src/stm32f4xx_it.o
LOAD Core/Src/sys.o
LOAD Core/Src/syscalls.o
LOAD Core/Src/sysmem.o
LOAD Core/Src/system_stm32f4xx.o
LOAD Core/Src/tim.o
LOAD Core/Src/usart.o
LOAD Core/Startup/startup_stm32f407vgtx.o
LOAD Drivers/STM32F4xx_HAL_Driver/Src/stm32f4xx_hal.o
LOAD Drivers/STM32F4xx_HAL_Driver/Src/stm32f4xx_hal_cortex.o
LOAD Drivers/STM32F4xx_HAL_Driver/Src/stm32f4xx_hal_dma.o
LOAD Drivers/STM32F4xx_HAL_Driver/Src/stm32f4xx_hal_dma_ex.o
LOAD Drivers/STM32F4xx_HAL_Driver/Src/stm32f4xx_hal_exti.o
LOAD Drivers/STM32F4xx_HAL_Driver/Src/stm32f4xx_hal_flash.o
LOAD Drivers/STM32F4xx_HAL_Driver/Src/stm32f4xx_hal_flash_ex.o
LOAD Drivers/STM32F4xx_HAL_Driver/Src/stm32f4xx_hal_flash_ramfunc.o
LOAD Drivers/STM32F4xx_HAL_Driver/Src/stm32f4xx_hal_gpio.o
LOAD Drivers/STM32F4xx_HAL_Driver/Src/stm32f4xx_hal_nor.o
LOAD Drivers/STM32F4xx_HAL_Driver/Src/stm32f4xx_hal_pcd.o
LOAD Drivers/STM32F4xx_HAL_Driver/Src/stm32f4xx_hal_pcd_ex.o
LOAD Drivers/STM32F4xx_HAL_Driver/Src/stm32f4xx_hal_pwr.o
LOAD Drivers/STM32F4xx_HAL_Driver/Src/stm32f4xx_hal_pwr_ex.o
LOAD Drivers/STM32F4xx_HAL_Driver/Src/stm32f4xx_hal_rcc.o
LOAD Drivers/STM32F4xx_HAL_Driver/Src/stm32f4xx_hal_rcc_ex.o
LOAD Drivers/STM32F4xx_HAL_Driver/Src/stm32f4xx_hal_tim.o
LOAD Drivers/STM32F4xx_HAL_Driver/Src/stm32f4xx_hal_tim_ex.o
LOAD Drivers/STM32F4xx_HAL_Driver/Src/stm32f4xx_hal_uart.o
LOAD Drivers/STM32F4xx_HAL_Driver/Src/stm32f4xx_ll_fsmc.o
LOAD Drivers/STM32F4xx_HAL_Driver/Src/stm32f4xx_ll_usb.o
LOAD Middlewares/ST/STM32_USB_Device_Library/Class/CDC/Src/usbd_cdc.o
LOAD Middlewares/ST/STM32_USB_Device_Library/Core/Src/usbd_core.o
LOAD Middlewares/ST/STM32_USB_Device_Library/Core/Src/usbd_ctlreq.o
LOAD Middlewares/ST/STM32_USB_Device_Library/Core/Src/usbd_ioreq.o
LOAD Middlewares/Third_Party/FreeRTOS/Source/CMSIS_RTOS/cmsis_os.o
LOAD Middlewares/Third_Party/FreeRTOS/Source/croutine.o
LOAD Middlewares/Third_Party/FreeRTOS/Source/event_groups.o
LOAD Middlewares/Third_Party/FreeRTOS/Source/list.o
LOAD Middlewares/Third_Party/FreeRTOS/Source/queue.o
LOAD Middlewares/Third_Party/FreeRTOS/Source/stream_buffer.o
LOAD Middlewares/Third_Party/FreeRTOS/Source/tasks.o
LOAD Middlewares/Third_Party/FreeRTOS/Source/timers.o
LOAD Middlewares/Third_Party/FreeRTOS/Source/portable/GCC/ARM_CM4F/port.o
LOAD Middlewares/Third_Party/FreeRTOS/Source/portable/MemMang/heap_4.o
LOAD USB_DEVICE/App/usb_device.o
LOAD USB_DEVICE/App/usbd_cdc_if.o
LOAD USB_DEVICE/App/usbd_desc.o
LOAD USB_DEVICE/Target/usbd_conf.o
START GROUP
LOAD c:/st/stm32cubeide_1.5.0/stm32cubeide/plugins/com.st.stm32cube.ide.mcu.externaltools.gnu-tools-for-stm32.7-2018-q2-update.win32_1.5.0.202011040924/tools/bin/../lib/gcc/arm-none-eabi/7.3.1/../../../../arm-none-eabi/lib/thumb/v7e-m/fpv4-sp/hard\libc_nano.a
LOAD c:/st/stm32cubeide_1.5.0/stm32cubeide/plugins/com.st.stm32cube.ide.mcu.externaltools.gnu-tools-for-stm32.7-2018-q2-update.win32_1.5.0.202011040924/tools/bin/../lib/gcc/arm-none-eabi/7.3.1/../../../../arm-none-eabi/lib/thumb/v7e-m/fpv4-sp/hard\libm.a
END GROUP
START GROUP
LOAD c:/st/stm32cubeide_1.5.0/stm32cubeide/plugins/com.st.stm32cube.ide.mcu.externaltools.gnu-tools-for-stm32.7-2018-q2-update.win32_1.5.0.202011040924/tools/bin/../lib/gcc/arm-none-eabi/7.3.1/thumb/v7e-m/fpv4-sp/hard\libgcc.a
LOAD c:/st/stm32cubeide_1.5.0/stm32cubeide/plugins/com.st.stm32cube.ide.mcu.externaltools.gnu-tools-for-stm32.7-2018-q2-update.win32_1.5.0.202011040924/tools/bin/../lib/gcc/arm-none-eabi/7.3.1/../../../../arm-none-eabi/lib/thumb/v7e-m/fpv4-sp/hard\libc_nano.a
END GROUP
START GROUP
LOAD c:/st/stm32cubeide_1.5.0/stm32cubeide/plugins/com.st.stm32cube.ide.mcu.externaltools.gnu-tools-for-stm32.7-2018-q2-update.win32_1.5.0.202011040924/tools/bin/../lib/gcc/arm-none-eabi/7.3.1/thumb/v7e-m/fpv4-sp/hard\libgcc.a
LOAD c:/st/stm32cubeide_1.5.0/stm32cubeide/plugins/com.st.stm32cube.ide.mcu.externaltools.gnu-tools-for-stm32.7-2018-q2-update.win32_1.5.0.202011040924/tools/bin/../lib/gcc/arm-none-eabi/7.3.1/../../../../arm-none-eabi/lib/thumb/v7e-m/fpv4-sp/hard\libc_nano.a
LOAD c:/st/stm32cubeide_1.5.0/stm32cubeide/plugins/com.st.stm32cube.ide.mcu.externaltools.gnu-tools-for-stm32.7-2018-q2-update.win32_1.5.0.202011040924/tools/bin/../lib/gcc/arm-none-eabi/7.3.1/../../../../arm-none-eabi/lib/thumb/v7e-m/fpv4-sp/hard\libnosys.a
END GROUP
START GROUP
LOAD c:/st/stm32cubeide_1.5.0/stm32cubeide/plugins/com.st.stm32cube.ide.mcu.externaltools.gnu-tools-for-stm32.7-2018-q2-update.win32_1.5.0.202011040924/tools/bin/../lib/gcc/arm-none-eabi/7.3.1/thumb/v7e-m/fpv4-sp/hard\libgcc.a
LOAD c:/st/stm32cubeide_1.5.0/stm32cubeide/plugins/com.st.stm32cube.ide.mcu.externaltools.gnu-tools-for-stm32.7-2018-q2-update.win32_1.5.0.202011040924/tools/bin/../lib/gcc/arm-none-eabi/7.3.1/../../../../arm-none-eabi/lib/thumb/v7e-m/fpv4-sp/hard\libc_nano.a
LOAD c:/st/stm32cubeide_1.5.0/stm32cubeide/plugins/com.st.stm32cube.ide.mcu.externaltools.gnu-tools-for-stm32.7-2018-q2-update.win32_1.5.0.202011040924/tools/bin/../lib/gcc/arm-none-eabi/7.3.1/../../../../arm-none-eabi/lib/thumb/v7e-m/fpv4-sp/hard\libnosys.a
END GROUP
LOAD c:/st/stm32cubeide_1.5.0/stm32cubeide/plugins/com.st.stm32cube.ide.mcu.externaltools.gnu-tools-for-stm32.7-2018-q2-update.win32_1.5.0.202011040924/tools/bin/../lib/gcc/arm-none-eabi/7.3.1/thumb/v7e-m/fpv4-sp/hard/crtend.o
LOAD c:/st/stm32cubeide_1.5.0/stm32cubeide/plugins/com.st.stm32cube.ide.mcu.externaltools.gnu-tools-for-stm32.7-2018-q2-update.win32_1.5.0.202011040924/tools/bin/../lib/gcc/arm-none-eabi/7.3.1/thumb/v7e-m/fpv4-sp/hard/crtn.o
                0x0000000020020000                _estack = (ORIGIN (RAM) + LENGTH (RAM))
                0x0000000000000200                _Min_Heap_Size = 0x200
                0x0000000000000400                _Min_Stack_Size = 0x400

.isr_vector     0x0000000008000000      0x188
                0x0000000008000000                . = ALIGN (0x4)
 *(.isr_vector)
 .isr_vector    0x0000000008000000      0x188 Core/Startup/startup_stm32f407vgtx.o
                0x0000000008000000                g_pfnVectors
                0x0000000008000188                . = ALIGN (0x4)

.text           0x0000000008000190    0x1aadc
                0x0000000008000190                . = ALIGN (0x4)
 *(.text)
 .text          0x0000000008000190       0x40 c:/st/stm32cubeide_1.5.0/stm32cubeide/plugins/com.st.stm32cube.ide.mcu.externaltools.gnu-tools-for-stm32.7-2018-q2-update.win32_1.5.0.202011040924/tools/bin/../lib/gcc/arm-none-eabi/7.3.1/thumb/v7e-m/fpv4-sp/hard/crtbegin.o
 .text          0x00000000080001d0       0x10 c:/st/stm32cubeide_1.5.0/stm32cubeide/plugins/com.st.stm32cube.ide.mcu.externaltools.gnu-tools-for-stm32.7-2018-q2-update.win32_1.5.0.202011040924/tools/bin/../lib/gcc/arm-none-eabi/7.3.1/../../../../arm-none-eabi/lib/thumb/v7e-m/fpv4-sp/hard\libc_nano.a(lib_a-strlen.o)
                0x00000000080001d0                strlen
 .text          0x00000000080001e0       0xa0 c:/st/stm32cubeide_1.5.0/stm32cubeide/plugins/com.st.stm32cube.ide.mcu.externaltools.gnu-tools-for-stm32.7-2018-q2-update.win32_1.5.0.202011040924/tools/bin/../lib/gcc/arm-none-eabi/7.3.1/../../../../arm-none-eabi/lib/thumb/v7e-m/fpv4-sp/hard\libc_nano.a(lib_a-memchr.o)
                0x00000000080001e0                memchr
 .text          0x0000000008000280      0x378 c:/st/stm32cubeide_1.5.0/stm32cubeide/plugins/com.st.stm32cube.ide.mcu.externaltools.gnu-tools-for-stm32.7-2018-q2-update.win32_1.5.0.202011040924/tools/bin/../lib/gcc/arm-none-eabi/7.3.1/thumb/v7e-m/fpv4-sp/hard\libgcc.a(_arm_addsubdf3.o)
                0x0000000008000280                __aeabi_drsub
                0x0000000008000288                __aeabi_dsub
                0x0000000008000288                __subdf3
                0x000000000800028c                __aeabi_dadd
                0x000000000800028c                __adddf3
                0x0000000008000504                __floatunsidf
                0x0000000008000504                __aeabi_ui2d
                0x0000000008000524                __floatsidf
                0x0000000008000524                __aeabi_i2d
                0x0000000008000548                __aeabi_f2d
                0x0000000008000548                __extendsfdf2
                0x000000000800058c                __floatundidf
                0x000000000800058c                __aeabi_ul2d
                0x000000000800059c                __floatdidf
                0x000000000800059c                __aeabi_l2d
 .text          0x00000000080005f8      0x424 c:/st/stm32cubeide_1.5.0/stm32cubeide/plugins/com.st.stm32cube.ide.mcu.externaltools.gnu-tools-for-stm32.7-2018-q2-update.win32_1.5.0.202011040924/tools/bin/../lib/gcc/arm-none-eabi/7.3.1/thumb/v7e-m/fpv4-sp/hard\libgcc.a(_arm_muldivdf3.o)
                0x00000000080005f8                __aeabi_dmul
                0x00000000080005f8                __muldf3
                0x000000000800084c                __divdf3
                0x000000000800084c                __aeabi_ddiv
 .text          0x0000000008000a1c      0x110 c:/st/stm32cubeide_1.5.0/stm32cubeide/plugins/com.st.stm32cube.ide.mcu.externaltools.gnu-tools-for-stm32.7-2018-q2-update.win32_1.5.0.202011040924/tools/bin/../lib/gcc/arm-none-eabi/7.3.1/thumb/v7e-m/fpv4-sp/hard\libgcc.a(_arm_cmpdf2.o)
                0x0000000008000a1c                __gtdf2
                0x0000000008000a1c                __gedf2
                0x0000000008000a24                __ltdf2
                0x0000000008000a24                __ledf2
                0x0000000008000a2c                __nedf2
                0x0000000008000a2c                __eqdf2
                0x0000000008000a2c                __cmpdf2
                0x0000000008000aa8                __aeabi_cdrcmple
                0x0000000008000ab8                __aeabi_cdcmpeq
                0x0000000008000ab8                __aeabi_cdcmple
                0x0000000008000ac8                __aeabi_dcmpeq
                0x0000000008000adc                __aeabi_dcmplt
                0x0000000008000af0                __aeabi_dcmple
                0x0000000008000b04                __aeabi_dcmpge
                0x0000000008000b18                __aeabi_dcmpgt
 .text          0x0000000008000b2c       0x2c c:/st/stm32cubeide_1.5.0/stm32cubeide/plugins/com.st.stm32cube.ide.mcu.externaltools.gnu-tools-for-stm32.7-2018-q2-update.win32_1.5.0.202011040924/tools/bin/../lib/gcc/arm-none-eabi/7.3.1/thumb/v7e-m/fpv4-sp/hard\libgcc.a(_arm_unorddf2.o)
                0x0000000008000b2c                __unorddf2
                0x0000000008000b2c                __aeabi_dcmpun
 .text          0x0000000008000b58       0x50 c:/st/stm32cubeide_1.5.0/stm32cubeide/plugins/com.st.stm32cube.ide.mcu.externaltools.gnu-tools-for-stm32.7-2018-q2-update.win32_1.5.0.202011040924/tools/bin/../lib/gcc/arm-none-eabi/7.3.1/thumb/v7e-m/fpv4-sp/hard\libgcc.a(_arm_fixdfsi.o)
                0x0000000008000b58                __aeabi_d2iz
                0x0000000008000b58                __fixdfsi
 .text          0x0000000008000ba8       0x40 c:/st/stm32cubeide_1.5.0/stm32cubeide/plugins/com.st.stm32cube.ide.mcu.externaltools.gnu-tools-for-stm32.7-2018-q2-update.win32_1.5.0.202011040924/tools/bin/../lib/gcc/arm-none-eabi/7.3.1/thumb/v7e-m/fpv4-sp/hard\libgcc.a(_arm_fixunsdfsi.o)
                0x0000000008000ba8                __aeabi_d2uiz
                0x0000000008000ba8                __fixunsdfsi
 .text          0x0000000008000be8       0xa0 c:/st/stm32cubeide_1.5.0/stm32cubeide/plugins/com.st.stm32cube.ide.mcu.externaltools.gnu-tools-for-stm32.7-2018-q2-update.win32_1.5.0.202011040924/tools/bin/../lib/gcc/arm-none-eabi/7.3.1/thumb/v7e-m/fpv4-sp/hard\libgcc.a(_arm_truncdfsf2.o)
                0x0000000008000be8                __truncdfsf2
                0x0000000008000be8                __aeabi_d2f
 .text          0x0000000008000c88       0x30 c:/st/stm32cubeide_1.5.0/stm32cubeide/plugins/com.st.stm32cube.ide.mcu.externaltools.gnu-tools-for-stm32.7-2018-q2-update.win32_1.5.0.202011040924/tools/bin/../lib/gcc/arm-none-eabi/7.3.1/thumb/v7e-m/fpv4-sp/hard\libgcc.a(_aeabi_uldivmod.o)
                0x0000000008000c88                __aeabi_uldivmod
 .text          0x0000000008000cb8      0x2cc c:/st/stm32cubeide_1.5.0/stm32cubeide/plugins/com.st.stm32cube.ide.mcu.externaltools.gnu-tools-for-stm32.7-2018-q2-update.win32_1.5.0.202011040924/tools/bin/../lib/gcc/arm-none-eabi/7.3.1/thumb/v7e-m/fpv4-sp/hard\libgcc.a(_udivmoddi4.o)
                0x0000000008000cb8                __udivmoddi4
 .text          0x0000000008000f84        0x4 c:/st/stm32cubeide_1.5.0/stm32cubeide/plugins/com.st.stm32cube.ide.mcu.externaltools.gnu-tools-for-stm32.7-2018-q2-update.win32_1.5.0.202011040924/tools/bin/../lib/gcc/arm-none-eabi/7.3.1/thumb/v7e-m/fpv4-sp/hard\libgcc.a(_dvmd_tls.o)
                0x0000000008000f84                __aeabi_idiv0
                0x0000000008000f84                __aeabi_ldiv0
 *(.text*)
 .text.commandRead
                0x0000000008000f88      0x384 Core/Src/command_respond.o
                0x0000000008000f88                commandRead
 .text.commandReply
                0x000000000800130c      0x2b8 Core/Src/command_respond.o
                0x000000000800130c                commandReply
 .text.commandRespond
                0x00000000080015c4       0xa0 Core/Src/command_respond.o
                0x00000000080015c4                commandRespond
 .text.commandRespond1
                0x0000000008001664       0x76 Core/Src/command_respond.o
                0x0000000008001664                commandRespond1
 *fill*         0x00000000080016da        0x2 
 .text.LOG_REPORT
                0x00000000080016dc       0x8c Core/Src/common_def.o
                0x00000000080016dc                LOG_REPORT
 .text.double2string
                0x0000000008001768      0x558 Core/Src/common_def.o
                0x0000000008001768                double2string
 .text.packPayload
                0x0000000008001cc0       0xd4 Core/Src/communicate_payload.o
                0x0000000008001cc0                packPayload
 .text.unPackPayload
                0x0000000008001d94       0xec Core/Src/communicate_payload.o
                0x0000000008001d94                unPackPayload
 .text.MX_DMA_Init
                0x0000000008001e80       0x40 Core/Src/dma.o
                0x0000000008001e80                MX_DMA_Init
 .text.vApplicationGetIdleTaskMemory
                0x0000000008001ec0       0x34 Core/Src/freertos.o
                0x0000000008001ec0                vApplicationGetIdleTaskMemory
 .text.MX_FREERTOS_Init
                0x0000000008001ef4       0xa8 Core/Src/freertos.o
                0x0000000008001ef4                MX_FREERTOS_Init
 *fill*         0x0000000008001f9c        0x4 
 .text.StartDefaultTask
                0x0000000008001fa0      0xaec Core/Src/freertos.o
                0x0000000008001fa0                StartDefaultTask
 .text.Start_USB_RX_Task
                0x0000000008002a8c      0x1c4 Core/Src/freertos.o
                0x0000000008002a8c                Start_USB_RX_Task
 .text.FSMC_Write
                0x0000000008002c50       0x1e Core/Src/fsmc.o
                0x0000000008002c50                FSMC_Write
 .text.FSMC_Read
                0x0000000008002c6e       0x1a Core/Src/fsmc.o
                0x0000000008002c6e                FSMC_Read
 .text.MX_FSMC_Init
                0x0000000008002c88       0xc0 Core/Src/fsmc.o
                0x0000000008002c88                MX_FSMC_Init
 .text.HAL_FSMC_MspInit
                0x0000000008002d48       0xbc Core/Src/fsmc.o
 .text.HAL_NOR_MspInit
                0x0000000008002e04       0x14 Core/Src/fsmc.o
                0x0000000008002e04                HAL_NOR_MspInit
 .text.MX_GPIO_Init
                0x0000000008002e18      0x170 Core/Src/gpio.o
                0x0000000008002e18                MX_GPIO_Init
 .text.kinematicForward
                0x0000000008002f88      0x274 Core/Src/kinematic.o
                0x0000000008002f88                kinematicForward
 *fill*         0x00000000080031fc        0x4 
 .text.kinematicInverse
                0x0000000008003200      0x3fc Core/Src/kinematic.o
                0x0000000008003200                kinematicInverse
 .text.main     0x00000000080035fc       0x2a Core/Src/main.o
                0x00000000080035fc                main
 *fill*         0x0000000008003626        0x2 
 .text.SystemClock_Config
                0x0000000008003628       0xd4 Core/Src/main.o
                0x0000000008003628                SystemClock_Config
 .text.HAL_TIM_PeriodElapsedCallback
                0x00000000080036fc       0x24 Core/Src/main.o
                0x00000000080036fc                HAL_TIM_PeriodElapsedCallback
 .text.Error_Handler
                0x0000000008003720        0xe Core/Src/main.o
                0x0000000008003720                Error_Handler
 .text.ringBuff_PushChar
                0x000000000800372e       0x70 Core/Src/ringbuffer.o
                0x000000000800372e                ringBuff_PushChar
 .text.ringBuff_PopChar
                0x000000000800379e       0x70 Core/Src/ringbuffer.o
                0x000000000800379e                ringBuff_PopChar
 .text.ringBuff_PushArray
                0x000000000800380e       0x50 Core/Src/ringbuffer.o
                0x000000000800380e                ringBuff_PushArray
 .text.ringBuff_PopArray
                0x000000000800385e       0x42 Core/Src/ringbuffer.o
                0x000000000800385e                ringBuff_PopArray
 .text.ringBuff_DistanceOf
                0x00000000080038a0       0xb6 Core/Src/ringbuffer.o
                0x00000000080038a0                ringBuff_DistanceOf
 *fill*         0x0000000008003956        0x2 
 .text.lowlayer_scanReset
                0x0000000008003958       0x5c Core/Src/robot_lowlayler.o
                0x0000000008003958                lowlayer_scanReset
 *fill*         0x00000000080039b4        0x4 
 .text.lowlayer_scanFlow
                0x00000000080039b8      0x2b4 Core/Src/robot_lowlayler.o
                0x00000000080039b8                lowlayer_scanFlow
 *fill*         0x0000000008003c6c        0x4 
 .text.lowlayer_goToSoftLimit
                0x0000000008003c70       0xfc Core/Src/robot_lowlayler.o
                0x0000000008003c70                lowlayer_goToSoftLimit
 *fill*         0x0000000008003d6c        0x4 
 .text.lowlayer_readTruePosition
                0x0000000008003d70      0x1b4 Core/Src/robot_lowlayler.o
                0x0000000008003d70                lowlayer_readTruePosition
 *fill*         0x0000000008003f24        0x4 
 .text.lowlayer_readSetPosition
                0x0000000008003f28      0x168 Core/Src/robot_lowlayler.o
                0x0000000008003f28                lowlayer_readSetPosition
 .text.lowlayer_computeAndWritePulse
                0x0000000008004090      0x36c Core/Src/robot_lowlayler.o
                0x0000000008004090                lowlayer_computeAndWritePulse
 .text.lowlayer_writePulse
                0x00000000080043fc      0x188 Core/Src/robot_lowlayler.o
                0x00000000080043fc                lowlayer_writePulse
 .text.lowlayer_resetEncoder
                0x0000000008004584       0x3c Core/Src/robot_lowlayler.o
                0x0000000008004584                lowlayer_resetEncoder
 .text.lowlayer_readLimitSwitch
                0x00000000080045c0       0x20 Core/Src/robot_lowlayler.o
                0x00000000080045c0                lowlayer_readLimitSwitch
 .text.lowlayer_readEncoder
                0x00000000080045e0       0x58 Core/Src/robot_lowlayler.o
                0x00000000080045e0                lowlayer_readEncoder
 .text.lowlayer_readCapture
                0x0000000008004638       0x58 Core/Src/robot_lowlayler.o
                0x0000000008004638                lowlayer_readCapture
 .text.lowlayer_updateEncoder
                0x0000000008004690       0x38 Core/Src/robot_lowlayler.o
                0x0000000008004690                lowlayer_updateEncoder
 .text.lowlayer_updateCapture
                0x00000000080046c8       0x38 Core/Src/robot_lowlayler.o
                0x00000000080046c8                lowlayer_updateCapture
 .text.lowlayer_updateLimit
                0x0000000008004700       0x44 Core/Src/robot_lowlayler.o
                0x0000000008004700                lowlayer_updateLimit
 .text.lowlayer_setOutput
                0x0000000008004744       0x38 Core/Src/robot_lowlayler.o
                0x0000000008004744                lowlayer_setOutput
 .text.lowlayer_CPLD_Init
                0x000000000800477c       0x18 Core/Src/robot_lowlayler.o
                0x000000000800477c                lowlayer_CPLD_Init
 .text.lowlayer_stepMotorInit
                0x0000000008004794       0x30 Core/Src/robot_lowlayler.o
                0x0000000008004794                lowlayer_stepMotorInit
 .text.scaraStartup
                0x00000000080047c4       0x20 Core/Src/robot_scara.o
                0x00000000080047c4                scaraStartup
 *fill*         0x00000000080047e4        0x4 
 .text.scaraInitDuty
                0x00000000080047e8     0x15ec Core/Src/robot_scara.o
                0x00000000080047e8                scaraInitDuty
 .text.scaraInitLine
                0x0000000008005dd4      0x186 Core/Src/robot_scara.o
                0x0000000008005dd4                scaraInitLine
 *fill*         0x0000000008005f5a        0x6 
 .text.scaraInitCircle
                0x0000000008005f60      0x2ec Core/Src/robot_scara.o
                0x0000000008005f60                scaraInitCircle
 *fill*         0x000000000800624c        0x4 
 .text.scaraInitLSPB
                0x0000000008006250      0x7d4 Core/Src/robot_scara.o
                0x0000000008006250                scaraInitLSPB
 *fill*         0x0000000008006a24        0x4 
 .text.scaraInitScurve
                0x0000000008006a28      0x70c Core/Src/robot_scara.o
                0x0000000008006a28                scaraInitScurve
 .text.scaraFlowDuty
                0x0000000008007134      0x6bc Core/Src/robot_scara.o
                0x0000000008007134                scaraFlowDuty
 .text.scaraFlowLine
                0x00000000080077f0      0x110 Core/Src/robot_scara.o
                0x00000000080077f0                scaraFlowLine
 .text.scaraFlowCircle
                0x0000000008007900      0x110 Core/Src/robot_scara.o
                0x0000000008007900                scaraFlowCircle
 .text.scaraFlowLSPB
                0x0000000008007a10      0x358 Core/Src/robot_scara.o
                0x0000000008007a10                scaraFlowLSPB
 .text.scaraFLowScurve
                0x0000000008007d68      0xdc8 Core/Src/robot_scara.o
                0x0000000008007d68                scaraFLowScurve
 .text.scaraCheckWorkSpace4
                0x0000000008008b30      0x108 Core/Src/robot_scara.o
                0x0000000008008b30                scaraCheckWorkSpace4
 .text.scaraCheckWorkSpace1
                0x0000000008008c38      0x128 Core/Src/robot_scara.o
                0x0000000008008c38                scaraCheckWorkSpace1
 .text.scaraTestDuty
                0x0000000008008d60       0xf8 Core/Src/robot_scara.o
                0x0000000008008d60                scaraTestDuty
 .text.scaraSetScanFlag
                0x0000000008008e58       0x18 Core/Src/robot_scara.o
                0x0000000008008e58                scaraSetScanFlag
 .text.scaraSetOutput
                0x0000000008008e70       0x24 Core/Src/robot_scara.o
                0x0000000008008e70                scaraSetOutput
 .text.scaraSetDutyState
                0x0000000008008e94       0x20 Core/Src/robot_scara.o
                0x0000000008008e94                scaraSetDutyState
 .text.scaraSetMode
                0x0000000008008eb4       0x20 Core/Src/robot_scara.o
                0x0000000008008eb4                scaraSetMode
 .text.scaraSetMethod
                0x0000000008008ed4       0x20 Core/Src/robot_scara.o
                0x0000000008008ed4                scaraSetMethod
 .text.scaraGetPosition
                0x0000000008008ef4       0x20 Core/Src/robot_scara.o
                0x0000000008008ef4                scaraGetPosition
 .text.scaraGetMode
                0x0000000008008f14       0x18 Core/Src/robot_scara.o
                0x0000000008008f14                scaraGetMode
 .text.scaraGetMethod
                0x0000000008008f2c       0x18 Core/Src/robot_scara.o
                0x0000000008008f2c                scaraGetMethod
 .text.scaraGetDutyState
                0x0000000008008f44       0x18 Core/Src/robot_scara.o
                0x0000000008008f44                scaraGetDutyState
 .text.scaraIsScanLimit
                0x0000000008008f5c       0x18 Core/Src/robot_scara.o
                0x0000000008008f5c                scaraIsScanLimit
 *fill*         0x0000000008008f74        0x4 
 .text.scaraIsFinish
                0x0000000008008f78       0x54 Core/Src/robot_scara.o
                0x0000000008008f78                scaraIsFinish
 *fill*         0x0000000008008fcc        0x4 
 .text.scaraPosition2String
                0x0000000008008fd0      0x220 Core/Src/robot_scara.o
                0x0000000008008fd0                scaraPosition2String
 .text.scaraPosition_packaging
                0x00000000080091f0       0x54 Core/Src/robot_scara.o
                0x00000000080091f0                scaraPosition_packaging
 *fill*         0x0000000008009244        0x4 
 .text.scaraKeyInit
                0x0000000008009248     0x10fc Core/Src/robot_scara.o
                0x0000000008009248                scaraKeyInit
 .text.scaraKeyFlow
                0x000000000800a344      0x59c Core/Src/robot_scara.o
                0x000000000800a344                scaraKeyFlow
 .text.HAL_MspInit
                0x000000000800a8e0       0x58 Core/Src/stm32f4xx_hal_msp.o
                0x000000000800a8e0                HAL_MspInit
 .text.HAL_InitTick
                0x000000000800a938       0xb4 Core/Src/stm32f4xx_hal_timebase_tim.o
                0x000000000800a938                HAL_InitTick
 .text.NMI_Handler
                0x000000000800a9ec        0xe Core/Src/stm32f4xx_it.o
                0x000000000800a9ec                NMI_Handler
 *fill*         0x000000000800a9fa        0x2 
 .text.HardFault_Handler
                0x000000000800a9fc       0x14 Core/Src/stm32f4xx_it.o
                0x000000000800a9fc                HardFault_Handler
 .text.MemManage_Handler
                0x000000000800aa10       0x14 Core/Src/stm32f4xx_it.o
                0x000000000800aa10                MemManage_Handler
 .text.BusFault_Handler
                0x000000000800aa24       0x14 Core/Src/stm32f4xx_it.o
                0x000000000800aa24                BusFault_Handler
 .text.UsageFault_Handler
                0x000000000800aa38        0x6 Core/Src/stm32f4xx_it.o
                0x000000000800aa38                UsageFault_Handler
 .text.DebugMon_Handler
                0x000000000800aa3e        0xe Core/Src/stm32f4xx_it.o
                0x000000000800aa3e                DebugMon_Handler
 .text.DMA1_Stream4_IRQHandler
                0x000000000800aa4c       0x14 Core/Src/stm32f4xx_it.o
                0x000000000800aa4c                DMA1_Stream4_IRQHandler
 .text.UART4_IRQHandler
                0x000000000800aa60       0x14 Core/Src/stm32f4xx_it.o
                0x000000000800aa60                UART4_IRQHandler
 .text.TIM6_DAC_IRQHandler
                0x000000000800aa74       0x14 Core/Src/stm32f4xx_it.o
                0x000000000800aa74                TIM6_DAC_IRQHandler
 .text.TIM7_IRQHandler
                0x000000000800aa88       0x24 Core/Src/stm32f4xx_it.o
                0x000000000800aa88                TIM7_IRQHandler
 .text.OTG_FS_IRQHandler
                0x000000000800aaac       0x14 Core/Src/stm32f4xx_it.o
                0x000000000800aaac                OTG_FS_IRQHandler
 .text._sbrk    0x000000000800aac0       0x58 Core/Src/sysmem.o
                0x000000000800aac0                _sbrk
 .text.SystemInit
                0x000000000800ab18       0x2c Core/Src/system_stm32f4xx.o
                0x000000000800ab18                SystemInit
 .text.MX_TIM7_Init
                0x000000000800ab44       0x6c Core/Src/tim.o
                0x000000000800ab44                MX_TIM7_Init
 .text.HAL_TIM_Base_MspInit
                0x000000000800abb0       0x50 Core/Src/tim.o
                0x000000000800abb0                HAL_TIM_Base_MspInit
 .text.MX_UART4_Init
                0x000000000800ac00       0x54 Core/Src/usart.o
                0x000000000800ac00                MX_UART4_Init
 .text.HAL_UART_MspInit
                0x000000000800ac54      0x104 Core/Src/usart.o
                0x000000000800ac54                HAL_UART_MspInit
 .text.HAL_UART_TxCpltCallback
                0x000000000800ad58       0x50 Core/Src/usart.o
                0x000000000800ad58                HAL_UART_TxCpltCallback
 .text.Reset_Handler
                0x000000000800ada8       0x50 Core/Startup/startup_stm32f407vgtx.o
                0x000000000800ada8                Reset_Handler
 .text.Default_Handler
                0x000000000800adf8        0x2 Core/Startup/startup_stm32f407vgtx.o
                0x000000000800adf8                RTC_Alarm_IRQHandler
                0x000000000800adf8                HASH_RNG_IRQHandler
                0x000000000800adf8                EXTI2_IRQHandler
                0x000000000800adf8                TIM8_CC_IRQHandler
                0x000000000800adf8                TIM1_CC_IRQHandler
                0x000000000800adf8                DMA2_Stream5_IRQHandler
                0x000000000800adf8                DMA1_Stream5_IRQHandler
                0x000000000800adf8                PVD_IRQHandler
                0x000000000800adf8                SDIO_IRQHandler
                0x000000000800adf8                TAMP_STAMP_IRQHandler
                0x000000000800adf8                CAN2_RX1_IRQHandler
                0x000000000800adf8                EXTI3_IRQHandler
                0x000000000800adf8                TIM8_TRG_COM_TIM14_IRQHandler
                0x000000000800adf8                TIM1_UP_TIM10_IRQHandler
                0x000000000800adf8                TIM8_UP_TIM13_IRQHandler
                0x000000000800adf8                I2C3_ER_IRQHandler
                0x000000000800adf8                EXTI0_IRQHandler
                0x000000000800adf8                I2C2_EV_IRQHandler
                0x000000000800adf8                DMA1_Stream2_IRQHandler
                0x000000000800adf8                CAN1_RX0_IRQHandler
                0x000000000800adf8                FPU_IRQHandler
                0x000000000800adf8                OTG_HS_WKUP_IRQHandler
                0x000000000800adf8                CAN2_SCE_IRQHandler
                0x000000000800adf8                DMA2_Stream2_IRQHandler
                0x000000000800adf8                SPI1_IRQHandler
                0x000000000800adf8                TIM1_BRK_TIM9_IRQHandler
                0x000000000800adf8                DCMI_IRQHandler
                0x000000000800adf8                CAN2_RX0_IRQHandler
                0x000000000800adf8                DMA2_Stream3_IRQHandler
                0x000000000800adf8                USART6_IRQHandler
                0x000000000800adf8                USART3_IRQHandler
                0x000000000800adf8                CAN1_RX1_IRQHandler
                0x000000000800adf8                UART5_IRQHandler
                0x000000000800adf8                DMA2_Stream0_IRQHandler
                0x000000000800adf8                TIM4_IRQHandler
                0x000000000800adf8                I2C1_EV_IRQHandler
                0x000000000800adf8                DMA1_Stream6_IRQHandler
                0x000000000800adf8                DMA1_Stream1_IRQHandler
                0x000000000800adf8                TIM3_IRQHandler
                0x000000000800adf8                RCC_IRQHandler
                0x000000000800adf8                TIM8_BRK_TIM12_IRQHandler
                0x000000000800adf8                Default_Handler
                0x000000000800adf8                EXTI15_10_IRQHandler
                0x000000000800adf8                ADC_IRQHandler
                0x000000000800adf8                DMA1_Stream7_IRQHandler
                0x000000000800adf8                CAN2_TX_IRQHandler
                0x000000000800adf8                TIM5_IRQHandler
                0x000000000800adf8                DMA2_Stream7_IRQHandler
                0x000000000800adf8                I2C3_EV_IRQHandler
                0x000000000800adf8                EXTI9_5_IRQHandler
                0x000000000800adf8                RTC_WKUP_IRQHandler
                0x000000000800adf8                ETH_WKUP_IRQHandler
                0x000000000800adf8                SPI2_IRQHandler
                0x000000000800adf8                OTG_HS_EP1_IN_IRQHandler
                0x000000000800adf8                DMA1_Stream0_IRQHandler
                0x000000000800adf8                CAN1_TX_IRQHandler
                0x000000000800adf8                EXTI4_IRQHandler
                0x000000000800adf8                FSMC_IRQHandler
                0x000000000800adf8                ETH_IRQHandler
                0x000000000800adf8                OTG_HS_EP1_OUT_IRQHandler
                0x000000000800adf8                WWDG_IRQHandler
                0x000000000800adf8                TIM2_IRQHandler
                0x000000000800adf8                OTG_FS_WKUP_IRQHandler
                0x000000000800adf8                TIM1_TRG_COM_TIM11_IRQHandler
                0x000000000800adf8                OTG_HS_IRQHandler
                0x000000000800adf8                EXTI1_IRQHandler
                0x000000000800adf8                USART2_IRQHandler
                0x000000000800adf8                I2C2_ER_IRQHandler
                0x000000000800adf8                DMA2_Stream1_IRQHandler
                0x000000000800adf8                CAN1_SCE_IRQHandler
                0x000000000800adf8                FLASH_IRQHandler
                0x000000000800adf8                DMA2_Stream4_IRQHandler
                0x000000000800adf8                USART1_IRQHandler
                0x000000000800adf8                SPI3_IRQHandler
                0x000000000800adf8                I2C1_ER_IRQHandler
                0x000000000800adf8                DMA2_Stream6_IRQHandler
                0x000000000800adf8                DMA1_Stream3_IRQHandler
 *fill*         0x000000000800adfa        0x2 
 .text.HAL_Init
                0x000000000800adfc       0x44 Drivers/STM32F4xx_HAL_Driver/Src/stm32f4xx_hal.o
                0x000000000800adfc                HAL_Init
 .text.HAL_IncTick
                0x000000000800ae40       0x28 Drivers/STM32F4xx_HAL_Driver/Src/stm32f4xx_hal.o
                0x000000000800ae40                HAL_IncTick
 .text.HAL_GetTick
                0x000000000800ae68       0x18 Drivers/STM32F4xx_HAL_Driver/Src/stm32f4xx_hal.o
                0x000000000800ae68                HAL_GetTick
 .text.HAL_Delay
                0x000000000800ae80       0x44 Drivers/STM32F4xx_HAL_Driver/Src/stm32f4xx_hal.o
                0x000000000800ae80                HAL_Delay
 .text.__NVIC_SetPriorityGrouping
                0x000000000800aec4       0x48 Drivers/STM32F4xx_HAL_Driver/Src/stm32f4xx_hal_cortex.o
 .text.__NVIC_GetPriorityGrouping
                0x000000000800af0c       0x1c Drivers/STM32F4xx_HAL_Driver/Src/stm32f4xx_hal_cortex.o
 .text.__NVIC_EnableIRQ
                0x000000000800af28       0x3c Drivers/STM32F4xx_HAL_Driver/Src/stm32f4xx_hal_cortex.o
 .text.__NVIC_SetPriority
                0x000000000800af64       0x54 Drivers/STM32F4xx_HAL_Driver/Src/stm32f4xx_hal_cortex.o
 .text.NVIC_EncodePriority
                0x000000000800afb8       0x66 Drivers/STM32F4xx_HAL_Driver/Src/stm32f4xx_hal_cortex.o
 .text.HAL_NVIC_SetPriorityGrouping
                0x000000000800b01e       0x16 Drivers/STM32F4xx_HAL_Driver/Src/stm32f4xx_hal_cortex.o
                0x000000000800b01e                HAL_NVIC_SetPriorityGrouping
 .text.HAL_NVIC_SetPriority
                0x000000000800b034       0x38 Drivers/STM32F4xx_HAL_Driver/Src/stm32f4xx_hal_cortex.o
                0x000000000800b034                HAL_NVIC_SetPriority
 .text.HAL_NVIC_EnableIRQ
                0x000000000800b06c       0x1c Drivers/STM32F4xx_HAL_Driver/Src/stm32f4xx_hal_cortex.o
                0x000000000800b06c                HAL_NVIC_EnableIRQ
 .text.HAL_DMA_Init
                0x000000000800b088      0x15c Drivers/STM32F4xx_HAL_Driver/Src/stm32f4xx_hal_dma.o
                0x000000000800b088                HAL_DMA_Init
 .text.HAL_DMA_Start_IT
                0x000000000800b1e4       0xb0 Drivers/STM32F4xx_HAL_Driver/Src/stm32f4xx_hal_dma.o
                0x000000000800b1e4                HAL_DMA_Start_IT
 .text.HAL_DMA_Abort_IT
                0x000000000800b294       0x44 Drivers/STM32F4xx_HAL_Driver/Src/stm32f4xx_hal_dma.o
                0x000000000800b294                HAL_DMA_Abort_IT
 .text.HAL_DMA_IRQHandler
                0x000000000800b2d8      0x314 Drivers/STM32F4xx_HAL_Driver/Src/stm32f4xx_hal_dma.o
                0x000000000800b2d8                HAL_DMA_IRQHandler
 .text.HAL_DMA_GetState
                0x000000000800b5ec       0x1c Drivers/STM32F4xx_HAL_Driver/Src/stm32f4xx_hal_dma.o
                0x000000000800b5ec                HAL_DMA_GetState
 .text.DMA_SetConfig
                0x000000000800b608       0x5c Drivers/STM32F4xx_HAL_Driver/Src/stm32f4xx_hal_dma.o
 .text.DMA_CalcBaseAndBitshift
                0x000000000800b664       0x6c Drivers/STM32F4xx_HAL_Driver/Src/stm32f4xx_hal_dma.o
 .text.DMA_CheckFifoParam
                0x000000000800b6d0       0xf4 Drivers/STM32F4xx_HAL_Driver/Src/stm32f4xx_hal_dma.o
 .text.HAL_GPIO_Init
                0x000000000800b7c4      0x334 Drivers/STM32F4xx_HAL_Driver/Src/stm32f4xx_hal_gpio.o
                0x000000000800b7c4                HAL_GPIO_Init
 .text.HAL_GPIO_WritePin
                0x000000000800baf8       0x32 Drivers/STM32F4xx_HAL_Driver/Src/stm32f4xx_hal_gpio.o
                0x000000000800baf8                HAL_GPIO_WritePin
 *fill*         0x000000000800bb2a        0x2 
 .text.HAL_NOR_Init
                0x000000000800bb2c       0xac Drivers/STM32F4xx_HAL_Driver/Src/stm32f4xx_hal_nor.o
                0x000000000800bb2c                HAL_NOR_Init
 .text.HAL_PCD_Init
                0x000000000800bbd8      0x23a Drivers/STM32F4xx_HAL_Driver/Src/stm32f4xx_hal_pcd.o
                0x000000000800bbd8                HAL_PCD_Init
 .text.HAL_PCD_Start
                0x000000000800be12       0x66 Drivers/STM32F4xx_HAL_Driver/Src/stm32f4xx_hal_pcd.o
                0x000000000800be12                HAL_PCD_Start
 .text.HAL_PCD_IRQHandler
                0x000000000800be78      0x746 Drivers/STM32F4xx_HAL_Driver/Src/stm32f4xx_hal_pcd.o
                0x000000000800be78                HAL_PCD_IRQHandler
 .text.HAL_PCD_SetAddress
                0x000000000800c5be       0x4a Drivers/STM32F4xx_HAL_Driver/Src/stm32f4xx_hal_pcd.o
                0x000000000800c5be                HAL_PCD_SetAddress
 .text.HAL_PCD_EP_Open
                0x000000000800c608       0xd0 Drivers/STM32F4xx_HAL_Driver/Src/stm32f4xx_hal_pcd.o
                0x000000000800c608                HAL_PCD_EP_Open
 .text.HAL_PCD_EP_Close
                0x000000000800c6d8       0x94 Drivers/STM32F4xx_HAL_Driver/Src/stm32f4xx_hal_pcd.o
                0x000000000800c6d8                HAL_PCD_EP_Close
 .text.HAL_PCD_EP_Receive
                0x000000000800c76c       0x96 Drivers/STM32F4xx_HAL_Driver/Src/stm32f4xx_hal_pcd.o
                0x000000000800c76c                HAL_PCD_EP_Receive
 .text.HAL_PCD_EP_GetRxCount
                0x000000000800c802       0x30 Drivers/STM32F4xx_HAL_Driver/Src/stm32f4xx_hal_pcd.o
                0x000000000800c802                HAL_PCD_EP_GetRxCount
 .text.HAL_PCD_EP_Transmit
                0x000000000800c832       0x94 Drivers/STM32F4xx_HAL_Driver/Src/stm32f4xx_hal_pcd.o
                0x000000000800c832                HAL_PCD_EP_Transmit
 .text.HAL_PCD_EP_SetStall
                0x000000000800c8c6       0xc8 Drivers/STM32F4xx_HAL_Driver/Src/stm32f4xx_hal_pcd.o
                0x000000000800c8c6                HAL_PCD_EP_SetStall
 .text.HAL_PCD_EP_ClrStall
                0x000000000800c98e       0xac Drivers/STM32F4xx_HAL_Driver/Src/stm32f4xx_hal_pcd.o
                0x000000000800c98e                HAL_PCD_EP_ClrStall
 .text.PCD_WriteEmptyTxFifo
                0x000000000800ca3a      0x11a Drivers/STM32F4xx_HAL_Driver/Src/stm32f4xx_hal_pcd.o
 .text.PCD_EP_OutXfrComplete_int
                0x000000000800cb54      0x210 Drivers/STM32F4xx_HAL_Driver/Src/stm32f4xx_hal_pcd.o
 .text.PCD_EP_OutSetupPacket_int
                0x000000000800cd64       0xc0 Drivers/STM32F4xx_HAL_Driver/Src/stm32f4xx_hal_pcd.o
 .text.HAL_PCDEx_SetTxFiFo
                0x000000000800ce24       0x8e Drivers/STM32F4xx_HAL_Driver/Src/stm32f4xx_hal_pcd_ex.o
                0x000000000800ce24                HAL_PCDEx_SetTxFiFo
 .text.HAL_PCDEx_SetRxFiFo
                0x000000000800ceb2       0x22 Drivers/STM32F4xx_HAL_Driver/Src/stm32f4xx_hal_pcd_ex.o
                0x000000000800ceb2                HAL_PCDEx_SetRxFiFo
 .text.HAL_PCDEx_LPM_Callback
                0x000000000800ced4       0x18 Drivers/STM32F4xx_HAL_Driver/Src/stm32f4xx_hal_pcd_ex.o
                0x000000000800ced4                HAL_PCDEx_LPM_Callback
 .text.HAL_RCC_OscConfig
                0x000000000800ceec      0x4e0 Drivers/STM32F4xx_HAL_Driver/Src/stm32f4xx_hal_rcc.o
                0x000000000800ceec                HAL_RCC_OscConfig
 .text.HAL_RCC_ClockConfig
                0x000000000800d3cc      0x1cc Drivers/STM32F4xx_HAL_Driver/Src/stm32f4xx_hal_rcc.o
                0x000000000800d3cc                HAL_RCC_ClockConfig
 .text.HAL_RCC_GetSysClockFreq
                0x000000000800d598      0x1b0 Drivers/STM32F4xx_HAL_Driver/Src/stm32f4xx_hal_rcc.o
                0x000000000800d598                HAL_RCC_GetSysClockFreq
 .text.HAL_RCC_GetHCLKFreq
                0x000000000800d748       0x18 Drivers/STM32F4xx_HAL_Driver/Src/stm32f4xx_hal_rcc.o
                0x000000000800d748                HAL_RCC_GetHCLKFreq
 .text.HAL_RCC_GetPCLK1Freq
                0x000000000800d760       0x28 Drivers/STM32F4xx_HAL_Driver/Src/stm32f4xx_hal_rcc.o
                0x000000000800d760                HAL_RCC_GetPCLK1Freq
 .text.HAL_RCC_GetPCLK2Freq
                0x000000000800d788       0x28 Drivers/STM32F4xx_HAL_Driver/Src/stm32f4xx_hal_rcc.o
                0x000000000800d788                HAL_RCC_GetPCLK2Freq
 .text.HAL_RCC_GetClockConfig
                0x000000000800d7b0       0x64 Drivers/STM32F4xx_HAL_Driver/Src/stm32f4xx_hal_rcc.o
                0x000000000800d7b0                HAL_RCC_GetClockConfig
 .text.HAL_TIM_Base_Init
                0x000000000800d814       0x56 Drivers/STM32F4xx_HAL_Driver/Src/stm32f4xx_hal_tim.o
                0x000000000800d814                HAL_TIM_Base_Init
 .text.HAL_TIM_Base_Start_IT
                0x000000000800d86a       0x48 Drivers/STM32F4xx_HAL_Driver/Src/stm32f4xx_hal_tim.o
                0x000000000800d86a                HAL_TIM_Base_Start_IT
 .text.HAL_TIM_IRQHandler
                0x000000000800d8b2      0x210 Drivers/STM32F4xx_HAL_Driver/Src/stm32f4xx_hal_tim.o
                0x000000000800d8b2                HAL_TIM_IRQHandler
 .text.HAL_TIM_OC_DelayElapsedCallback
                0x000000000800dac2       0x14 Drivers/STM32F4xx_HAL_Driver/Src/stm32f4xx_hal_tim.o
                0x000000000800dac2                HAL_TIM_OC_DelayElapsedCallback
 .text.HAL_TIM_IC_CaptureCallback
                0x000000000800dad6       0x14 Drivers/STM32F4xx_HAL_Driver/Src/stm32f4xx_hal_tim.o
                0x000000000800dad6                HAL_TIM_IC_CaptureCallback
 .text.HAL_TIM_PWM_PulseFinishedCallback
                0x000000000800daea       0x14 Drivers/STM32F4xx_HAL_Driver/Src/stm32f4xx_hal_tim.o
                0x000000000800daea                HAL_TIM_PWM_PulseFinishedCallback
 .text.HAL_TIM_TriggerCallback
                0x000000000800dafe       0x14 Drivers/STM32F4xx_HAL_Driver/Src/stm32f4xx_hal_tim.o
                0x000000000800dafe                HAL_TIM_TriggerCallback
 *fill*         0x000000000800db12        0x2 
 .text.TIM_Base_SetConfig
                0x000000000800db14      0x140 Drivers/STM32F4xx_HAL_Driver/Src/stm32f4xx_hal_tim.o
                0x000000000800db14                TIM_Base_SetConfig
 .text.HAL_TIMEx_MasterConfigSynchronization
                0x000000000800dc54       0xf8 Drivers/STM32F4xx_HAL_Driver/Src/stm32f4xx_hal_tim_ex.o
                0x000000000800dc54                HAL_TIMEx_MasterConfigSynchronization
 .text.HAL_TIMEx_CommutCallback
                0x000000000800dd4c       0x14 Drivers/STM32F4xx_HAL_Driver/Src/stm32f4xx_hal_tim_ex.o
                0x000000000800dd4c                HAL_TIMEx_CommutCallback
 .text.HAL_TIMEx_BreakCallback
                0x000000000800dd60       0x14 Drivers/STM32F4xx_HAL_Driver/Src/stm32f4xx_hal_tim_ex.o
                0x000000000800dd60                HAL_TIMEx_BreakCallback
 .text.HAL_UART_Init
                0x000000000800dd74       0x9a Drivers/STM32F4xx_HAL_Driver/Src/stm32f4xx_hal_uart.o
                0x000000000800dd74                HAL_UART_Init
 *fill*         0x000000000800de0e        0x2 
 .text.HAL_UART_Transmit_DMA
                0x000000000800de10       0xd8 Drivers/STM32F4xx_HAL_Driver/Src/stm32f4xx_hal_uart.o
                0x000000000800de10                HAL_UART_Transmit_DMA
 .text.HAL_UART_IRQHandler
                0x000000000800dee8      0x200 Drivers/STM32F4xx_HAL_Driver/Src/stm32f4xx_hal_uart.o
                0x000000000800dee8                HAL_UART_IRQHandler
 .text.HAL_UART_TxHalfCpltCallback
                0x000000000800e0e8       0x14 Drivers/STM32F4xx_HAL_Driver/Src/stm32f4xx_hal_uart.o
                0x000000000800e0e8                HAL_UART_TxHalfCpltCallback
 .text.HAL_UART_RxCpltCallback
                0x000000000800e0fc       0x14 Drivers/STM32F4xx_HAL_Driver/Src/stm32f4xx_hal_uart.o
                0x000000000800e0fc                HAL_UART_RxCpltCallback
 .text.HAL_UART_ErrorCallback
                0x000000000800e110       0x14 Drivers/STM32F4xx_HAL_Driver/Src/stm32f4xx_hal_uart.o
                0x000000000800e110                HAL_UART_ErrorCallback
 .text.UART_DMATransmitCplt
                0x000000000800e124       0x52 Drivers/STM32F4xx_HAL_Driver/Src/stm32f4xx_hal_uart.o
 .text.UART_DMATxHalfCplt
                0x000000000800e176       0x1c Drivers/STM32F4xx_HAL_Driver/Src/stm32f4xx_hal_uart.o
 .text.UART_DMAError
                0x000000000800e192       0x94 Drivers/STM32F4xx_HAL_Driver/Src/stm32f4xx_hal_uart.o
 .text.UART_EndTxTransfer
                0x000000000800e226       0x2c Drivers/STM32F4xx_HAL_Driver/Src/stm32f4xx_hal_uart.o
 .text.UART_EndRxTransfer
                0x000000000800e252       0x3c Drivers/STM32F4xx_HAL_Driver/Src/stm32f4xx_hal_uart.o
 .text.UART_DMAAbortOnError
                0x000000000800e28e       0x28 Drivers/STM32F4xx_HAL_Driver/Src/stm32f4xx_hal_uart.o
 .text.UART_Transmit_IT
                0x000000000800e2b6       0xac Drivers/STM32F4xx_HAL_Driver/Src/stm32f4xx_hal_uart.o
 .text.UART_EndTransmit_IT
                0x000000000800e362       0x30 Drivers/STM32F4xx_HAL_Driver/Src/stm32f4xx_hal_uart.o
 .text.UART_Receive_IT
                0x000000000800e392      0x102 Drivers/STM32F4xx_HAL_Driver/Src/stm32f4xx_hal_uart.o
 .text.UART_SetConfig
                0x000000000800e494      0x6f8 Drivers/STM32F4xx_HAL_Driver/Src/stm32f4xx_hal_uart.o
 .text.FSMC_NORSRAM_Init
                0x000000000800eb8c       0xa4 Drivers/STM32F4xx_HAL_Driver/Src/stm32f4xx_ll_fsmc.o
                0x000000000800eb8c                FSMC_NORSRAM_Init
 .text.FSMC_NORSRAM_Timing_Init
                0x000000000800ec30       0x7a Drivers/STM32F4xx_HAL_Driver/Src/stm32f4xx_ll_fsmc.o
                0x000000000800ec30                FSMC_NORSRAM_Timing_Init
 *fill*         0x000000000800ecaa        0x2 
 .text.FSMC_NORSRAM_Extended_Timing_Init
                0x000000000800ecac       0x80 Drivers/STM32F4xx_HAL_Driver/Src/stm32f4xx_ll_fsmc.o
                0x000000000800ecac                FSMC_NORSRAM_Extended_Timing_Init
 .text.USB_CoreInit
                0x000000000800ed2c       0xc2 Drivers/STM32F4xx_HAL_Driver/Src/stm32f4xx_ll_usb.o
                0x000000000800ed2c                USB_CoreInit
 *fill*         0x000000000800edee        0x2 
 .text.USB_SetTurnaroundTime
                0x000000000800edf0      0x144 Drivers/STM32F4xx_HAL_Driver/Src/stm32f4xx_ll_usb.o
                0x000000000800edf0                USB_SetTurnaroundTime
 .text.USB_EnableGlobalInt
                0x000000000800ef34       0x22 Drivers/STM32F4xx_HAL_Driver/Src/stm32f4xx_ll_usb.o
                0x000000000800ef34                USB_EnableGlobalInt
 .text.USB_DisableGlobalInt
                0x000000000800ef56       0x22 Drivers/STM32F4xx_HAL_Driver/Src/stm32f4xx_ll_usb.o
                0x000000000800ef56                USB_DisableGlobalInt
 .text.USB_SetCurrentMode
                0x000000000800ef78       0x54 Drivers/STM32F4xx_HAL_Driver/Src/stm32f4xx_ll_usb.o
                0x000000000800ef78                USB_SetCurrentMode
 .text.USB_DevInit
                0x000000000800efcc      0x2e4 Drivers/STM32F4xx_HAL_Driver/Src/stm32f4xx_ll_usb.o
                0x000000000800efcc                USB_DevInit
 .text.USB_FlushTxFifo
                0x000000000800f2b0       0x4c Drivers/STM32F4xx_HAL_Driver/Src/stm32f4xx_ll_usb.o
                0x000000000800f2b0                USB_FlushTxFifo
 .text.USB_FlushRxFifo
                0x000000000800f2fc       0x44 Drivers/STM32F4xx_HAL_Driver/Src/stm32f4xx_ll_usb.o
                0x000000000800f2fc                USB_FlushRxFifo
 .text.USB_SetDevSpeed
                0x000000000800f340       0x32 Drivers/STM32F4xx_HAL_Driver/Src/stm32f4xx_ll_usb.o
                0x000000000800f340                USB_SetDevSpeed
 .text.USB_GetDevSpeed
                0x000000000800f372       0x4a Drivers/STM32F4xx_HAL_Driver/Src/stm32f4xx_ll_usb.o
                0x000000000800f372                USB_GetDevSpeed
 .text.USB_ActivateEndpoint
                0x000000000800f3bc      0x10e Drivers/STM32F4xx_HAL_Driver/Src/stm32f4xx_ll_usb.o
                0x000000000800f3bc                USB_ActivateEndpoint
 *fill*         0x000000000800f4ca        0x2 
 .text.USB_DeactivateEndpoint
                0x000000000800f4cc      0x108 Drivers/STM32F4xx_HAL_Driver/Src/stm32f4xx_ll_usb.o
                0x000000000800f4cc                USB_DeactivateEndpoint
 .text.USB_EPStartXfer
                0x000000000800f5d4      0x488 Drivers/STM32F4xx_HAL_Driver/Src/stm32f4xx_ll_usb.o
                0x000000000800f5d4                USB_EPStartXfer
 .text.USB_EP0StartXfer
                0x000000000800fa5c      0x2a6 Drivers/STM32F4xx_HAL_Driver/Src/stm32f4xx_ll_usb.o
                0x000000000800fa5c                USB_EP0StartXfer
 .text.USB_WritePacket
                0x000000000800fd02       0x6a Drivers/STM32F4xx_HAL_Driver/Src/stm32f4xx_ll_usb.o
                0x000000000800fd02                USB_WritePacket
 .text.USB_ReadPacket
                0x000000000800fd6c       0x52 Drivers/STM32F4xx_HAL_Driver/Src/stm32f4xx_ll_usb.o
                0x000000000800fd6c                USB_ReadPacket
 .text.USB_EPSetStall
                0x000000000800fdbe       0xdc Drivers/STM32F4xx_HAL_Driver/Src/stm32f4xx_ll_usb.o
                0x000000000800fdbe                USB_EPSetStall
 .text.USB_EPClearStall
                0x000000000800fe9a       0xcc Drivers/STM32F4xx_HAL_Driver/Src/stm32f4xx_ll_usb.o
                0x000000000800fe9a                USB_EPClearStall
 .text.USB_SetDevAddress
                0x000000000800ff66       0x4c Drivers/STM32F4xx_HAL_Driver/Src/stm32f4xx_ll_usb.o
                0x000000000800ff66                USB_SetDevAddress
 .text.USB_DevConnect
                0x000000000800ffb2       0x30 Drivers/STM32F4xx_HAL_Driver/Src/stm32f4xx_ll_usb.o
                0x000000000800ffb2                USB_DevConnect
 .text.USB_DevDisconnect
                0x000000000800ffe2       0x30 Drivers/STM32F4xx_HAL_Driver/Src/stm32f4xx_ll_usb.o
                0x000000000800ffe2                USB_DevDisconnect
 .text.USB_ReadInterrupts
                0x0000000008010012       0x26 Drivers/STM32F4xx_HAL_Driver/Src/stm32f4xx_ll_usb.o
                0x0000000008010012                USB_ReadInterrupts
 .text.USB_ReadDevAllOutEpInterrupt
                0x0000000008010038       0x34 Drivers/STM32F4xx_HAL_Driver/Src/stm32f4xx_ll_usb.o
                0x0000000008010038                USB_ReadDevAllOutEpInterrupt
 .text.USB_ReadDevAllInEpInterrupt
                0x000000000801006c       0x34 Drivers/STM32F4xx_HAL_Driver/Src/stm32f4xx_ll_usb.o
                0x000000000801006c                USB_ReadDevAllInEpInterrupt
 .text.USB_ReadDevOutEPInterrupt
                0x00000000080100a0       0x3c Drivers/STM32F4xx_HAL_Driver/Src/stm32f4xx_ll_usb.o
                0x00000000080100a0                USB_ReadDevOutEPInterrupt
 .text.USB_ReadDevInEPInterrupt
                0x00000000080100dc       0x5c Drivers/STM32F4xx_HAL_Driver/Src/stm32f4xx_ll_usb.o
                0x00000000080100dc                USB_ReadDevInEPInterrupt
 .text.USB_GetMode
                0x0000000008010138       0x1c Drivers/STM32F4xx_HAL_Driver/Src/stm32f4xx_ll_usb.o
                0x0000000008010138                USB_GetMode
 .text.USB_ActivateSetup
                0x0000000008010154       0x6a Drivers/STM32F4xx_HAL_Driver/Src/stm32f4xx_ll_usb.o
                0x0000000008010154                USB_ActivateSetup
 *fill*         0x00000000080101be        0x2 
 .text.USB_EP0_OutStart
                0x00000000080101c0       0xbc Drivers/STM32F4xx_HAL_Driver/Src/stm32f4xx_ll_usb.o
                0x00000000080101c0                USB_EP0_OutStart
 .text.USB_CoreReset
                0x000000000801027c       0x68 Drivers/STM32F4xx_HAL_Driver/Src/stm32f4xx_ll_usb.o
 .text.USBD_CDC_Init
                0x00000000080102e4       0xf6 Middlewares/ST/STM32_USB_Device_Library/Class/CDC/Src/usbd_cdc.o
 .text.USBD_CDC_DeInit
                0x00000000080103da       0x6e Middlewares/ST/STM32_USB_Device_Library/Class/CDC/Src/usbd_cdc.o
 .text.USBD_CDC_Setup
                0x0000000008010448      0x140 Middlewares/ST/STM32_USB_Device_Library/Class/CDC/Src/usbd_cdc.o
 .text.USBD_CDC_DataIn
                0x0000000008010588       0xa6 Middlewares/ST/STM32_USB_Device_Library/Class/CDC/Src/usbd_cdc.o
 .text.USBD_CDC_DataOut
                0x000000000801062e       0x56 Middlewares/ST/STM32_USB_Device_Library/Class/CDC/Src/usbd_cdc.o
 .text.USBD_CDC_EP0_RxReady
                0x0000000008010684       0x50 Middlewares/ST/STM32_USB_Device_Library/Class/CDC/Src/usbd_cdc.o
 .text.USBD_CDC_GetFSCfgDesc
                0x00000000080106d4       0x20 Middlewares/ST/STM32_USB_Device_Library/Class/CDC/Src/usbd_cdc.o
 .text.USBD_CDC_GetHSCfgDesc
                0x00000000080106f4       0x20 Middlewares/ST/STM32_USB_Device_Library/Class/CDC/Src/usbd_cdc.o
 .text.USBD_CDC_GetOtherSpeedCfgDesc
                0x0000000008010714       0x20 Middlewares/ST/STM32_USB_Device_Library/Class/CDC/Src/usbd_cdc.o
 .text.USBD_CDC_GetDeviceQualifierDescriptor
                0x0000000008010734       0x20 Middlewares/ST/STM32_USB_Device_Library/Class/CDC/Src/usbd_cdc.o
                0x0000000008010734                USBD_CDC_GetDeviceQualifierDescriptor
 .text.USBD_CDC_RegisterInterface
                0x0000000008010754       0x2e Middlewares/ST/STM32_USB_Device_Library/Class/CDC/Src/usbd_cdc.o
                0x0000000008010754                USBD_CDC_RegisterInterface
 .text.USBD_CDC_SetTxBuffer
                0x0000000008010782       0x34 Middlewares/ST/STM32_USB_Device_Library/Class/CDC/Src/usbd_cdc.o
                0x0000000008010782                USBD_CDC_SetTxBuffer
 .text.USBD_CDC_SetRxBuffer
                0x00000000080107b6       0x28 Middlewares/ST/STM32_USB_Device_Library/Class/CDC/Src/usbd_cdc.o
                0x00000000080107b6                USBD_CDC_SetRxBuffer
 .text.USBD_CDC_TransmitPacket
                0x00000000080107de       0x5e Middlewares/ST/STM32_USB_Device_Library/Class/CDC/Src/usbd_cdc.o
                0x00000000080107de                USBD_CDC_TransmitPacket
 .text.USBD_CDC_ReceivePacket
                0x000000000801083c       0x54 Middlewares/ST/STM32_USB_Device_Library/Class/CDC/Src/usbd_cdc.o
                0x000000000801083c                USBD_CDC_ReceivePacket
 .text.USBD_Init
                0x0000000008010890       0x56 Middlewares/ST/STM32_USB_Device_Library/Core/Src/usbd_core.o
                0x0000000008010890                USBD_Init
 .text.USBD_RegisterClass
                0x00000000080108e6       0x34 Middlewares/ST/STM32_USB_Device_Library/Core/Src/usbd_core.o
                0x00000000080108e6                USBD_RegisterClass
 .text.USBD_Start
                0x000000000801091a       0x18 Middlewares/ST/STM32_USB_Device_Library/Core/Src/usbd_core.o
                0x000000000801091a                USBD_Start
 .text.USBD_RunTestMode
                0x0000000008010932       0x16 Middlewares/ST/STM32_USB_Device_Library/Core/Src/usbd_core.o
                0x0000000008010932                USBD_RunTestMode
 .text.USBD_SetClassConfig
                0x0000000008010948       0x3e Middlewares/ST/STM32_USB_Device_Library/Core/Src/usbd_core.o
                0x0000000008010948                USBD_SetClassConfig
 .text.USBD_ClrClassConfig
                0x0000000008010986       0x26 Middlewares/ST/STM32_USB_Device_Library/Core/Src/usbd_core.o
                0x0000000008010986                USBD_ClrClassConfig
 .text.USBD_LL_SetupStage
                0x00000000080109ac       0x96 Middlewares/ST/STM32_USB_Device_Library/Core/Src/usbd_core.o
                0x00000000080109ac                USBD_LL_SetupStage
 .text.USBD_LL_DataOutStage
                0x0000000008010a42       0xe2 Middlewares/ST/STM32_USB_Device_Library/Core/Src/usbd_core.o
                0x0000000008010a42                USBD_LL_DataOutStage
 .text.USBD_LL_DataInStage
                0x0000000008010b24      0x14a Middlewares/ST/STM32_USB_Device_Library/Core/Src/usbd_core.o
                0x0000000008010b24                USBD_LL_DataInStage
 .text.USBD_LL_Reset
                0x0000000008010c6e       0x82 Middlewares/ST/STM32_USB_Device_Library/Core/Src/usbd_core.o
                0x0000000008010c6e                USBD_LL_Reset
 .text.USBD_LL_SetSpeed
                0x0000000008010cf0       0x20 Middlewares/ST/STM32_USB_Device_Library/Core/Src/usbd_core.o
                0x0000000008010cf0                USBD_LL_SetSpeed
 .text.USBD_LL_Suspend
                0x0000000008010d10       0x2a Middlewares/ST/STM32_USB_Device_Library/Core/Src/usbd_core.o
                0x0000000008010d10                USBD_LL_Suspend
 .text.USBD_LL_Resume
                0x0000000008010d3a       0x22 Middlewares/ST/STM32_USB_Device_Library/Core/Src/usbd_core.o
                0x0000000008010d3a                USBD_LL_Resume
 .text.USBD_LL_SOF
                0x0000000008010d5c       0x34 Middlewares/ST/STM32_USB_Device_Library/Core/Src/usbd_core.o
                0x0000000008010d5c                USBD_LL_SOF
 .text.USBD_LL_IsoINIncomplete
                0x0000000008010d90       0x1a Middlewares/ST/STM32_USB_Device_Library/Core/Src/usbd_core.o
                0x0000000008010d90                USBD_LL_IsoINIncomplete
 .text.USBD_LL_IsoOUTIncomplete
                0x0000000008010daa       0x1a Middlewares/ST/STM32_USB_Device_Library/Core/Src/usbd_core.o
                0x0000000008010daa                USBD_LL_IsoOUTIncomplete
 .text.USBD_LL_DevConnected
                0x0000000008010dc4       0x16 Middlewares/ST/STM32_USB_Device_Library/Core/Src/usbd_core.o
                0x0000000008010dc4                USBD_LL_DevConnected
 .text.USBD_LL_DevDisconnected
                0x0000000008010dda       0x2e Middlewares/ST/STM32_USB_Device_Library/Core/Src/usbd_core.o
                0x0000000008010dda                USBD_LL_DevDisconnected
 .text.USBD_StdDevReq
                0x0000000008010e08       0xd4 Middlewares/ST/STM32_USB_Device_Library/Core/Src/usbd_ctlreq.o
                0x0000000008010e08                USBD_StdDevReq
 .text.USBD_StdItfReq
                0x0000000008010edc       0x8c Middlewares/ST/STM32_USB_Device_Library/Core/Src/usbd_ctlreq.o
                0x0000000008010edc                USBD_StdItfReq
 .text.USBD_StdEPReq
                0x0000000008010f68      0x2b6 Middlewares/ST/STM32_USB_Device_Library/Core/Src/usbd_ctlreq.o
                0x0000000008010f68                USBD_StdEPReq
 *fill*         0x000000000801121e        0x2 
 .text.USBD_GetDescriptor
                0x0000000008011220      0x1f4 Middlewares/ST/STM32_USB_Device_Library/Core/Src/usbd_ctlreq.o
 .text.USBD_SetAddress
                0x0000000008011414       0x84 Middlewares/ST/STM32_USB_Device_Library/Core/Src/usbd_ctlreq.o
 .text.USBD_SetConfig
                0x0000000008011498      0x11c Middlewares/ST/STM32_USB_Device_Library/Core/Src/usbd_ctlreq.o
 .text.USBD_GetConfig
                0x00000000080115b4       0x68 Middlewares/ST/STM32_USB_Device_Library/Core/Src/usbd_ctlreq.o
 .text.USBD_GetStatus
                0x000000000801161c       0x66 Middlewares/ST/STM32_USB_Device_Library/Core/Src/usbd_ctlreq.o
 .text.USBD_SetFeature
                0x0000000008011682       0x28 Middlewares/ST/STM32_USB_Device_Library/Core/Src/usbd_ctlreq.o
 .text.USBD_ClrFeature
                0x00000000080116aa       0x42 Middlewares/ST/STM32_USB_Device_Library/Core/Src/usbd_ctlreq.o
 .text.USBD_ParseSetupRequest
                0x00000000080116ec       0x7a Middlewares/ST/STM32_USB_Device_Library/Core/Src/usbd_ctlreq.o
                0x00000000080116ec                USBD_ParseSetupRequest
 .text.USBD_CtlError
                0x0000000008011766       0x22 Middlewares/ST/STM32_USB_Device_Library/Core/Src/usbd_ctlreq.o
                0x0000000008011766                USBD_CtlError
 .text.USBD_GetString
                0x0000000008011788       0x84 Middlewares/ST/STM32_USB_Device_Library/Core/Src/usbd_ctlreq.o
                0x0000000008011788                USBD_GetString
 .text.USBD_GetLen
                0x000000000801180c       0x30 Middlewares/ST/STM32_USB_Device_Library/Core/Src/usbd_ctlreq.o
 .text.USBD_CtlSendData
                0x000000000801183c       0x38 Middlewares/ST/STM32_USB_Device_Library/Core/Src/usbd_ioreq.o
                0x000000000801183c                USBD_CtlSendData
 .text.USBD_CtlContinueSendData
                0x0000000008011874       0x24 Middlewares/ST/STM32_USB_Device_Library/Core/Src/usbd_ioreq.o
                0x0000000008011874                USBD_CtlContinueSendData
 .text.USBD_CtlPrepareRx
                0x0000000008011898       0x3c Middlewares/ST/STM32_USB_Device_Library/Core/Src/usbd_ioreq.o
                0x0000000008011898                USBD_CtlPrepareRx
 .text.USBD_CtlContinueRx
                0x00000000080118d4       0x24 Middlewares/ST/STM32_USB_Device_Library/Core/Src/usbd_ioreq.o
                0x00000000080118d4                USBD_CtlContinueRx
 .text.USBD_CtlSendStatus
                0x00000000080118f8       0x26 Middlewares/ST/STM32_USB_Device_Library/Core/Src/usbd_ioreq.o
                0x00000000080118f8                USBD_CtlSendStatus
 .text.USBD_CtlReceiveStatus
                0x000000000801191e       0x26 Middlewares/ST/STM32_USB_Device_Library/Core/Src/usbd_ioreq.o
                0x000000000801191e                USBD_CtlReceiveStatus
 .text.makeFreeRtosPriority
                0x0000000008011944       0x30 Middlewares/Third_Party/FreeRTOS/Source/CMSIS_RTOS/cmsis_os.o
 .text.inHandlerMode
                0x0000000008011974       0x24 Middlewares/Third_Party/FreeRTOS/Source/CMSIS_RTOS/cmsis_os.o
 .text.osKernelStart
                0x0000000008011998        0xe Middlewares/Third_Party/FreeRTOS/Source/CMSIS_RTOS/cmsis_os.o
                0x0000000008011998                osKernelStart
 .text.osThreadCreate
                0x00000000080119a6       0x98 Middlewares/Third_Party/FreeRTOS/Source/CMSIS_RTOS/cmsis_os.o
                0x00000000080119a6                osThreadCreate
 .text.osDelay  0x0000000008011a3e       0x28 Middlewares/Third_Party/FreeRTOS/Source/CMSIS_RTOS/cmsis_os.o
                0x0000000008011a3e                osDelay
 *fill*         0x0000000008011a66        0x2 
 .text.osSignalSet
                0x0000000008011a68       0x80 Middlewares/Third_Party/FreeRTOS/Source/CMSIS_RTOS/cmsis_os.o
                0x0000000008011a68                osSignalSet
 .text.osSignalWait
                0x0000000008011ae8       0x98 Middlewares/Third_Party/FreeRTOS/Source/CMSIS_RTOS/cmsis_os.o
                0x0000000008011ae8                osSignalWait
 .text.osMutexCreate
                0x0000000008011b80       0x30 Middlewares/Third_Party/FreeRTOS/Source/CMSIS_RTOS/cmsis_os.o
                0x0000000008011b80                osMutexCreate
 .text.osMutexWait
                0x0000000008011bb0       0x9c Middlewares/Third_Party/FreeRTOS/Source/CMSIS_RTOS/cmsis_os.o
                0x0000000008011bb0                osMutexWait
 .text.osMutexRelease
                0x0000000008011c4c       0x6c Middlewares/Third_Party/FreeRTOS/Source/CMSIS_RTOS/cmsis_os.o
                0x0000000008011c4c                osMutexRelease
 .text.osPoolCreate
                0x0000000008011cb8       0xba Middlewares/Third_Party/FreeRTOS/Source/CMSIS_RTOS/cmsis_os.o
                0x0000000008011cb8                osPoolCreate
 .text.osPoolAlloc
                0x0000000008011d72       0xc4 Middlewares/Third_Party/FreeRTOS/Source/CMSIS_RTOS/cmsis_os.o
                0x0000000008011d72                osPoolAlloc
 .text.osPoolFree
                0x0000000008011e36       0x82 Middlewares/Third_Party/FreeRTOS/Source/CMSIS_RTOS/cmsis_os.o
                0x0000000008011e36                osPoolFree
 .text.osMailCreate
                0x0000000008011eb8       0xb0 Middlewares/Third_Party/FreeRTOS/Source/CMSIS_RTOS/cmsis_os.o
                0x0000000008011eb8                osMailCreate
 .text.osMailAlloc
                0x0000000008011f68       0x2a Middlewares/Third_Party/FreeRTOS/Source/CMSIS_RTOS/cmsis_os.o
                0x0000000008011f68                osMailAlloc
 *fill*         0x0000000008011f92        0x2 
 .text.osMailPut
                0x0000000008011f94       0x7c Middlewares/Third_Party/FreeRTOS/Source/CMSIS_RTOS/cmsis_os.o
                0x0000000008011f94                osMailPut
 .text.osMailGet
                0x0000000008012010       0xe8 Middlewares/Third_Party/FreeRTOS/Source/CMSIS_RTOS/cmsis_os.o
                0x0000000008012010                osMailGet
 .text.osMailFree
                0x00000000080120f8       0x2a Middlewares/Third_Party/FreeRTOS/Source/CMSIS_RTOS/cmsis_os.o
                0x00000000080120f8                osMailFree
 .text.vListInitialise
                0x0000000008012122       0x40 Middlewares/Third_Party/FreeRTOS/Source/list.o
                0x0000000008012122                vListInitialise
 .text.vListInitialiseItem
                0x0000000008012162       0x1a Middlewares/Third_Party/FreeRTOS/Source/list.o
                0x0000000008012162                vListInitialiseItem
 .text.vListInsertEnd
                0x000000000801217c       0x48 Middlewares/Third_Party/FreeRTOS/Source/list.o
                0x000000000801217c                vListInsertEnd
 .text.vListInsert
                0x00000000080121c4       0x72 Middlewares/Third_Party/FreeRTOS/Source/list.o
                0x00000000080121c4                vListInsert
 .text.uxListRemove
                0x0000000008012236       0x54 Middlewares/Third_Party/FreeRTOS/Source/list.o
                0x0000000008012236                uxListRemove
 *fill*         0x000000000801228a        0x2 
 .text.xQueueGenericReset
                0x000000000801228c       0xd0 Middlewares/Third_Party/FreeRTOS/Source/queue.o
                0x000000000801228c                xQueueGenericReset
 .text.xQueueGenericCreateStatic
                0x000000000801235c       0xe4 Middlewares/Third_Party/FreeRTOS/Source/queue.o
                0x000000000801235c                xQueueGenericCreateStatic
 .text.xQueueGenericCreate
                0x0000000008012440       0x7a Middlewares/Third_Party/FreeRTOS/Source/queue.o
                0x0000000008012440                xQueueGenericCreate
 .text.prvInitialiseNewQueue
                0x00000000080124ba       0x3e Middlewares/Third_Party/FreeRTOS/Source/queue.o
 .text.prvInitialiseMutex
                0x00000000080124f8       0x34 Middlewares/Third_Party/FreeRTOS/Source/queue.o
 .text.xQueueCreateMutex
                0x000000000801252c       0x30 Middlewares/Third_Party/FreeRTOS/Source/queue.o
                0x000000000801252c                xQueueCreateMutex
 .text.xQueueCreateMutexStatic
                0x000000000801255c       0x36 Middlewares/Third_Party/FreeRTOS/Source/queue.o
                0x000000000801255c                xQueueCreateMutexStatic
 *fill*         0x0000000008012592        0x2 
 .text.xQueueGenericSend
                0x0000000008012594      0x1f4 Middlewares/Third_Party/FreeRTOS/Source/queue.o
                0x0000000008012594                xQueueGenericSend
 .text.xQueueGenericSendFromISR
                0x0000000008012788      0x128 Middlewares/Third_Party/FreeRTOS/Source/queue.o
                0x0000000008012788                xQueueGenericSendFromISR
 .text.xQueueGiveFromISR
                0x00000000080128b0      0x112 Middlewares/Third_Party/FreeRTOS/Source/queue.o
                0x00000000080128b0                xQueueGiveFromISR
 *fill*         0x00000000080129c2        0x2 
 .text.xQueueReceive
                0x00000000080129c4      0x1b8 Middlewares/Third_Party/FreeRTOS/Source/queue.o
                0x00000000080129c4                xQueueReceive
 .text.xQueueSemaphoreTake
                0x0000000008012b7c      0x210 Middlewares/Third_Party/FreeRTOS/Source/queue.o
                0x0000000008012b7c                xQueueSemaphoreTake
 .text.xQueueReceiveFromISR
                0x0000000008012d8c       0xfa Middlewares/Third_Party/FreeRTOS/Source/queue.o
                0x0000000008012d8c                xQueueReceiveFromISR
 .text.prvGetDisinheritPriorityAfterTimeout
                0x0000000008012e86       0x30 Middlewares/Third_Party/FreeRTOS/Source/queue.o
 .text.prvCopyDataToQueue
                0x0000000008012eb6       0xd4 Middlewares/Third_Party/FreeRTOS/Source/queue.o
 .text.prvCopyDataFromQueue
                0x0000000008012f8a       0x4c Middlewares/Third_Party/FreeRTOS/Source/queue.o
 .text.prvUnlockQueue
                0x0000000008012fd6       0xa4 Middlewares/Third_Party/FreeRTOS/Source/queue.o
 .text.prvIsQueueEmpty
                0x000000000801307a       0x2c Middlewares/Third_Party/FreeRTOS/Source/queue.o
 .text.prvIsQueueFull
                0x00000000080130a6       0x30 Middlewares/Third_Party/FreeRTOS/Source/queue.o
 .text.xTaskCreateStatic
                0x00000000080130d6       0xb2 Middlewares/Third_Party/FreeRTOS/Source/tasks.o
                0x00000000080130d6                xTaskCreateStatic
 .text.xTaskCreate
                0x0000000008013188       0x8a Middlewares/Third_Party/FreeRTOS/Source/tasks.o
                0x0000000008013188                xTaskCreate
 .text.prvInitialiseNewTask
                0x0000000008013212       0xfc Middlewares/Third_Party/FreeRTOS/Source/tasks.o
 *fill*         0x000000000801330e        0x2 
 .text.prvAddNewTaskToReadyList
                0x0000000008013310       0xd4 Middlewares/Third_Party/FreeRTOS/Source/tasks.o
 .text.vTaskDelay
                0x00000000080133e4       0x68 Middlewares/Third_Party/FreeRTOS/Source/tasks.o
                0x00000000080133e4                vTaskDelay
 .text.vTaskStartScheduler
                0x000000000801344c       0xbc Middlewares/Third_Party/FreeRTOS/Source/tasks.o
                0x000000000801344c                vTaskStartScheduler
 .text.vTaskSuspendAll
                0x0000000008013508       0x1c Middlewares/Third_Party/FreeRTOS/Source/tasks.o
                0x0000000008013508                vTaskSuspendAll
 .text.xTaskResumeAll
                0x0000000008013524      0x138 Middlewares/Third_Party/FreeRTOS/Source/tasks.o
                0x0000000008013524                xTaskResumeAll
 .text.xTaskIncrementTick
                0x000000000801365c      0x178 Middlewares/Third_Party/FreeRTOS/Source/tasks.o
                0x000000000801365c                xTaskIncrementTick
 .text.vTaskSwitchContext
                0x00000000080137d4       0xb4 Middlewares/Third_Party/FreeRTOS/Source/tasks.o
                0x00000000080137d4                vTaskSwitchContext
 .text.vTaskPlaceOnEventList
                0x0000000008013888       0x48 Middlewares/Third_Party/FreeRTOS/Source/tasks.o
                0x0000000008013888                vTaskPlaceOnEventList
 .text.xTaskRemoveFromEventList
                0x00000000080138d0       0xc4 Middlewares/Third_Party/FreeRTOS/Source/tasks.o
                0x00000000080138d0                xTaskRemoveFromEventList
 .text.vTaskInternalSetTimeOutState
                0x0000000008013994       0x2c Middlewares/Third_Party/FreeRTOS/Source/tasks.o
                0x0000000008013994                vTaskInternalSetTimeOutState
 .text.xTaskCheckForTimeOut
                0x00000000080139c0       0xc0 Middlewares/Third_Party/FreeRTOS/Source/tasks.o
                0x00000000080139c0                xTaskCheckForTimeOut
 .text.vTaskMissedYield
                0x0000000008013a80       0x18 Middlewares/Third_Party/FreeRTOS/Source/tasks.o
                0x0000000008013a80                vTaskMissedYield
 .text.prvIdleTask
                0x0000000008013a98       0x30 Middlewares/Third_Party/FreeRTOS/Source/tasks.o
 .text.prvInitialiseTaskLists
                0x0000000008013ac8       0x80 Middlewares/Third_Party/FreeRTOS/Source/tasks.o
 .text.prvCheckTasksWaitingTermination
                0x0000000008013b48       0x58 Middlewares/Third_Party/FreeRTOS/Source/tasks.o
 .text.prvDeleteTCB
                0x0000000008013ba0       0x5c Middlewares/Third_Party/FreeRTOS/Source/tasks.o
 .text.prvResetNextTaskUnblockTime
                0x0000000008013bfc       0x4c Middlewares/Third_Party/FreeRTOS/Source/tasks.o
 .text.xTaskGetSchedulerState
                0x0000000008013c48       0x3c Middlewares/Third_Party/FreeRTOS/Source/tasks.o
                0x0000000008013c48                xTaskGetSchedulerState
 .text.xTaskPriorityInherit
                0x0000000008013c84      0x10c Middlewares/Third_Party/FreeRTOS/Source/tasks.o
                0x0000000008013c84                xTaskPriorityInherit
 .text.xTaskPriorityDisinherit
                0x0000000008013d90      0x108 Middlewares/Third_Party/FreeRTOS/Source/tasks.o
                0x0000000008013d90                xTaskPriorityDisinherit
 .text.vTaskPriorityDisinheritAfterTimeout
                0x0000000008013e98      0x13c Middlewares/Third_Party/FreeRTOS/Source/tasks.o
                0x0000000008013e98                vTaskPriorityDisinheritAfterTimeout
 .text.pvTaskIncrementMutexHeldCount
                0x0000000008013fd4       0x28 Middlewares/Third_Party/FreeRTOS/Source/tasks.o
                0x0000000008013fd4                pvTaskIncrementMutexHeldCount
 .text.xTaskNotifyWait
                0x0000000008013ffc       0xb4 Middlewares/Third_Party/FreeRTOS/Source/tasks.o
                0x0000000008013ffc                xTaskNotifyWait
 .text.xTaskGenericNotify
                0x00000000080140b0      0x140 Middlewares/Third_Party/FreeRTOS/Source/tasks.o
                0x00000000080140b0                xTaskGenericNotify
 .text.xTaskGenericNotifyFromISR
                0x00000000080141f0      0x18c Middlewares/Third_Party/FreeRTOS/Source/tasks.o
                0x00000000080141f0                xTaskGenericNotifyFromISR
 .text.prvAddCurrentTaskToDelayedList
                0x000000000801437c       0xcc Middlewares/Third_Party/FreeRTOS/Source/tasks.o
 .text.pxPortInitialiseStack
                0x0000000008014448       0x68 Middlewares/Third_Party/FreeRTOS/Source/portable/GCC/ARM_CM4F/port.o
                0x0000000008014448                pxPortInitialiseStack
 .text.prvTaskExitError
                0x00000000080144b0       0x54 Middlewares/Third_Party/FreeRTOS/Source/portable/GCC/ARM_CM4F/port.o
 *fill*         0x0000000008014504        0xc 
 .text.SVC_Handler
                0x0000000008014510       0x28 Middlewares/Third_Party/FreeRTOS/Source/portable/GCC/ARM_CM4F/port.o
                0x0000000008014510                SVC_Handler
 .text.prvPortStartFirstTask
                0x0000000008014538       0x28 Middlewares/Third_Party/FreeRTOS/Source/portable/GCC/ARM_CM4F/port.o
 .text.xPortStartScheduler
                0x0000000008014560      0x13c Middlewares/Third_Party/FreeRTOS/Source/portable/GCC/ARM_CM4F/port.o
                0x0000000008014560                xPortStartScheduler
 .text.vPortEnterCritical
                0x000000000801469c       0x5c Middlewares/Third_Party/FreeRTOS/Source/portable/GCC/ARM_CM4F/port.o
                0x000000000801469c                vPortEnterCritical
 .text.vPortExitCritical
                0x00000000080146f8       0x50 Middlewares/Third_Party/FreeRTOS/Source/portable/GCC/ARM_CM4F/port.o
                0x00000000080146f8                vPortExitCritical
 *fill*         0x0000000008014748        0x8 
 .text.PendSV_Handler
                0x0000000008014750       0x68 Middlewares/Third_Party/FreeRTOS/Source/portable/GCC/ARM_CM4F/port.o
                0x0000000008014750                PendSV_Handler
 .text.SysTick_Handler
                0x00000000080147b8       0x40 Middlewares/Third_Party/FreeRTOS/Source/portable/GCC/ARM_CM4F/port.o
                0x00000000080147b8                SysTick_Handler
 .text.vPortSetupTimerInterrupt
                0x00000000080147f8       0x48 Middlewares/Third_Party/FreeRTOS/Source/portable/GCC/ARM_CM4F/port.o
                0x00000000080147f8                vPortSetupTimerInterrupt
 .text.vPortEnableVFP
                0x0000000008014840       0x14 Middlewares/Third_Party/FreeRTOS/Source/portable/GCC/ARM_CM4F/port.o
 .text.vPortValidateInterruptPriority
                0x0000000008014854       0x7c Middlewares/Third_Party/FreeRTOS/Source/portable/GCC/ARM_CM4F/port.o
                0x0000000008014854                vPortValidateInterruptPriority
 .text.pvPortMalloc
                0x00000000080148d0      0x184 Middlewares/Third_Party/FreeRTOS/Source/portable/MemMang/heap_4.o
                0x00000000080148d0                pvPortMalloc
 .text.vPortFree
                0x0000000008014a54       0xb0 Middlewares/Third_Party/FreeRTOS/Source/portable/MemMang/heap_4.o
                0x0000000008014a54                vPortFree
 .text.prvHeapInit
                0x0000000008014b04       0xc4 Middlewares/Third_Party/FreeRTOS/Source/portable/MemMang/heap_4.o
 .text.prvInsertBlockIntoFreeList
                0x0000000008014bc8       0xb4 Middlewares/Third_Party/FreeRTOS/Source/portable/MemMang/heap_4.o
 .text.MX_USB_DEVICE_Init
                0x0000000008014c7c       0x60 USB_DEVICE/App/usb_device.o
                0x0000000008014c7c                MX_USB_DEVICE_Init
 .text.CDC_Init_FS
                0x0000000008014cdc       0x28 USB_DEVICE/App/usbd_cdc_if.o
 .text.CDC_DeInit_FS
                0x0000000008014d04       0x10 USB_DEVICE/App/usbd_cdc_if.o
 .text.CDC_Control_FS
                0x0000000008014d14      0x144 USB_DEVICE/App/usbd_cdc_if.o
 .text.CDC_Receive_FS
                0x0000000008014e58       0x3c USB_DEVICE/App/usbd_cdc_if.o
 .text.CDC_Transmit_FS
                0x0000000008014e94       0x4c USB_DEVICE/App/usbd_cdc_if.o
                0x0000000008014e94                CDC_Transmit_FS
 .text.USBD_FS_DeviceDescriptor
                0x0000000008014ee0       0x24 USB_DEVICE/App/usbd_desc.o
                0x0000000008014ee0                USBD_FS_DeviceDescriptor
 .text.USBD_FS_LangIDStrDescriptor
                0x0000000008014f04       0x24 USB_DEVICE/App/usbd_desc.o
                0x0000000008014f04                USBD_FS_LangIDStrDescriptor
 .text.USBD_FS_ProductStrDescriptor
                0x0000000008014f28       0x3c USB_DEVICE/App/usbd_desc.o
                0x0000000008014f28                USBD_FS_ProductStrDescriptor
 .text.USBD_FS_ManufacturerStrDescriptor
                0x0000000008014f64       0x28 USB_DEVICE/App/usbd_desc.o
                0x0000000008014f64                USBD_FS_ManufacturerStrDescriptor
 .text.USBD_FS_SerialStrDescriptor
                0x0000000008014f8c       0x24 USB_DEVICE/App/usbd_desc.o
                0x0000000008014f8c                USBD_FS_SerialStrDescriptor
 .text.USBD_FS_ConfigStrDescriptor
                0x0000000008014fb0       0x3c USB_DEVICE/App/usbd_desc.o
                0x0000000008014fb0                USBD_FS_ConfigStrDescriptor
 .text.USBD_FS_InterfaceStrDescriptor
                0x0000000008014fec       0x3c USB_DEVICE/App/usbd_desc.o
                0x0000000008014fec                USBD_FS_InterfaceStrDescriptor
 .text.Get_SerialNum
                0x0000000008015028       0x58 USB_DEVICE/App/usbd_desc.o
 .text.IntToUnicode
                0x0000000008015080       0x7c USB_DEVICE/App/usbd_desc.o
 .text.HAL_PCD_MspInit
                0x00000000080150fc       0xa8 USB_DEVICE/Target/usbd_conf.o
                0x00000000080150fc                HAL_PCD_MspInit
 .text.HAL_PCD_SetupStageCallback
                0x00000000080151a4       0x24 USB_DEVICE/Target/usbd_conf.o
                0x00000000080151a4                HAL_PCD_SetupStageCallback
 .text.HAL_PCD_DataOutStageCallback
                0x00000000080151c8       0x36 USB_DEVICE/Target/usbd_conf.o
                0x00000000080151c8                HAL_PCD_DataOutStageCallback
 .text.HAL_PCD_DataInStageCallback
                0x00000000080151fe       0x34 USB_DEVICE/Target/usbd_conf.o
                0x00000000080151fe                HAL_PCD_DataInStageCallback
 .text.HAL_PCD_SOFCallback
                0x0000000008015232       0x1c USB_DEVICE/Target/usbd_conf.o
                0x0000000008015232                HAL_PCD_SOFCallback
 .text.HAL_PCD_ResetCallback
                0x000000000801524e       0x50 USB_DEVICE/Target/usbd_conf.o
                0x000000000801524e                HAL_PCD_ResetCallback
 *fill*         0x000000000801529e        0x2 
 .text.HAL_PCD_SuspendCallback
                0x00000000080152a0       0x4c USB_DEVICE/Target/usbd_conf.o
                0x00000000080152a0                HAL_PCD_SuspendCallback
 .text.HAL_PCD_ResumeCallback
                0x00000000080152ec       0x1c USB_DEVICE/Target/usbd_conf.o
                0x00000000080152ec                HAL_PCD_ResumeCallback
 .text.HAL_PCD_ISOOUTIncompleteCallback
                0x0000000008015308       0x24 USB_DEVICE/Target/usbd_conf.o
                0x0000000008015308                HAL_PCD_ISOOUTIncompleteCallback
 .text.HAL_PCD_ISOINIncompleteCallback
                0x000000000801532c       0x24 USB_DEVICE/Target/usbd_conf.o
                0x000000000801532c                HAL_PCD_ISOINIncompleteCallback
 .text.HAL_PCD_ConnectCallback
                0x0000000008015350       0x1c USB_DEVICE/Target/usbd_conf.o
                0x0000000008015350                HAL_PCD_ConnectCallback
 .text.HAL_PCD_DisconnectCallback
                0x000000000801536c       0x1c USB_DEVICE/Target/usbd_conf.o
                0x000000000801536c                HAL_PCD_DisconnectCallback
 .text.USBD_LL_Init
                0x0000000008015388       0x98 USB_DEVICE/Target/usbd_conf.o
                0x0000000008015388                USBD_LL_Init
 .text.USBD_LL_Start
                0x0000000008015420       0x36 USB_DEVICE/Target/usbd_conf.o
                0x0000000008015420                USBD_LL_Start
 .text.USBD_LL_OpenEP
                0x0000000008015456       0x4c USB_DEVICE/Target/usbd_conf.o
                0x0000000008015456                USBD_LL_OpenEP
 .text.USBD_LL_CloseEP
                0x00000000080154a2       0x3e USB_DEVICE/Target/usbd_conf.o
                0x00000000080154a2                USBD_LL_CloseEP
 .text.USBD_LL_StallEP
                0x00000000080154e0       0x3e USB_DEVICE/Target/usbd_conf.o
                0x00000000080154e0                USBD_LL_StallEP
 .text.USBD_LL_ClearStallEP
                0x000000000801551e       0x3e USB_DEVICE/Target/usbd_conf.o
                0x000000000801551e                USBD_LL_ClearStallEP
 .text.USBD_LL_IsStallEP
                0x000000000801555c       0x58 USB_DEVICE/Target/usbd_conf.o
                0x000000000801555c                USBD_LL_IsStallEP
 .text.USBD_LL_SetUSBAddress
                0x00000000080155b4       0x3e USB_DEVICE/Target/usbd_conf.o
                0x00000000080155b4                USBD_LL_SetUSBAddress
 .text.USBD_LL_Transmit
                0x00000000080155f2       0x46 USB_DEVICE/Target/usbd_conf.o
                0x00000000080155f2                USBD_LL_Transmit
 .text.USBD_LL_PrepareReceive
                0x0000000008015638       0x46 USB_DEVICE/Target/usbd_conf.o
                0x0000000008015638                USBD_LL_PrepareReceive
 .text.USBD_LL_GetRxDataSize
                0x000000000801567e       0x26 USB_DEVICE/Target/usbd_conf.o
                0x000000000801567e                USBD_LL_GetRxDataSize
 .text.USBD_Get_USB_Status
                0x00000000080156a4       0x58 USB_DEVICE/Target/usbd_conf.o
                0x00000000080156a4                USBD_Get_USB_Status
 .text.__errno  0x00000000080156fc        0xc c:/st/stm32cubeide_1.5.0/stm32cubeide/plugins/com.st.stm32cube.ide.mcu.externaltools.gnu-tools-for-stm32.7-2018-q2-update.win32_1.5.0.202011040924/tools/bin/../lib/gcc/arm-none-eabi/7.3.1/../../../../arm-none-eabi/lib/thumb/v7e-m/fpv4-sp/hard\libc_nano.a(lib_a-errno.o)
                0x00000000080156fc                __errno
 .text.__libc_init_array
                0x0000000008015708       0x48 c:/st/stm32cubeide_1.5.0/stm32cubeide/plugins/com.st.stm32cube.ide.mcu.externaltools.gnu-tools-for-stm32.7-2018-q2-update.win32_1.5.0.202011040924/tools/bin/../lib/gcc/arm-none-eabi/7.3.1/../../../../arm-none-eabi/lib/thumb/v7e-m/fpv4-sp/hard\libc_nano.a(lib_a-init.o)
                0x0000000008015708                __libc_init_array
 .text.malloc   0x0000000008015750       0x10 c:/st/stm32cubeide_1.5.0/stm32cubeide/plugins/com.st.stm32cube.ide.mcu.externaltools.gnu-tools-for-stm32.7-2018-q2-update.win32_1.5.0.202011040924/tools/bin/../lib/gcc/arm-none-eabi/7.3.1/../../../../arm-none-eabi/lib/thumb/v7e-m/fpv4-sp/hard\libc_nano.a(lib_a-malloc.o)
                0x0000000008015750                malloc
 .text.free     0x0000000008015760       0x10 c:/st/stm32cubeide_1.5.0/stm32cubeide/plugins/com.st.stm32cube.ide.mcu.externaltools.gnu-tools-for-stm32.7-2018-q2-update.win32_1.5.0.202011040924/tools/bin/../lib/gcc/arm-none-eabi/7.3.1/../../../../arm-none-eabi/lib/thumb/v7e-m/fpv4-sp/hard\libc_nano.a(lib_a-malloc.o)
                0x0000000008015760                free
 .text.memcpy   0x0000000008015770       0x16 c:/st/stm32cubeide_1.5.0/stm32cubeide/plugins/com.st.stm32cube.ide.mcu.externaltools.gnu-tools-for-stm32.7-2018-q2-update.win32_1.5.0.202011040924/tools/bin/../lib/gcc/arm-none-eabi/7.3.1/../../../../arm-none-eabi/lib/thumb/v7e-m/fpv4-sp/hard\libc_nano.a(lib_a-memcpy-stub.o)
                0x0000000008015770                memcpy
 .text.memmove  0x0000000008015786       0x32 c:/st/stm32cubeide_1.5.0/stm32cubeide/plugins/com.st.stm32cube.ide.mcu.externaltools.gnu-tools-for-stm32.7-2018-q2-update.win32_1.5.0.202011040924/tools/bin/../lib/gcc/arm-none-eabi/7.3.1/../../../../arm-none-eabi/lib/thumb/v7e-m/fpv4-sp/hard\libc_nano.a(lib_a-memmove.o)
                0x0000000008015786                memmove
 .text.memset   0x00000000080157b8       0x10 c:/st/stm32cubeide_1.5.0/stm32cubeide/plugins/com.st.stm32cube.ide.mcu.externaltools.gnu-tools-for-stm32.7-2018-q2-update.win32_1.5.0.202011040924/tools/bin/../lib/gcc/arm-none-eabi/7.3.1/../../../../arm-none-eabi/lib/thumb/v7e-m/fpv4-sp/hard\libc_nano.a(lib_a-memset.o)
                0x00000000080157b8                memset
 .text._free_r  0x00000000080157c8       0x9c c:/st/stm32cubeide_1.5.0/stm32cubeide/plugins/com.st.stm32cube.ide.mcu.externaltools.gnu-tools-for-stm32.7-2018-q2-update.win32_1.5.0.202011040924/tools/bin/../lib/gcc/arm-none-eabi/7.3.1/../../../../arm-none-eabi/lib/thumb/v7e-m/fpv4-sp/hard\libc_nano.a(lib_a-nano-freer.o)
                0x00000000080157c8                _free_r
 .text._malloc_r
                0x0000000008015864       0xb4 c:/st/stm32cubeide_1.5.0/stm32cubeide/plugins/com.st.stm32cube.ide.mcu.externaltools.gnu-tools-for-stm32.7-2018-q2-update.win32_1.5.0.202011040924/tools/bin/../lib/gcc/arm-none-eabi/7.3.1/../../../../arm-none-eabi/lib/thumb/v7e-m/fpv4-sp/hard\libc_nano.a(lib_a-nano-mallocr.o)
                0x0000000008015864                _malloc_r
 .text.__cvt    0x0000000008015918       0xc2 c:/st/stm32cubeide_1.5.0/stm32cubeide/plugins/com.st.stm32cube.ide.mcu.externaltools.gnu-tools-for-stm32.7-2018-q2-update.win32_1.5.0.202011040924/tools/bin/../lib/gcc/arm-none-eabi/7.3.1/../../../../arm-none-eabi/lib/thumb/v7e-m/fpv4-sp/hard\libc_nano.a(lib_a-nano-vfprintf_float.o)
                0x0000000008015918                __cvt
 .text.__exponent
                0x00000000080159da       0x66 c:/st/stm32cubeide_1.5.0/stm32cubeide/plugins/com.st.stm32cube.ide.mcu.externaltools.gnu-tools-for-stm32.7-2018-q2-update.win32_1.5.0.202011040924/tools/bin/../lib/gcc/arm-none-eabi/7.3.1/../../../../arm-none-eabi/lib/thumb/v7e-m/fpv4-sp/hard\libc_nano.a(lib_a-nano-vfprintf_float.o)
                0x00000000080159da                __exponent
 .text._printf_float
                0x0000000008015a40      0x480 c:/st/stm32cubeide_1.5.0/stm32cubeide/plugins/com.st.stm32cube.ide.mcu.externaltools.gnu-tools-for-stm32.7-2018-q2-update.win32_1.5.0.202011040924/tools/bin/../lib/gcc/arm-none-eabi/7.3.1/../../../../arm-none-eabi/lib/thumb/v7e-m/fpv4-sp/hard\libc_nano.a(lib_a-nano-vfprintf_float.o)
                0x0000000008015a40                _printf_float
 .text._printf_common
                0x0000000008015ec0       0xea c:/st/stm32cubeide_1.5.0/stm32cubeide/plugins/com.st.stm32cube.ide.mcu.externaltools.gnu-tools-for-stm32.7-2018-q2-update.win32_1.5.0.202011040924/tools/bin/../lib/gcc/arm-none-eabi/7.3.1/../../../../arm-none-eabi/lib/thumb/v7e-m/fpv4-sp/hard\libc_nano.a(lib_a-nano-vfprintf_i.o)
                0x0000000008015ec0                _printf_common
 *fill*         0x0000000008015faa        0x2 
 .text._printf_i
                0x0000000008015fac      0x224 c:/st/stm32cubeide_1.5.0/stm32cubeide/plugins/com.st.stm32cube.ide.mcu.externaltools.gnu-tools-for-stm32.7-2018-q2-update.win32_1.5.0.202011040924/tools/bin/../lib/gcc/arm-none-eabi/7.3.1/../../../../arm-none-eabi/lib/thumb/v7e-m/fpv4-sp/hard\libc_nano.a(lib_a-nano-vfprintf_i.o)
                0x0000000008015fac                _printf_i
 .text._scanf_float
                0x00000000080161d0      0x3c4 c:/st/stm32cubeide_1.5.0/stm32cubeide/plugins/com.st.stm32cube.ide.mcu.externaltools.gnu-tools-for-stm32.7-2018-q2-update.win32_1.5.0.202011040924/tools/bin/../lib/gcc/arm-none-eabi/7.3.1/../../../../arm-none-eabi/lib/thumb/v7e-m/fpv4-sp/hard\libc_nano.a(lib_a-nano-vfscanf_float.o)
                0x00000000080161d0                _scanf_float
 .text._sbrk_r  0x0000000008016594       0x20 c:/st/stm32cubeide_1.5.0/stm32cubeide/plugins/com.st.stm32cube.ide.mcu.externaltools.gnu-tools-for-stm32.7-2018-q2-update.win32_1.5.0.202011040924/tools/bin/../lib/gcc/arm-none-eabi/7.3.1/../../../../arm-none-eabi/lib/thumb/v7e-m/fpv4-sp/hard\libc_nano.a(lib_a-sbrkr.o)
                0x0000000008016594                _sbrk_r
 .text.nanf     0x00000000080165b4        0xc c:/st/stm32cubeide_1.5.0/stm32cubeide/plugins/com.st.stm32cube.ide.mcu.externaltools.gnu-tools-for-stm32.7-2018-q2-update.win32_1.5.0.202011040924/tools/bin/../lib/gcc/arm-none-eabi/7.3.1/../../../../arm-none-eabi/lib/thumb/v7e-m/fpv4-sp/hard\libc_nano.a(lib_a-sf_nan.o)
                0x00000000080165b4                nanf
 .text.snprintf
                0x00000000080165c0       0x68 c:/st/stm32cubeide_1.5.0/stm32cubeide/plugins/com.st.stm32cube.ide.mcu.externaltools.gnu-tools-for-stm32.7-2018-q2-update.win32_1.5.0.202011040924/tools/bin/../lib/gcc/arm-none-eabi/7.3.1/../../../../arm-none-eabi/lib/thumb/v7e-m/fpv4-sp/hard\libc_nano.a(lib_a-snprintf.o)
                0x00000000080165c0                sniprintf
                0x00000000080165c0                snprintf