modbus_handler.cpp:3:1:modbus_handler::modbus_handler()	16	static
modbus_handler.cpp:7:6:void modbus_handler::begin(uint16_t, uint16_t)	16	static
modbus_handler.cpp:15:6:void modbus_handler::request_packet_handler(uint8_t*, int)	48	static
modbus_handler.cpp:33:6:void modbus_handler::receive_handler(UART_HandleTypeDef*)	16	static
modbus_handler.cpp:54:6:void modbus_handler::package_data()	32	static
modbus_handler.cpp:89:6:void modbus_handler::timeout_handler()	16	static
modbus_handler.cpp:114:22:void __static_initialization_and_destruction_0(int, int)	16	static
modbus_handler.cpp:114:22:cpp)	8	static
