modbus_handler.cpp:3:1:modbus_handler::modbus_handler()	16	static
modbus_handler.cpp:7:6:void modbus_handler::begin(uint16_t, uint16_t)	16	static
modbus_handler.cpp:15:6:void modbus_handler::request_packet_handler(uint8_t*, int)	48	static
modbus_handler.cpp:35:6:void modbus_handler::receive_handler(UART_HandleTypeDef*)	16	static
modbus_handler.cpp:59:6:void modbus_handler::package_data()	32	static
modbus_handler.cpp:95:6:void modbus_handler::timeout_handler()	16	static
modbus_handler.cpp:117:6:void modbus_handler::next_request()	16	static
modbus_handler.cpp:126:6:void modbus_timeout()	8	static
modbus_handler.cpp:139:22:void __static_initialization_and_destruction_0(int, int)	16	static
modbus_handler.cpp:139:22:cpp)	8	static
