--------------------------------------------------------------------------------------
Timing Analyzer Summary
--------------------------------------------------------------------------------------

Type           : Worst-case tsu
Slack          : N/A
Required Time  : None
Actual Time    : 6.546 ns
From           : PULSE_WR
To             : dda_module:inst|test:inst|acc[7]
From Clock     : --
To Clock       : CLK
Failed Paths   : 0

Type           : Worst-case tco
Slack          : N/A
Required Time  : None
Actual Time    : 22.928 ns
From           : 74373b:inst1|13
To             : Data[11]
From Clock     : NADV
To Clock       : --
Failed Paths   : 0

Type           : Worst-case tpd
Slack          : N/A
Required Time  : None
Actual Time    : 18.364 ns
From           : NOE
To             : Data[12]
From Clock     : --
To Clock       : --
Failed Paths   : 0

Type           : Worst-case th
Slack          : N/A
Required Time  : None
Actual Time    : 9.602 ns
From           : Data[1]
To             : dda_module:inst|74373b:inst20|13
From Clock     : --
To Clock       : NADV
Failed Paths   : 0

Type           : Clock Setup: 'CLK'
Slack          : N/A
Required Time  : None
Actual Time    : 58.16 MHz ( period = 17.194 ns )
From           : encoder:inst14|enc_filter:inst|inst12
To             : encoder:inst14|encoder_counter:inst1|lpm_counter_enc:inst5|lpm_counter:lpm_counter_component|cntr_r2h:auto_generated|safe_q[26]
From Clock     : CLK
To Clock       : CLK
Failed Paths   : 0

Type           : Total number of failed paths
Slack          : 
Required Time  : 
Actual Time    : 
From           : 
To             : 
From Clock     : 
To Clock       : 
Failed Paths   : 0

--------------------------------------------------------------------------------------

